runtime.version:v8.14.0
appmetrics.version:4.0.1.201811251414
agentcore.version:
runtime.name:Node.js
heap.size.limit:1501560832
max.semi.space.size:16777216
max.old.space.size:1468006400
max.heap.size:1501560832
command.line.arguments:--prof@@@--logfile
environment.MONITORING_SERVER_TYPE:BAM
environment.ITCAM_DC_ENABLED:true
environment.KNJ_LOG_LEVEL:INFO
environment.INIT_CWD:/opt/marketplace-server
environment.npm_config_json:
environment.npm_package_dependencies_pg:7.4.3
environment.npm_config_optional:true
environment.npm_config_git:git
environment.npm_package_devDependencies_npm_run_all:^4.0.1
environment.npm_package_devDependencies__types_csv_parse:^1.1.11
environment.npm_package_dependencies_update:^0.7.4
environment.npm_package_dependencies_export_to_csv:^0.1.2
environment.npm_config_searchexclude:
environment.npm_config_init_author_email:
environment.npm_config_group:33
environment.npm_package_dependencies_jsonwebtoken:^8.1.1
environment.npm_config_scripts_prepend_node_path:warn-only
environment.npm_config_save_prefix:^
environment.npm_config_node_options:
environment.npm_package_devDependencies_tslint_eslint_rules:^4.1.1
environment.npm_package_devDependencies__types_redis:^2.8.6
environment.npm_package_dependencies_cookie_parser:^1.4.3
environment.npm_config_searchstaleness:900
environment.npm_config_cache_lock_retries:10
environment.PWD:/opt/marketplace-server
environment.npm_config_init_module:/home/ubuntu/.npm-init.js
environment.npm_config_parseable:
environment.npm_config_globalconfig:/usr/etc/npmrc
environment.npm_config_dev:
environment.npm_package_devDependencies__types_expect:^1.20.3
environment.npm_config_strict_ssl:true
environment.npm_config_save_exact:
environment.npm_config_fetch_retry_factor:10
environment.npm_package_license:ISC
environment.npm_config_shrinkwrap:true
environment.npm_config_commit_hooks:true
environment.npm_config_script_shell:
environment.npm_config_git_tag_version:true
environment.npm_package_dependencies_source_map_support:^0.5.4
environment.npm_config_tag:latest
environment.npm_package_dependencies_hot_shots:^5.9.1
environment.npm_config_node_version:8.14.0
environment.npm_config_auth_type:legacy
environment.npm_package_author:
environment.npm_package_dependencies_nodemon:^1.18.8
environment.npm_config_update_notifier:true
environment.npm_config_unsafe_perm:true
environment.npm_config_searchlimit:20
environment.npm_config_production:
environment.npm_config_long:
environment.npm_config_argv:{"remain":[],"cooked":["run","start"],"original":["run","start"]}
environment.npm_package_scripts_build:npm-run-all clean lint transpile
environment.npm_package_dependencies_uuid:^3.2.1
environment.npm_lifecycle_event:start
environment.npm_config_unicode:true
environment.npm_config_save:true
environment.npm_config_also:
environment.npm_config_access:
environment.npm_package_repository_url:git+https://github.com/kinfoundation/marketplace-server.git
environment.npm_package_version:1.0.0
environment.SHELL:/bin/bash
environment.npm_config_global:
environment.npm_config_link:
environment.npm_config_cert:
environment.npm_config_ca:
environment.npm_package_scripts_test:jest --forceExit --runInBand --detectOpenHandles
environment.npm_package_dependencies_body_parser:^1.18.2
environment.npm_config_message:%s
environment.npm_lifecycle_script:nodemon --prof scripts/bin/public/index
environment.npm_config_logs_max:10
environment.npm_config_loglevel:notice
environment.npm_config_fetch_retry_maxtimeout:60000
environment.npm_package_gitHead:2bc74f860a38ac6ddfffd803bbebd7815ed16550
environment.npm_package_devDependencies_supertest:^3.0.0
environment.npm_package_devDependencies__types_jsonwebtoken:^7.2.5
environment.npm_package_devDependencies__kinecosystem_kin_js:^1.0.6
environment.npm_package_main:index.js
environment.npm_config_umask:0022
environment.npm_package_dependencies_winston:^2.4.0
environment.LANG:C.UTF-8
environment.npm_config_sso_poll_frequency:500
environment.npm_config_offline:
environment.npm_config_maxsockets:50
environment.npm_config_fetch_retry_mintimeout:10000
environment.npm_package_dependencies_express_http_context:^1.2.0
environment.npm_config_sign_git_commit:
environment.npm_config_color:true
environment.npm_package_dependencies_typeorm:^0.1.12
environment.npm_execpath:/usr/lib/node_modules/npm/bin/npm-cli.js
environment.NODE:/usr/bin/node
environment.npm_package_dependencies_redis_mock:^0.21.0
environment.npm_package_repository_type:git
environment.npm_package_name:marketplace-server
environment.INVOCATION_ID:3d264b5a22bc43b586e7d74ebc419f84
environment.PATH:/opt/marketplace-server/node_modules/.bin:/usr/lib/node_modules/npm/node_modules/npm-lifecycle/node-gyp-bin:/opt/marketplace-server/node_modules/.bin:/usr/local/sbin:/usr/local/bin:/usr/sbin:/usr/bin:/sbin:/bin
environment.npm_config_node_gyp:/usr/lib/node_modules/npm/node_modules/node-gyp/bin/node-gyp.js
environment.npm_config_viewer:man
environment.npm_config_local_address:
environment.npm_package_dependencies_axios:^0.18.0
environment.npm_config_version:
environment.npm_config_ignore_scripts:
environment.npm_config_global_style:
environment.npm_package_scripts_start:nodemon --prof scripts/bin/public/index
environment.npm_config_send_metrics:
environment.npm_config_proxy:
environment.npm_config_cache:/home/ubuntu/.npm
environment.npm_package_scripts_test_system:node scripts/bin/mock_client
environment.npm_package_scripts_manage_db_data:node scripts/bin/manage_db_data
environment.npm_package_dependencies_axios_retry:^3.1.1
environment.npm_config_versions:
environment.npm_config_searchopts:
environment.npm_config_save_optional:
environment.npm_config_registry:https://registry.npmjs.org/
environment.npm_config_ignore_prepublish:
environment.npm_config_cache_lock_wait:10000
environment.npm_config_browser:
environment.npm_config_scope:
environment.npm_package_scripts_lint:tslint -p ./scripts
environment.npm_package_devDependencies__types_uuid:^3.4.4
environment.npm_package_dependencies_redlock:^3.1.2
environment.npm_config_prefix:/usr
environment.npm_config_dry_run:
environment.npm_package_devDependencies_ts_jest:^23.10.4
environment.npm_package_devDependencies__types_jest:^23.3.5
environment.npm_package_dependencies_express:^4.16.2
environment.JOURNAL_STREAM:9:2683896
environment.npm_config_shell:/bin/bash
environment.npm_config_save_bundle:
environment.npm_config_rebuild_bundle:true
environment.npm_package_scripts_clean:rimraf scripts/bin
environment.npm_package_devDependencies__types_sequelize:^4.27.4
environment.npm_package_devDependencies__types_body_parser:^1.16.8
environment.LOGNAME:ubuntu
environment.npm_config_sso_type:oauth
environment.npm_config_onload_script:
environment.npm_config_cidr:
environment.npm_config_audit:true
environment.npm_package_jest_setupFiles_0:./tests/src/init_tests.js
environment.npm_package_dependencies_pg_hstore:2.3.2
environment.npm_config_save_prod:
environment.npm_config_https_proxy:
environment.npm_config_progress:true
environment.npm_config_package_lock:true
environment.npm_config_otp:
environment.npm_config_cafile:
environment.npm_config_metrics_registry:https://registry.npmjs.org/
environment.npm_package_homepage:https://github.com/kinfoundation/marketplace-server#readme
environment.npm_package_readmeFilename:README.md
environment.npm_package_devDependencies__types_stellar_sdk:^0.10.4
environment.npm_package_dependencies_express_async_errors:^2.1.2
environment.npm_package_dependencies_argparse:^1.0.10
environment.npm_config_usage:
environment.npm_config_save_dev:
environment.npm_config_package_lock_only:
environment.npm_config_depth:Infinity
environment.npm_package_jest_testMatch_0:**/tests/src/**.(spec.ts)
environment.npm_package_devDependencies_typescript:^2.8
environment.npm_package_description:![](https://travis-ci.org/kinfoundation/marketplace-server.svg?branch
environment.npm_config_tmp:/tmp
environment.npm_config_preid:
environment.npm_config_init_author_url:
environment.npm_config_init_author_name:
environment.npm_config_engine_strict:
environment.npm_package_scripts_start_admin:nodemon scripts/bin/admin/index
environment.npm_package_dependencies_to:^0.2.9
environment.npm_package_dependencies_moment:^2.20.1
environment.npm_package_dependencies_express_bearer_token:^2.1.1
environment.npm_config_userconfig:/home/ubuntu/.npmrc
environment.npm_config_timing:
environment.npm_config_cache_max:Infinity
environment.npm_package_scripts_transpile:tsc -p scripts
environment.npm_package_devDependencies_rimraf:2.6.1
environment.npm_package_devDependencies__types_redis_mock:^0.17.0
environment.npm_package_dependencies_reflect_metadata:^0.1.12
environment.npm_config_tag_version_prefix:v
environment.npm_config_rollback:true
environment.npm_config_editor:vi
environment.npm_package_dependencies_csv_parse:^2.0.4
environment.npm_config_init_license:ISC
environment.npm_config_cache_min:10
environment.npm_config_read_only:
environment.npm_config_only:
environment.npm_package_dependencies_redis:^2.8.0
environment.npm_config_force:
environment.npm_package_devDependencies__types_redlock:^3.0.1
environment.npm_package_dependencies_appmetrics:^4.0.1
environment.HOME:/home/ubuntu
environment.npm_config_noproxy:
environment.npm_config_prefer_online:
environment.npm_package_jest_transform_______ts_tsx__:<rootDir>/tests/preprocessor.js
environment.npm_package_jest_moduleFileExtensions_2:js
environment.npm_package_scripts_transpile_tests:tsc -p tests
environment.npm_package_devDependencies__types_express:^4.11.0
environment.npm_node_execpath:/usr/bin/node
environment.npm_config_user:
environment.npm_config_init_version:1.0.0
environment.npm_config_if_present:
environment.npm_config_heading:npm
environment.npm_config_fetch_retries:2
environment.npm_config_description:true
environment.npm_config_allow_same_version:
environment.npm_package_jest_moduleFileExtensions_1:tsx
environment.npm_config_key:
environment.npm_config_bin_links:true
environment.npm_package_bugs_url:https://github.com/kinfoundation/marketplace-server/issues
environment.npm_package_jest_moduleFileExtensions_0:ts
environment.npm_config_always_auth:
environment.npm_config_user_agent:npm/6.4.1 node/v8.14.0 linux x64
environment.npm_package_devDependencies_jest:^23.6.0
environment.npm_package_devDependencies__types_argparse:^1.0.35
environment.USER:ubuntu
environment.npm_config_sign_git_tag:
environment.npm_config_legacy_bundling:
environment.npm_config_ham_it_up:
environment.npm_config_cache_lock_stale:60000
environment.npm_package_scripts_restart:npm-run-all build start
environment.npm_package_scripts_start_internal:nodemon scripts/bin/internal/index
environment.npm_package_devDependencies_tslint:^5.9.1
environment.npm_package_devDependencies_sqlite3:^4.0.4
environment.npm_package_devDependencies__types_supertest:^2.0.4
environment.HOSTNAME:ip-10-0-5-22
os.arch:x86_64
os.name:Linux
os.version:4.15.0-1021-aws#21-Ubuntu SMP Tue Aug 28 10:23:07 UTC 2018
pid:19169
native.library.date:Nov 25 2018 14:14:39
jar.version:
number.of.processors:2
command.line:/usr/bin/node --prof --logfile
:undefined
environment.npm_config_audit_level:low
environment.npm_config_prefer_offline:
environment.npm_config_globalignorefile:/usr/etc/npmignore
1545817274162 GC { size: 37163008bytes used: 20186728bytes duration: 15ms }
1545817274714 GC { size: 41881600bytes used: 24888520bytes duration: 9ms }
1545817274976 GC { size: 62853120bytes used: 29704168bytes duration: 10ms }
1545817275151 GC { size: 63377408bytes used: 36022920bytes duration: 0ms }
1545817275168 GC { size: 64897024bytes used: 29241088bytes duration: 15ms }
1545817275433 GC { size: 66994176bytes used: 40839040bytes duration: 13ms }
runtime.version:v8.14.0
appmetrics.version:4.0.1.201811251414
agentcore.version:
runtime.name:Node.js
heap.size.limit:1501560832
max.semi.space.size:16777216
max.old.space.size:1468006400
max.heap.size:1501560832
command.line.arguments:--prof@@@--logfile
environment.MONITORING_SERVER_TYPE:BAM
environment.ITCAM_DC_ENABLED:true
environment.KNJ_LOG_LEVEL:INFO
environment.INIT_CWD:/opt/marketplace-server
environment.npm_config_json:
environment.npm_package_dependencies_pg:7.4.3
environment.npm_config_optional:true
environment.npm_config_git:git
environment.npm_package_devDependencies_npm_run_all:^4.0.1
environment.npm_package_devDependencies__types_csv_parse:^1.1.11
environment.npm_package_dependencies_update:^0.7.4
environment.npm_package_dependencies_export_to_csv:^0.1.2
environment.npm_config_searchexclude:
environment.npm_config_init_author_email:
environment.npm_config_group:33
environment.npm_package_dependencies_jsonwebtoken:^8.1.1
environment.npm_config_scripts_prepend_node_path:warn-only
environment.npm_config_save_prefix:^
environment.npm_config_node_options:
environment.npm_package_devDependencies_tslint_eslint_rules:^4.1.1
environment.npm_package_devDependencies__types_redis:^2.8.6
environment.npm_package_dependencies_cookie_parser:^1.4.3
environment.npm_config_searchstaleness:900
environment.npm_config_cache_lock_retries:10
environment.PWD:/opt/marketplace-server
environment.npm_config_init_module:/home/ubuntu/.npm-init.js
environment.npm_config_globalconfig:/usr/etc/npmrc
environment.npm_config_dev:
environment.npm_package_devDependencies__types_expect:^1.20.3
environment.npm_config_strict_ssl:true
environment.npm_config_save_exact:
environment.npm_config_fetch_retry_factor:10
environment.npm_package_license:ISC
environment.npm_config_shrinkwrap:true
environment.npm_config_script_shell:
environment.npm_config_commit_hooks:true
environment.npm_config_git_tag_version:true
environment.npm_package_dependencies_source_map_support:^0.5.4
environment.npm_package_dependencies_hot_shots:^5.9.1
environment.npm_config_tag:latest
environment.npm_config_node_version:8.14.0
environment.npm_config_auth_type:legacy
environment.npm_package_author:
environment.npm_package_dependencies_nodemon:^1.18.8
environment.npm_config_update_notifier:true
environment.npm_config_unsafe_perm:true
environment.npm_config_searchlimit:20
environment.npm_config_production:
environment.npm_config_long:
environment.npm_config_argv:{"remain":[],"cooked":["run","start"],"original":["run","start"]}
environment.npm_package_scripts_build:npm-run-all clean lint transpile
environment.npm_package_dependencies_uuid:^3.2.1
environment.npm_lifecycle_event:start
environment.npm_config_unicode:true
environment.npm_config_save:true
environment.npm_config_also:
environment.npm_config_access:
environment.npm_package_repository_url:git+https://github.com/kinfoundation/marketplace-server.git
environment.npm_package_version:1.0.0
environment.SHELL:/bin/bash
environment.npm_config_link:
environment.npm_config_global:
environment.npm_config_cert:
environment.npm_config_ca:
environment.npm_package_scripts_test:jest --forceExit --runInBand --detectOpenHandles
environment.npm_package_dependencies_body_parser:^1.18.2
environment.npm_lifecycle_script:nodemon --prof scripts/bin/public/index
environment.npm_config_message:%s
environment.npm_config_logs_max:10
environment.npm_config_loglevel:notice
environment.npm_config_fetch_retry_maxtimeout:60000
environment.npm_package_gitHead:2bc74f860a38ac6ddfffd803bbebd7815ed16550
environment.npm_package_devDependencies_supertest:^3.0.0
environment.npm_package_devDependencies__types_jsonwebtoken:^7.2.5
environment.npm_package_devDependencies__kinecosystem_kin_js:^1.0.6
environment.npm_package_main:index.js
environment.npm_config_umask:0022
environment.npm_package_dependencies_winston:^2.4.0
environment.LANG:C.UTF-8
environment.npm_config_sso_poll_frequency:500
environment.npm_config_offline:
environment.npm_config_maxsockets:50
environment.npm_config_fetch_retry_mintimeout:10000
environment.npm_package_dependencies_express_http_context:^1.2.0
environment.npm_config_sign_git_commit:
environment.npm_config_color:true
environment.npm_package_dependencies_typeorm:^0.1.12
environment.NODE:/usr/bin/node
environment.npm_execpath:/usr/lib/node_modules/npm/bin/npm-cli.js
environment.npm_config_globalignorefile:/usr/etc/npmignore
environment.npm_config_audit_level:low
environment.npm_package_dependencies_redis_mock:^0.21.0
environment.npm_package_repository_type:git
environment.npm_package_name:marketplace-server
environment.INVOCATION_ID:3d264b5a22bc43b586e7d74ebc419f84
environment.PATH:/opt/marketplace-server/node_modules/.bin:/usr/lib/node_modules/npm/node_modules/npm-lifecycle/node-gyp-bin:/opt/marketplace-server/node_modules/.bin:/usr/local/sbin:/usr/local/bin:/usr/sbin:/usr/bin:/sbin:/bin
environment.npm_config_viewer:man
environment.npm_config_node_gyp:/usr/lib/node_modules/npm/node_modules/node-gyp/bin/node-gyp.js
environment.npm_config_local_address:
environment.npm_package_dependencies_axios:^0.18.0
environment.npm_config_version:
environment.npm_config_ignore_scripts:
environment.npm_config_global_style:
environment.npm_package_scripts_start:nodemon --prof scripts/bin/public/index
environment.npm_config_send_metrics:
environment.npm_config_proxy:
environment.npm_config_cache:/home/ubuntu/.npm
environment.npm_package_scripts_test_system:node scripts/bin/mock_client
environment.npm_package_scripts_manage_db_data:node scripts/bin/manage_db_data
environment.npm_package_dependencies_axios_retry:^3.1.1
environment.npm_config_versions:
environment.npm_config_searchopts:
environment.npm_config_save_optional:
environment.npm_config_registry:https://registry.npmjs.org/
environment.npm_config_cache_lock_wait:10000
environment.npm_config_ignore_prepublish:
environment.npm_config_browser:
environment.npm_config_scope:
environment.npm_package_scripts_lint:tslint -p ./scripts
environment.npm_package_devDependencies__types_uuid:^3.4.4
environment.npm_config_prefix:/usr
environment.npm_package_dependencies_redlock:^3.1.2
environment.npm_config_dry_run:
environment.npm_package_devDependencies_ts_jest:^23.10.4
environment.npm_package_devDependencies__types_jest:^23.3.5
environment.npm_package_dependencies_express:^4.16.2
environment.JOURNAL_STREAM:9:2683896
environment.npm_config_shell:/bin/bash
environment.npm_config_save_bundle:
environment.npm_config_rebuild_bundle:true
environment.npm_package_scripts_clean:rimraf scripts/bin
environment.npm_package_devDependencies__types_sequelize:^4.27.4
environment.npm_package_devDependencies__types_body_parser:^1.16.8
environment.LOGNAME:ubuntu
environment.npm_config_sso_type:oauth
environment.npm_config_onload_script:
environment.npm_config_cidr:
environment.npm_config_audit:true
environment.npm_package_jest_setupFiles_0:./tests/src/init_tests.js
environment.npm_package_dependencies_pg_hstore:2.3.2
environment.npm_config_save_prod:
environment.npm_config_https_proxy:
environment.npm_config_progress:true
environment.npm_config_package_lock:true
environment.npm_config_otp:
environment.npm_config_cafile:
environment.npm_config_metrics_registry:https://registry.npmjs.org/
environment.npm_package_homepage:https://github.com/kinfoundation/marketplace-server#readme
environment.npm_package_readmeFilename:README.md
environment.npm_package_devDependencies__types_stellar_sdk:^0.10.4
environment.npm_package_dependencies_express_async_errors:^2.1.2
environment.npm_package_dependencies_argparse:^1.0.10
environment.npm_config_usage:
environment.npm_config_save_dev:
environment.npm_config_package_lock_only:
environment.npm_config_depth:Infinity
environment.npm_package_jest_testMatch_0:**/tests/src/**.(spec.ts)
environment.npm_package_devDependencies_typescript:^2.8
environment.npm_package_description:![](https://travis-ci.org/kinfoundation/marketplace-server.svg?branch
environment.npm_config_tmp:/tmp
environment.npm_config_preid:
environment.npm_config_init_author_url:
environment.npm_config_init_author_name:
environment.npm_config_engine_strict:
environment.npm_package_scripts_start_admin:nodemon scripts/bin/admin/index
environment.npm_package_dependencies_moment:^2.20.1
environment.npm_package_dependencies_to:^0.2.9
environment.npm_package_dependencies_express_bearer_token:^2.1.1
environment.npm_config_userconfig:/home/ubuntu/.npmrc
environment.npm_config_timing:
environment.npm_config_cache_max:Infinity
environment.npm_package_scripts_transpile:tsc -p scripts
environment.npm_package_devDependencies_rimraf:2.6.1
environment.npm_package_devDependencies__types_redis_mock:^0.17.0
environment.npm_package_dependencies_reflect_metadata:^0.1.12
environment.npm_config_tag_version_prefix:v
environment.npm_config_rollback:true
environment.npm_config_editor:vi
environment.npm_package_dependencies_csv_parse:^2.0.4
environment.npm_config_init_license:ISC
environment.npm_config_cache_min:10
environment.npm_config_read_only:
environment.npm_config_only:
environment.npm_package_dependencies_redis:^2.8.0
environment.npm_config_force:
environment.npm_package_devDependencies__types_redlock:^3.0.1
environment.npm_package_dependencies_appmetrics:^4.0.1
environment.HOME:/home/ubuntu
environment.npm_config_noproxy:
environment.npm_config_prefer_online:
environment.npm_package_jest_transform_______ts_tsx__:<rootDir>/tests/preprocessor.js
environment.npm_package_jest_moduleFileExtensions_2:js
environment.npm_package_scripts_transpile_tests:tsc -p tests
environment.npm_package_devDependencies__types_express:^4.11.0
environment.npm_node_execpath:/usr/bin/node
environment.npm_config_user:
environment.npm_config_init_version:1.0.0
environment.npm_config_if_present:
environment.npm_config_heading:npm
environment.npm_config_fetch_retries:2
environment.npm_config_description:true
environment.npm_config_allow_same_version:
environment.npm_package_jest_moduleFileExtensions_1:tsx
environment.npm_config_key:
environment.npm_config_bin_links:true
environment.npm_package_jest_moduleFileExtensions_0:ts
environment.npm_package_bugs_url:https://github.com/kinfoundation/marketplace-server/issues
environment.npm_config_always_auth:
environment.npm_config_user_agent:npm/6.4.1 node/v8.14.0 linux x64
environment.npm_package_devDependencies_jest:^23.6.0
environment.npm_package_devDependencies__types_argparse:^1.0.35
environment.USER:ubuntu
environment.npm_config_sign_git_tag:
environment.npm_config_legacy_bundling:
environment.npm_config_ham_it_up:
environment.npm_config_prefer_offline:
environment.npm_config_parseable:
environment.npm_package_scripts_start_internal:nodemon scripts/bin/internal/index
environment.npm_package_devDependencies_tslint:^5.9.1
environment.npm_package_devDependencies_sqlite3:^4.0.4
environment.npm_package_devDependencies__types_supertest:^2.0.4
environment.HOSTNAME:ip-10-0-5-22
os.arch:x86_64
os.name:Linux
os.version:4.15.0-1021-aws#21-Ubuntu SMP Tue Aug 28 10:23:07 UTC 2018
pid:19174
native.library.date:Nov 25 2018 14:14:39
jar.version:
command.line:/usr/bin/node --prof --logfile
number.of.processors:2
:undefined
environment.npm_config_cache_lock_stale:60000
environment.npm_package_scripts_restart:npm-run-all build start
1545817276315 eventloop { min: 0.050953ms max: 1.835712ms avg: 0.296785125ms} 
1545817277595 eventloop { min: 0.046827ms max: 1.651486ms avg: 0.39204279999999997ms} 
1545817277714 eventloop { min: 0.050463ms max: 1.904904ms avg: 0.43689360000000005ms} 
loop { count: 50 minimum: 0.000134ms maximum: 22.3495ms average: 0.473844ms }
loop { count: 45 minimum: 0.000128ms maximum: 0.35428ms average: 0.0339751ms }
loop { count: 56 minimum: 0.000127ms maximum: 0.61593ms average: 0.0515777ms }
1545817281315 eventloop { min: 0.049155ms max: 0.082057ms avg: 0.059877599999999996ms} 
loop { count: 44 minimum: 0.000119ms maximum: 0.224598ms average: 0.0352103ms }
1545817282595 eventloop { min: 0.046378ms max: 0.055363ms avg: 0.04995540000000001ms} 
1545817282715 eventloop { min: 0.046786ms max: 0.072908ms avg: 0.053311ms} 
loop { count: 44 minimum: 0.000124ms maximum: 0.229722ms average: 0.034645ms }
loop { count: 44 minimum: 0.000119ms maximum: 0.192445ms average: 0.0315112ms }
1545817286316 eventloop { min: 0.048377ms max: 0.10607ms avg: 0.0624408ms} 
1545817287594 eventloop { min: 0.045536ms max: 0.070015ms avg: 0.05553709999999999ms} 
1545817287714 eventloop { min: 0.046882ms max: 15.767603ms avg: 1.6246918000000001ms} 
loop { count: 57 minimum: 0.000118ms maximum: 0.172884ms average: 0.0218666ms }
1545817288454 GC { size: 65945600bytes used: 45354544bytes duration: 0ms }
1545817288473 GC { size: 68042752bytes used: 31590648bytes duration: 18ms }
1545817289496 GC { size: 36585472bytes used: 31598848bytes duration: 0ms }
1545817289500 GC { size: 43925504bytes used: 31483112bytes duration: 3ms }
loop { count: 51 minimum: 0.000126ms maximum: 1.02471ms average: 0.0536701ms }
loop { count: 63 minimum: 0.000118ms maximum: 0.940192ms average: 0.0402402ms }
1545817291315 eventloop { min: 0.048633ms max: 0.178108ms avg: 0.083397ms} 
loop { count: 61 minimum: 0.000124ms maximum: 0.484086ms average: 0.0352806ms }
1545817291049 GC { size: 80101376bytes used: 44128224bytes duration: 10ms }
1545817291064 GC { size: 60702720bytes used: 44894880bytes duration: 3ms }
1545817291117 GC { size: 60702720bytes used: 45758272bytes duration: 1ms }
1545817291649 GC { size: 60702720bytes used: 46741200bytes duration: 0ms }
1545817291652 GC { size: 60702720bytes used: 34201664bytes duration: 2ms }
1545817290177 GC { size: 80101376bytes used: 43974352bytes duration: 9ms }
1545817290210 GC { size: 60178432bytes used: 44237752bytes duration: 2ms }
1545817291496 GC { size: 60178432bytes used: 49584584bytes duration: 0ms }
1545817291499 GC { size: 59129856bytes used: 33789184bytes duration: 2ms }
1545817292595 eventloop { min: 0.044209ms max: 44.122957ms avg: 4.4847835ms} 
1545817292715 eventloop { min: 0.033993ms max: 0.163825ms avg: 0.0741549ms} 
1545817292684 GC { size: 49168384bytes used: 34263312bytes duration: 0ms }
1545817292702 GC { size: 42876928bytes used: 33880256bytes duration: 18ms }
1545817293234 GC { size: 41304064bytes used: 34273080bytes duration: 0ms }
1545817293248 GC { size: 41304064bytes used: 34460112bytes duration: 6ms }
1545817293254 GC { size: 41304064bytes used: 34511120bytes duration: 0ms }
1545817293257 GC { size: 41304064bytes used: 35244504bytes duration: 1ms }
1545817293273 GC { size: 43401216bytes used: 34822984bytes duration: 13ms }
1545817293293 GC { size: 43401216bytes used: 35698048bytes duration: 8ms }
1545817293301 GC { size: 43401216bytes used: 35735024bytes duration: 1ms }
1545817293333 GC { size: 43401216bytes used: 36085720bytes duration: 2ms }
loop { count: 139 minimum: 0.00012ms maximum: 0.285549ms average: 0.0225485ms }
1545817292492 GC { size: 51265536bytes used: 34505376bytes duration: 0ms }
1545817292531 GC { size: 51265536bytes used: 34777904bytes duration: 0ms }
1545817292543 GC { size: 42876928bytes used: 33968056bytes duration: 11ms }
1545817293591 GC { size: 39731200bytes used: 34168712bytes duration: 0ms }
1545817293607 GC { size: 40255488bytes used: 32877336bytes duration: 16ms }
loop { count: 112 minimum: 0.000111ms maximum: 1.52714ms average: 0.0349185ms }
1545817295085 GC { size: 48644096bytes used: 36462688bytes duration: 1ms }
1545817295101 GC { size: 48644096bytes used: 37143672bytes duration: 1ms }
1545817295161 GC { size: 49692672bytes used: 37861968bytes duration: 1ms }
1545817296316 eventloop { min: 0.046806ms max: 0.090189ms avg: 0.056366000000000006ms} 
1545817297595 eventloop { min: 0.033956ms max: 0.082325ms avg: 0.0518318ms} 
1545817297715 eventloop { min: 0.044408ms max: 0.93398ms avg: 0.1400582ms} 
loop { count: 76 minimum: 0.00012ms maximum: 0.132159ms average: 0.0149455ms }
1545817297343 GC { size: 49692672bytes used: 38380720bytes duration: 2ms }
1545817297364 GC { size: 50216960bytes used: 39513536bytes duration: 2ms }
1545817297396 GC { size: 50216960bytes used: 39658824bytes duration: 0ms }
1545817297399 GC { size: 58605568bytes used: 33585832bytes duration: 2ms }
1545817298266 GC { size: 58605568bytes used: 35616688bytes duration: 3ms }
1545817299379 GC { size: 58605568bytes used: 36707424bytes duration: 3ms }
loop { count: 147 minimum: 0.000119ms maximum: 0.153857ms average: 0.0131976ms }
1545817298413 GC { size: 40255488bytes used: 33272392bytes duration: 0ms }
1545817298434 GC { size: 40255488bytes used: 33503640bytes duration: 0ms }
1545817298446 GC { size: 42876928bytes used: 33644024bytes duration: 2ms }
1545817298455 GC { size: 40779776bytes used: 33695128bytes duration: 0ms }
1545817298464 GC { size: 40779776bytes used: 34423192bytes duration: 2ms }
1545817298474 GC { size: 42876928bytes used: 33992144bytes duration: 0ms }
1545817298495 GC { size: 42876928bytes used: 34889712bytes duration: 1ms }
1545817298510 GC { size: 42876928bytes used: 34890520bytes duration: 0ms }
1545817298540 GC { size: 44449792bytes used: 35251304bytes duration: 1ms }
loop { count: 95 minimum: 0.000111ms maximum: 0.140733ms average: 0.020887ms }
1545817301316 eventloop { min: 0.044439ms max: 0.057517ms avg: 0.0500674ms} 
loop { count: 115 minimum: 0.000105ms maximum: 0.135727ms average: 0.011756ms }
1545817300084 GC { size: 58605568bytes used: 37963248bytes duration: 3ms }
1545817301282 GC { size: 59129856bytes used: 39932424bytes duration: 4ms }
1545817301426 GC { size: 60178432bytes used: 41191560bytes duration: 4ms }
1545817300784 GC { size: 48644096bytes used: 35594616bytes duration: 1ms }
1545817300812 GC { size: 48644096bytes used: 36141128bytes duration: 1ms }
1545817300830 GC { size: 48644096bytes used: 37438184bytes duration: 2ms }
1545817301513 GC { size: 49692672bytes used: 37580320bytes duration: 2ms }
1545817301530 GC { size: 50216960bytes used: 38229936bytes duration: 1ms }
1545817301560 GC { size: 50216960bytes used: 39383968bytes duration: 0ms }
1545817301563 GC { size: 58605568bytes used: 33465624bytes duration: 2ms }
1545817302594 eventloop { min: 0.041606ms max: 38.803152ms avg: 3.9736895999999993ms} 
1545817302714 eventloop { min: 0.030866ms max: 0.089319ms avg: 0.050833300000000005ms} 
1545817302366 GC { size: 78004224bytes used: 42213144bytes duration: 3ms }
1545817302395 GC { size: 78004224bytes used: 42846304bytes duration: 0ms }
1545817302398 GC { size: 78004224bytes used: 33738448bytes duration: 3ms }
1545817303453 GC { size: 78528512bytes used: 37080736bytes duration: 14ms }
loop { count: 220 minimum: 0.000124ms maximum: 0.149136ms average: 0.0113635ms }
1545817302207 GC { size: 59129856bytes used: 35548728bytes duration: 3ms }
loop { count: 167 minimum: 0.00012ms maximum: 2.22651ms average: 0.0280233ms }
1545817304589 GC { size: 59129856bytes used: 36576664bytes duration: 4ms }
1545817304865 GC { size: 59654144bytes used: 37882688bytes duration: 3ms }
1545817306317 eventloop { min: 0.046963ms max: 0.055014ms avg: 0.050312100000000005ms} 
1545817307595 eventloop { min: 0.042421ms max: 0.054435ms avg: 0.045828799999999996ms} 
1545817307714 eventloop { min: 0.038011ms max: 7.663057ms avg: 0.9024934444444445ms} 
loop { count: 120 minimum: 0.000123ms maximum: 0.133017ms average: 0.0115294ms }
1545817305801 GC { size: 78528512bytes used: 39696120bytes duration: 9ms }
1545817306745 GC { size: 79577088bytes used: 42270320bytes duration: 7ms }
1545817306842 GC { size: 60702720bytes used: 39528864bytes duration: 3ms }
1545817309139 GC { size: 81149952bytes used: 44846160bytes duration: 9ms }
1545817309183 GC { size: 81149952bytes used: 48760688bytes duration: 0ms }
1545817309188 GC { size: 81149952bytes used: 34182304bytes duration: 5ms }
loop { count: 199 minimum: 0.000113ms maximum: 0.157301ms average: 0.0124458ms }
1545817308055 GC { size: 61751296bytes used: 40768752bytes duration: 8ms }
1545817308325 GC { size: 79577088bytes used: 42233384bytes duration: 14ms }
1545817308410 GC { size: 80101376bytes used: 45700408bytes duration: 0ms }
1545817308417 GC { size: 80101376bytes used: 33577344bytes duration: 7ms }
loop { count: 176 minimum: 0.000122ms maximum: 0.130171ms average: 0.0136797ms }
1545817311317 eventloop { min: 0.04641ms max: 0.067125ms avg: 0.054483100000000007ms} 
loop { count: 127 minimum: 0.000125ms maximum: 0.138405ms average: 0.012595ms }
1545817310518 GC { size: 81149952bytes used: 37587984bytes duration: 4ms }
1545817312595 eventloop { min: 0.020764ms max: 5.305809ms avg: 0.5777724ms} 
1545817312715 eventloop { min: 0.040479ms max: 0.290764ms avg: 0.08095240000000001ms} 
1545817311799 GC { size: 81149952bytes used: 40493192bytes duration: 6ms }
1545817312762 GC { size: 81674240bytes used: 43167152bytes duration: 6ms }
loop { count: 211 minimum: 0.00012ms maximum: 0.230803ms average: 0.0138723ms }
1545817312009 GC { size: 80101376bytes used: 37563024bytes duration: 4ms }
1545817312667 GC { size: 80625664bytes used: 40831072bytes duration: 7ms }
loop { count: 183 minimum: 0.000109ms maximum: 0.166902ms average: 0.015166ms }
1545817314063 GC { size: 82198528bytes used: 57329360bytes duration: 0ms }
1545817314070 GC { size: 80101376bytes used: 33996640bytes duration: 6ms }
1545817314290 GC { size: 80625664bytes used: 43912504bytes duration: 15ms }
1545817314359 GC { size: 81149952bytes used: 52781768bytes duration: 0ms }
1545817314365 GC { size: 81149952bytes used: 33746624bytes duration: 5ms }
1545817315775 GC { size: 81674240bytes used: 37825368bytes duration: 5ms }
1545817316317 eventloop { min: 0.050645ms max: 0.119534ms avg: 0.062056500000000014ms} 
1545817317594 eventloop { min: 0.04211ms max: 0.15323ms avg: 0.0681994ms} 
1545817317714 eventloop { min: 0.042713ms max: 0.107703ms avg: 0.05655059999999999ms} 
loop { count: 152 minimum: 0.000112ms maximum: 0.200832ms average: 0.011632ms }
1545817316541 GC { size: 80101376bytes used: 37643016bytes duration: 4ms }
1545817318268 GC { size: 80101376bytes used: 39792072bytes duration: 6ms }
1545817318524 GC { size: 80625664bytes used: 42391240bytes duration: 6ms }
loop { count: 216 minimum: 0.000114ms maximum: 0.226258ms average: 0.0135027ms }
1545817318186 GC { size: 81674240bytes used: 40595304bytes duration: 6ms }
1545817318852 GC { size: 81674240bytes used: 43900416bytes duration: 7ms }
1545817319631 GC { size: 82198528bytes used: 48261752bytes duration: 0ms }
1545817319635 GC { size: 81149952bytes used: 33783824bytes duration: 4ms }
loop { count: 193 minimum: 0.000117ms maximum: 0.336465ms average: 0.0162389ms }
1545817321318 eventloop { min: 0.048887ms max: 0.065757ms avg: 0.05331519999999999ms} 
loop { count: 116 minimum: 0.000119ms maximum: 0.167905ms average: 0.0133104ms }
1545817319800 GC { size: 81674240bytes used: 44815752bytes duration: 7ms }
1545817319839 GC { size: 81674240bytes used: 47800304bytes duration: 0ms }
1545817319843 GC { size: 81674240bytes used: 34010024bytes duration: 4ms }
1545817320592 GC { size: 81149952bytes used: 38123920bytes duration: 5ms }
1545817322594 eventloop { min: 0.028129ms max: 5.550954ms avg: 0.6067054ms} 
1545817322715 eventloop { min: 0.039338ms max: 0.083283ms avg: 0.0506745ms} 
1545817322300 GC { size: 81674240bytes used: 37515128bytes duration: 6ms }
1545817322508 GC { size: 81674240bytes used: 39775968bytes duration: 7ms }
loop { count: 214 minimum: 0.00011ms maximum: 0.224775ms average: 0.0134901ms }
1545817322524 GC { size: 81149952bytes used: 40842784bytes duration: 15ms }
1545817323384 GC { size: 82722816bytes used: 44325240bytes duration: 8ms }
1545817323428 GC { size: 82722816bytes used: 47023160bytes duration: 0ms }
1545817323432 GC { size: 81674240bytes used: 33904544bytes duration: 4ms }
loop { count: 250 minimum: 0.000118ms maximum: 0.21885ms average: 0.0125856ms }
1545817324024 GC { size: 81674240bytes used: 42142760bytes duration: 7ms }
1545817324371 GC { size: 81674240bytes used: 55767408bytes duration: 0ms }
1545817324377 GC { size: 80101376bytes used: 34112920bytes duration: 5ms }
1545817324096 GC { size: 81674240bytes used: 38234200bytes duration: 4ms }
1545817326317 eventloop { min: 0.04932ms max: 0.074699ms avg: 0.05881889999999999ms} 
1545817327595 eventloop { min: 0.042811ms max: 0.114776ms avg: 0.06519090000000001ms} 
1545817327714 eventloop { min: 0.0404ms max: 0.088852ms avg: 0.0510679ms} 
loop { count: 155 minimum: 0.000124ms maximum: 0.135794ms average: 0.0108359ms }
1545817325805 GC { size: 80101376bytes used: 37609184bytes duration: 5ms }
1545817326788 GC { size: 80101376bytes used: 39937096bytes duration: 6ms }
1545817325989 GC { size: 81674240bytes used: 40915688bytes duration: 6ms }
1545817326413 GC { size: 82722816bytes used: 44455688bytes duration: 8ms }
1545817326975 GC { size: 83771392bytes used: 55052128bytes duration: 0ms }
1545817326989 GC { size: 82198528bytes used: 34012152bytes duration: 13ms }
loop { count: 284 minimum: 0.000118ms maximum: 0.309521ms average: 0.0132419ms }
1545817328800 GC { size: 82198528bytes used: 38187600bytes duration: 6ms }
1545817329345 GC { size: 82198528bytes used: 40885136bytes duration: 6ms }
loop { count: 228 minimum: 0.000102ms maximum: 0.205734ms average: 0.0132934ms }
1545817331318 eventloop { min: 0.046368ms max: 0.065188ms avg: 0.05182770000000001ms} 
loop { count: 134 minimum: 0.000124ms maximum: 0.126758ms average: 0.0108659ms }
1545817330048 GC { size: 81149952bytes used: 42600496bytes duration: 6ms }
1545817330438 GC { size: 81674240bytes used: 45273912bytes duration: 6ms }
1545817330473 GC { size: 81674240bytes used: 46191000bytes duration: 0ms }
1545817330477 GC { size: 81674240bytes used: 34078008bytes duration: 3ms }
1545817330530 GC { size: 82722816bytes used: 44399776bytes duration: 7ms }
1545817332594 eventloop { min: 0.030715ms max: 0.211982ms avg: 0.058820300000000006ms} 
1545817332714 eventloop { min: 0.029012ms max: 0.085841ms avg: 0.049976900000000005ms} 
1545817333381 GC { size: 37634048bytes used: 31520840bytes duration: 0ms }
1545817332426 GC { size: 81674240bytes used: 37638464bytes duration: 4ms }
1545817333725 GC { size: 81674240bytes used: 39758776bytes duration: 9ms }
loop { count: 217 minimum: 0.000118ms maximum: 0.219005ms average: 0.0123687ms }
1545817332148 GC { size: 83771392bytes used: 46968520bytes duration: 8ms }
1545817332187 GC { size: 84295680bytes used: 50322856bytes duration: 0ms }
1545817332192 GC { size: 84295680bytes used: 34027320bytes duration: 4ms }
loop { count: 222 minimum: 0.000126ms maximum: 11.1491ms average: 0.0616833ms }
1545817334882 GC { size: 81674240bytes used: 42769184bytes duration: 6ms }
1545817334012 GC { size: 84295680bytes used: 38197152bytes duration: 5ms }
1545817335056 GC { size: 84295680bytes used: 41106048bytes duration: 7ms }
1545817336317 eventloop { min: 0.049593ms max: 0.078116ms avg: 0.058049399999999994ms} 
1545817337595 eventloop { min: 0.035742ms max: 0.194655ms avg: 0.06045469999999999ms} 
1545817337715 eventloop { min: 0.037491ms max: 9.656862ms avg: 1.0112685999999997ms} 
loop { count: 145 minimum: 0.000119ms maximum: 0.143304ms average: 0.010765ms }
1545817336396 GC { size: 82722816bytes used: 44830856bytes duration: 6ms }
1545817336435 GC { size: 82722816bytes used: 47978352bytes duration: 0ms }
1545817336440 GC { size: 82722816bytes used: 34160016bytes duration: 4ms }
1545817337300 GC { size: 84295680bytes used: 44573736bytes duration: 6ms }
1545817337337 GC { size: 84295680bytes used: 44760784bytes duration: 0ms }
1545817337341 GC { size: 82722816bytes used: 34352664bytes duration: 3ms }
1545817339043 GC { size: 82722816bytes used: 37591568bytes duration: 4ms }
1545817339585 GC { size: 82722816bytes used: 39797704bytes duration: 6ms }
loop { count: 199 minimum: 0.000115ms maximum: 0.387042ms average: 0.0200652ms }
1545817338163 GC { size: 83247104bytes used: 38700496bytes duration: 5ms }
1545817339516 GC { size: 83247104bytes used: 41341152bytes duration: 8ms }
loop { count: 313 minimum: 0.000126ms maximum: 0.288465ms average: 0.0118838ms }
1545817341318 eventloop { min: 0.046239ms max: 0.060155ms avg: 0.053612400000000004ms} 
loop { count: 121 minimum: 0.000116ms maximum: 0.217391ms average: 0.0125747ms }
1545817341064 GC { size: 82722816bytes used: 42362736bytes duration: 7ms }
1545817340753 GC { size: 84295680bytes used: 45126032bytes duration: 8ms }
1545817341416 GC { size: 84819968bytes used: 54824424bytes duration: 0ms }
1545817341422 GC { size: 83247104bytes used: 34535504bytes duration: 5ms }
1545817342596 eventloop { min: 0.04124ms max: 6.351827ms avg: 0.6808716ms} 
1545817342715 eventloop { min: 0.038559ms max: 0.100615ms avg: 0.048648899999999995ms} 
1545817343487 GC { size: 83771392bytes used: 44819816bytes duration: 6ms }
1545817343518 GC { size: 83771392bytes used: 45043736bytes duration: 0ms }
1545817343531 GC { size: 81149952bytes used: 33920456bytes duration: 12ms }
loop { count: 211 minimum: 0.000124ms maximum: 0.183876ms average: 0.0124988ms }
1545817342733 GC { size: 83771392bytes used: 38736528bytes duration: 4ms }
1545817343690 GC { size: 87441408bytes used: 41608664bytes duration: 8ms }
loop { count: 213 minimum: 0.000128ms maximum: 1.52504ms average: 0.0199426ms }
1545817344997 GC { size: 81149952bytes used: 37497056bytes duration: 4ms }
1545817344219 GC { size: 90587136bytes used: 44974296bytes duration: 8ms }
1545817345771 GC { size: 90587136bytes used: 56301256bytes duration: 0ms }
1545817345779 GC { size: 84819968bytes used: 34689080bytes duration: 7ms }
1545817346318 eventloop { min: 0.045436ms max: 0.061426ms avg: 0.0517054ms} 
1545817347602 eventloop { min: 0.040496ms max: 0.095726ms avg: 0.0563155ms} 
1545817347714 eventloop { min: 0.041952ms max: 0.071408ms avg: 0.05100899999999999ms} 
loop { count: 141 minimum: 0.000121ms maximum: 0.130056ms average: 0.0111984ms }
1545817346359 GC { size: 81149952bytes used: 39782464bytes duration: 6ms }
1545817347435 GC { size: 81149952bytes used: 42392688bytes duration: 6ms }
1545817347609 GC { size: 84819968bytes used: 38683800bytes duration: 4ms }
1545817348148 GC { size: 82198528bytes used: 44812760bytes duration: 8ms }
1545817348190 GC { size: 82198528bytes used: 48643184bytes duration: 0ms }
1545817348201 GC { size: 82198528bytes used: 34172840bytes duration: 11ms }
loop { count: 213 minimum: 0.000107ms maximum: 0.139733ms average: 0.0120484ms }
1545817349231 GC { size: 84819968bytes used: 41552200bytes duration: 7ms }
loop { count: 201 minimum: 0.000121ms maximum: 0.178895ms average: 0.0135067ms }
1545817351319 eventloop { min: 0.048538ms max: 0.113741ms avg: 0.0615ms} 
loop { count: 124 minimum: 0.000122ms maximum: 0.135148ms average: 0.0123082ms }
1545817349842 GC { size: 82198528bytes used: 37681832bytes duration: 4ms }
1545817351414 GC { size: 82198528bytes used: 40104952bytes duration: 8ms }
1545817351374 GC { size: 84819968bytes used: 44937120bytes duration: 7ms }
1545817351441 GC { size: 84819968bytes used: 48246392bytes duration: 0ms }
1545817351453 GC { size: 84819968bytes used: 34455296bytes duration: 11ms }
1545817352601 eventloop { min: 0.040875ms max: 0.083389ms avg: 0.047221ms} 
1545817352715 eventloop { min: 0.03927ms max: 23.472897ms avg: 3.1831664999999996ms} 
1545817351797 GC { size: 82198528bytes used: 42785768bytes duration: 7ms }
loop { count: 243 minimum: 0.000121ms maximum: 0.24551ms average: 0.0150365ms }
loop { count: 213 minimum: 0.000108ms maximum: 0.327139ms average: 0.018468ms }
1545817354116 GC { size: 83247104bytes used: 45307984bytes duration: 7ms }
1545817354146 GC { size: 83247104bytes used: 45486264bytes duration: 0ms }
1545817354151 GC { size: 82198528bytes used: 34310184bytes duration: 4ms }
1545817355324 GC { size: 82198528bytes used: 37857512bytes duration: 4ms }
1545817356318 eventloop { min: 0.048392ms max: 0.10155ms avg: 0.057369199999999995ms} 
1545817357602 eventloop { min: 0.02437ms max: 14.894658ms avg: 1.5332363ms} 
1545817357714 eventloop { min: 0.039001ms max: 0.176434ms avg: 0.06478139999999999ms} 
loop { count: 156 minimum: 0.000126ms maximum: 0.134036ms average: 0.0115694ms }
1545817356545 GC { size: 84819968bytes used: 38467912bytes duration: 5ms }
1545817357093 GC { size: 84819968bytes used: 41638496bytes duration: 7ms }
1545817357864 GC { size: 82198528bytes used: 40130200bytes duration: 6ms }
1545817359328 GC { size: 82198528bytes used: 42983648bytes duration: 7ms }
loop { count: 236 minimum: 0.00011ms maximum: 0.224146ms average: 0.0150674ms }
1545817359300 GC { size: 84819968bytes used: 44475664bytes duration: 8ms }
1545817359781 GC { size: 84819968bytes used: 54921424bytes duration: 0ms }
1545817359787 GC { size: 84819968bytes used: 34803424bytes duration: 5ms }
loop { count: 207 minimum: 0.00012ms maximum: 0.164356ms average: 0.0142127ms }
1545817361318 eventloop { min: 0.045016ms max: 0.060971ms avg: 0.0515248ms} 
loop { count: 124 minimum: 0.000114ms maximum: 0.133553ms average: 0.0112566ms }
1545817361010 GC { size: 85344256bytes used: 39024616bytes duration: 4ms }
1545817362601 eventloop { min: 0.041354ms max: 0.085432ms avg: 0.047880400000000004ms} 
1545817362715 eventloop { min: 0.040725ms max: 0.047593ms avg: 0.0425754ms} 
1545817362575 GC { size: 83247104bytes used: 45188160bytes duration: 6ms }
1545817362606 GC { size: 83247104bytes used: 45397360bytes duration: 0ms }
1545817362610 GC { size: 81674240bytes used: 34221104bytes duration: 4ms }
loop { count: 180 minimum: 0.000119ms maximum: 0.260419ms average: 0.0178989ms }
1545817361928 GC { size: 85344256bytes used: 41593136bytes duration: 6ms }
1545817362695 GC { size: 85344256bytes used: 45122352bytes duration: 7ms }
loop { count: 265 minimum: 0.000119ms maximum: 0.150088ms average: 0.0098744ms }
1545817364125 GC { size: 81674240bytes used: 37777792bytes duration: 4ms }
1545817365013 GC { size: 81674240bytes used: 40185080bytes duration: 7ms }
1545817365334 GC { size: 82722816bytes used: 42639816bytes duration: 7ms }
1545817366318 eventloop { min: 0.034259ms max: 0.051855ms avg: 0.0480687ms} 
1545817367601 eventloop { min: 0.040877ms max: 0.120635ms avg: 0.05498811111111111ms} 
1545817367715 eventloop { min: 0.040206ms max: 0.097419ms avg: 0.0625783ms} 
loop { count: 136 minimum: 0.000113ms maximum: 0.145405ms average: 0.0107323ms }
1545817366422 GC { size: 83771392bytes used: 45157688bytes duration: 7ms }
1545817366456 GC { size: 84295680bytes used: 48380624bytes duration: 0ms }
1545817366461 GC { size: 82722816bytes used: 34397824bytes duration: 5ms }
1545817365817 GC { size: 85868544bytes used: 47806616bytes duration: 8ms }
1545817365849 GC { size: 85868544bytes used: 49070264bytes duration: 0ms }
1545817365853 GC { size: 85868544bytes used: 34737848bytes duration: 4ms }
1545817367524 GC { size: 85868544bytes used: 39082688bytes duration: 6ms }
1545817367619 GC { size: 85868544bytes used: 42546936bytes duration: 7ms }
1545817368026 GC { size: 82722816bytes used: 37895096bytes duration: 4ms }
1545817368765 GC { size: 82722816bytes used: 40162472bytes duration: 6ms }
1545817369505 GC { size: 82722816bytes used: 42886224bytes duration: 7ms }
loop { count: 267 minimum: 0.000118ms maximum: 0.2097ms average: 0.010689ms }
1545817369742 GC { size: 85868544bytes used: 45098064bytes duration: 8ms }
1545817369784 GC { size: 86392832bytes used: 49216224bytes duration: 0ms }
1545817369790 GC { size: 85344256bytes used: 34733704bytes duration: 5ms }
loop { count: 192 minimum: 0.000115ms maximum: 0.139342ms average: 0.0140996ms }
1545817371319 eventloop { min: 0.044228ms max: 0.062943ms avg: 0.0541377ms} 
loop { count: 121 minimum: 0.000121ms maximum: 0.139023ms average: 0.0113562ms }
1545817370541 GC { size: 83771392bytes used: 45388144bytes duration: 6ms }
1545817370583 GC { size: 84295680bytes used: 48992304bytes duration: 0ms }
1545817370588 GC { size: 82722816bytes used: 34419568bytes duration: 5ms }
1545817372602 eventloop { min: 0.040176ms max: 6.43332ms avg: 0.6873138000000001ms} 
1545817372715 eventloop { min: 0.040339ms max: 7.299582ms avg: 0.7775485000000001ms} 
1545817373584 GC { size: 37634048bytes used: 31547312bytes duration: 0ms }
1545817371898 GC { size: 82722816bytes used: 37996328bytes duration: 12ms }
loop { count: 244 minimum: 0.000122ms maximum: 0.180438ms average: 0.0122864ms }
1545817371833 GC { size: 85344256bytes used: 38946032bytes duration: 4ms }
1545817372158 GC { size: 85344256bytes used: 42154096bytes duration: 7ms }
loop { count: 201 minimum: 0.000118ms maximum: 0.199101ms average: 0.0136015ms }
1545817373828 GC { size: 83247104bytes used: 40526160bytes duration: 6ms }
1545817374260 GC { size: 83247104bytes used: 43359864bytes duration: 7ms }
1545817373888 GC { size: 85344256bytes used: 45072264bytes duration: 7ms }
1545817373933 GC { size: 85868544bytes used: 50351720bytes duration: 0ms }
1545817373938 GC { size: 85868544bytes used: 34639008bytes duration: 4ms }
1545817376319 eventloop { min: 0.043427ms max: 0.086227ms avg: 0.0583067ms} 
1545817377601 eventloop { min: 0.040419ms max: 3.811483ms avg: 0.4332583ms} 
1545817377715 eventloop { min: 0.038488ms max: 0.265795ms avg: 0.0717893ms} 
loop { count: 143 minimum: 0.00012ms maximum: 0.156347ms average: 0.0112155ms }
1545817376638 GC { size: 84295680bytes used: 45722936bytes duration: 9ms }
1545817376680 GC { size: 84295680bytes used: 50234960bytes duration: 0ms }
1545817376686 GC { size: 83247104bytes used: 34839768bytes duration: 5ms }
1545817377305 GC { size: 85868544bytes used: 38609192bytes duration: 7ms }
1545817378901 GC { size: 84295680bytes used: 38928016bytes duration: 5ms }
1545817379257 GC { size: 87441408bytes used: 40914824bytes duration: 15ms }
loop { count: 194 minimum: 0.000108ms maximum: 0.170073ms average: 0.0124362ms }
1545817379193 GC { size: 85868544bytes used: 41425840bytes duration: 8ms }
loop { count: 203 minimum: 0.000115ms maximum: 0.160704ms average: 0.0134802ms }
1545817381318 eventloop { min: 0.048248ms max: 0.07529ms avg: 0.05514090000000001ms} 
loop { count: 115 minimum: 0.000121ms maximum: 0.149589ms average: 0.0131933ms }
1545817380436 GC { size: 85868544bytes used: 44999888bytes duration: 10ms }
1545817381672 GC { size: 86392832bytes used: 58338304bytes duration: 0ms }
1545817381689 GC { size: 85344256bytes used: 34805128bytes duration: 16ms }
1545817382603 eventloop { min: 0.033361ms max: 0.39025ms avg: 0.0825626ms} 
1545817382715 eventloop { min: 0.022236ms max: 0.359993ms avg: 0.07405569999999999ms} 
1545817381829 GC { size: 90587136bytes used: 43890320bytes duration: 21ms }
1545817382325 GC { size: 90587136bytes used: 58319072bytes duration: 0ms }
1545817382364 GC { size: 82198528bytes used: 34648040bytes duration: 39ms }
loop { count: 218 minimum: 0.000112ms maximum: 0.171637ms average: 0.012568ms }
1545817383273 GC { size: 85344256bytes used: 39020592bytes duration: 4ms }
loop { count: 222 minimum: 0.000119ms maximum: 0.174397ms average: 0.0130234ms }
1545817384074 GC { size: 82198528bytes used: 38098232bytes duration: 4ms }
1545817385150 GC { size: 82198528bytes used: 40670584bytes duration: 8ms }
1545817385438 GC { size: 82198528bytes used: 43049344bytes duration: 8ms }
1545817384106 GC { size: 85344256bytes used: 41650488bytes duration: 7ms }
1545817385026 GC { size: 85344256bytes used: 45227552bytes duration: 8ms }
1545817385799 GC { size: 86392832bytes used: 47846072bytes duration: 9ms }
1545817386319 eventloop { min: 0.044969ms max: 0.06547ms avg: 0.0550017ms} 
1545817387603 eventloop { min: 0.024782ms max: 0.131695ms avg: 0.0528768ms} 
1545817387715 eventloop { min: 0.034503ms max: 0.081112ms avg: 0.048124600000000003ms} 
loop { count: 161 minimum: 0.000121ms maximum: 0.130914ms average: 0.0103191ms }
1545817387258 GC { size: 82198528bytes used: 45708504bytes duration: 9ms }
1545817387296 GC { size: 82198528bytes used: 48609904bytes duration: 0ms }
1545817387301 GC { size: 82198528bytes used: 34574376bytes duration: 4ms }
1545817385835 GC { size: 86392832bytes used: 51056912bytes duration: 0ms }
1545817385841 GC { size: 86392832bytes used: 34737576bytes duration: 5ms }
1545817386682 GC { size: 86917120bytes used: 38766376bytes duration: 5ms }
1545817388838 GC { size: 82198528bytes used: 38049536bytes duration: 4ms }
loop { count: 241 minimum: 0.000106ms maximum: 0.311815ms average: 0.0143047ms }
1545817388275 GC { size: 86917120bytes used: 41810648bytes duration: 7ms }
1545817389034 GC { size: 86917120bytes used: 45352128bytes duration: 7ms }
1545817389107 GC { size: 86917120bytes used: 49114552bytes duration: 0ms }
1545817389113 GC { size: 84295680bytes used: 34751848bytes duration: 6ms }
loop { count: 248 minimum: 0.000119ms maximum: 0.302796ms average: 0.0149307ms }
1545817391318 eventloop { min: 0.048843ms max: 0.080356ms avg: 0.054877300000000004ms} 
loop { count: 109 minimum: 0.000118ms maximum: 0.141032ms average: 0.0118795ms }
1545817390489 GC { size: 82198528bytes used: 40484056bytes duration: 6ms }
1545817392603 eventloop { min: 0.036947ms max: 0.081917ms avg: 0.0481702ms} 
1545817392716 eventloop { min: 0.04131ms max: 4.659172ms avg: 0.5079117ms} 
1545817391941 GC { size: 82198528bytes used: 43546000bytes duration: 6ms }
1545817393426 GC { size: 82198528bytes used: 45777736bytes duration: 8ms }
1545817393460 GC { size: 82198528bytes used: 48296776bytes duration: 0ms }
1545817393465 GC { size: 82198528bytes used: 34623296bytes duration: 4ms }
loop { count: 199 minimum: 0.000113ms maximum: 0.281536ms average: 0.0133619ms }
1545817392163 GC { size: 84295680bytes used: 39073432bytes duration: 5ms }
1545817392918 GC { size: 84295680bytes used: 41787728bytes duration: 7ms }
loop { count: 208 minimum: 0.000117ms maximum: 0.125103ms average: 0.0114218ms }
1545817394434 GC { size: 82198528bytes used: 38086864bytes duration: 5ms }
1545817393853 GC { size: 84295680bytes used: 45335776bytes duration: 7ms }
1545817394433 GC { size: 85344256bytes used: 55435976bytes duration: 0ms }
1545817394440 GC { size: 85344256bytes used: 34892384bytes duration: 7ms }
1545817396319 eventloop { min: 0.048237ms max: 0.059477ms avg: 0.05160849999999999ms} 
1545817397604 eventloop { min: 0.024737ms max: 0.082608ms avg: 0.0508174ms} 
1545817397716 eventloop { min: 0.040138ms max: 0.084279ms avg: 0.0518647ms} 
loop { count: 150 minimum: 0.00011ms maximum: 0.142047ms average: 0.0106796ms }
1545817396464 GC { size: 82198528bytes used: 40594824bytes duration: 6ms }
1545817396027 GC { size: 85344256bytes used: 39112200bytes duration: 7ms }
1545817397788 GC { size: 85344256bytes used: 41817520bytes duration: 7ms }
1545817397995 GC { size: 82198528bytes used: 43137648bytes duration: 6ms }
loop { count: 211 minimum: 0.000115ms maximum: 0.39182ms average: 0.0145653ms }
1545817398538 GC { size: 85344256bytes used: 45501416bytes duration: 8ms }
1545817399419 GC { size: 85868544bytes used: 54881168bytes duration: 0ms }
1545817399425 GC { size: 84819968bytes used: 34907128bytes duration: 5ms }
loop { count: 246 minimum: 0.000118ms maximum: 0.147431ms average: 0.011551ms }
1545817401319 eventloop { min: 0.046608ms max: 0.051594ms avg: 0.048984299999999995ms} 
loop { count: 126 minimum: 0.000117ms maximum: 0.278584ms average: 0.0128215ms }
1545817401421 GC { size: 83247104bytes used: 45612472bytes duration: 6ms }
1545817401451 GC { size: 83247104bytes used: 46245784bytes duration: 0ms }
1545817401456 GC { size: 83247104bytes used: 34555640bytes duration: 4ms }
1545817401662 GC { size: 83247104bytes used: 38093144bytes duration: 4ms }
1545817400917 GC { size: 84819968bytes used: 39164328bytes duration: 4ms }
1545817402605 eventloop { min: 0.039373ms max: 0.181854ms avg: 0.06211359999999999ms} 
1545817402717 eventloop { min: 0.039252ms max: 0.210161ms avg: 0.0685904ms} 
1545817403083 GC { size: 83247104bytes used: 40631824bytes duration: 6ms }
loop { count: 203 minimum: 0.000108ms maximum: 0.168516ms average: 0.0135611ms }
1545817403431 GC { size: 84819968bytes used: 42074368bytes duration: 8ms }
loop { count: 204 minimum: 0.000122ms maximum: 0.143409ms average: 0.0120121ms }
1545817404455 GC { size: 85344256bytes used: 45736064bytes duration: 8ms }
1545817404498 GC { size: 85868544bytes used: 48312976bytes duration: 0ms }
1545817404503 GC { size: 85868544bytes used: 34801640bytes duration: 4ms }
1545817404773 GC { size: 85868544bytes used: 39182824bytes duration: 5ms }
1545817406318 eventloop { min: 0.04042ms max: 0.051139ms avg: 0.0479752ms} 
1545817407605 eventloop { min: 0.038887ms max: 4.196377ms avg: 0.46598210000000007ms} 
1545817407717 eventloop { min: 0.039388ms max: 0.141718ms avg: 0.05867ms} 
loop { count: 132 minimum: 0.000123ms maximum: 0.144723ms average: 0.0110991ms }
1545817406285 GC { size: 83247104bytes used: 43130320bytes duration: 7ms }
1545817406448 GC { size: 83247104bytes used: 45967920bytes duration: 7ms }
1545817406487 GC { size: 83771392bytes used: 48349256bytes duration: 0ms }
1545817406491 GC { size: 83771392bytes used: 34574920bytes duration: 4ms }
1545817406766 GC { size: 85868544bytes used: 42194896bytes duration: 7ms }
1545817407781 GC { size: 85868544bytes used: 45525936bytes duration: 8ms }
1545817408091 GC { size: 83771392bytes used: 38367328bytes duration: 6ms }
loop { count: 206 minimum: 0.000124ms maximum: 0.79296ms average: 0.0174389ms }
1545817408168 GC { size: 86392832bytes used: 51709784bytes duration: 0ms }
1545817408173 GC { size: 86392832bytes used: 34841008bytes duration: 4ms }
loop { count: 242 minimum: 0.000103ms maximum: 0.247541ms average: 0.0135323ms }
1545817411319 eventloop { min: 0.047909ms max: 0.07085ms avg: 0.0545755ms} 
loop { count: 116 minimum: 0.000122ms maximum: 0.123462ms average: 0.0117274ms }
1545817410128 GC { size: 83771392bytes used: 40730536bytes duration: 7ms }
1545817410184 GC { size: 86392832bytes used: 38783376bytes duration: 5ms }
1545817411507 GC { size: 86392832bytes used: 41959832bytes duration: 7ms }
1545817412606 eventloop { min: 0.025112ms max: 0.08491ms avg: 0.0482492ms} 
1545817412718 eventloop { min: 0.033451ms max: 0.060958ms avg: 0.0425916ms} 
1545817411874 GC { size: 83771392bytes used: 43187672bytes duration: 7ms }
1545817413579 GC { size: 83771392bytes used: 55463696bytes duration: 0ms }
1545817413585 GC { size: 83771392bytes used: 34744232bytes duration: 6ms }
loop { count: 226 minimum: 0.000125ms maximum: 1.3094ms average: 0.0234524ms }
1545817412272 GC { size: 86392832bytes used: 45522816bytes duration: 8ms }
1545817412313 GC { size: 86917120bytes used: 48709208bytes duration: 0ms }
1545817412319 GC { size: 85344256bytes used: 34774192bytes duration: 5ms }
1545817413424 GC { size: 85344256bytes used: 39355088bytes duration: 12ms }
loop { count: 196 minimum: 0.000107ms maximum: 0.163267ms average: 0.0118222ms }
1545817414971 GC { size: 85344256bytes used: 41907992bytes duration: 7ms }
1545817416319 eventloop { min: 0.048205ms max: 0.056545ms avg: 0.050605199999999996ms} 
1545817417607 eventloop { min: 0.041027ms max: 2.411752ms avg: 0.30703959999999997ms} 
1545817417718 eventloop { min: 0.027539ms max: 14.276015ms avg: 1.4713357999999999ms} 
1545817415743 GC { size: 37634048bytes used: 31568296bytes duration: 0ms }
loop { count: 140 minimum: 0.000128ms maximum: 0.123542ms average: 0.0102944ms }
1545817416410 GC { size: 83771392bytes used: 38183432bytes duration: 5ms }
1545817417757 GC { size: 83771392bytes used: 40667928bytes duration: 6ms }
1545817416403 GC { size: 85344256bytes used: 45482112bytes duration: 25ms }
1545817416456 GC { size: 85344256bytes used: 47592928bytes duration: 0ms }
1545817416460 GC { size: 85344256bytes used: 34838792bytes duration: 4ms }
1545817417614 GC { size: 85344256bytes used: 39247488bytes duration: 5ms }
1545817419343 GC { size: 83771392bytes used: 43558264bytes duration: 7ms }
loop { count: 194 minimum: 0.000129ms maximum: 0.136138ms average: 0.0134926ms }
1545817419453 GC { size: 85344256bytes used: 42424728bytes duration: 9ms }
loop { count: 248 minimum: 0.000119ms maximum: 0.171949ms average: 0.0123566ms }
1545817421319 eventloop { min: 0.047085ms max: 0.065095ms avg: 0.0529429ms} 
loop { count: 109 minimum: 0.000118ms maximum: 0.148003ms average: 0.0121938ms }
1545817420468 GC { size: 83771392bytes used: 45455936bytes duration: 6ms }
1545817420508 GC { size: 84295680bytes used: 49198112bytes duration: 0ms }
1545817420513 GC { size: 83247104bytes used: 34662456bytes duration: 5ms }
1545817420693 GC { size: 86392832bytes used: 45610456bytes duration: 8ms }
1545817421197 GC { size: 84819968bytes used: 34873200bytes duration: 6ms }
1545817421190 GC { size: 86917120bytes used: 52169960bytes duration: 0ms }
1545817422610 eventloop { min: 0.039806ms max: 0.084819ms avg: 0.050238700000000004ms} 
1545817422719 eventloop { min: 0.039275ms max: 0.082107ms avg: 0.04840219999999999ms} 
1545817421811 GC { size: 83247104bytes used: 38303560bytes duration: 5ms }
1545817422677 GC { size: 83247104bytes used: 40606232bytes duration: 6ms }
1545817423565 GC { size: 83247104bytes used: 43264288bytes duration: 7ms }
loop { count: 241 minimum: 0.000125ms maximum: 0.110313ms average: 0.0098074ms }
1545817423038 GC { size: 84819968bytes used: 38818400bytes duration: 5ms }
loop { count: 184 minimum: 0.000116ms maximum: 0.165178ms average: 0.0123632ms }
1545817424541 GC { size: 83771392bytes used: 45926288bytes duration: 7ms }
1545817424577 GC { size: 83771392bytes used: 48582120bytes duration: 0ms }
1545817424582 GC { size: 83771392bytes used: 34655776bytes duration: 4ms }
1545817424433 GC { size: 84819968bytes used: 42327472bytes duration: 7ms }
1545817425751 GC { size: 85868544bytes used: 45822160bytes duration: 8ms }
1545817425790 GC { size: 85868544bytes used: 48569912bytes duration: 0ms }
1545817425796 GC { size: 85868544bytes used: 35020072bytes duration: 5ms }
1545817426320 eventloop { min: 0.039859ms max: 0.064273ms avg: 0.049637299999999995ms} 
1545817427611 eventloop { min: 0.037642ms max: 0.30503ms avg: 0.0807769ms} 
1545817427718 eventloop { min: 0.038472ms max: 0.075664ms avg: 0.0495917ms} 
loop { count: 130 minimum: 0.000119ms maximum: 0.146471ms average: 0.0108252ms }
1545817427484 GC { size: 83771392bytes used: 38253936bytes duration: 5ms }
1545817426846 GC { size: 85868544bytes used: 39106888bytes duration: 5ms }
1545817429084 GC { size: 83771392bytes used: 40725408bytes duration: 8ms }
1545817429759 GC { size: 83771392bytes used: 43627256bytes duration: 7ms }
loop { count: 203 minimum: 0.000117ms maximum: 0.208261ms average: 0.0134201ms }
1545817427874 GC { size: 85868544bytes used: 42161016bytes duration: 7ms }
1545817429259 GC { size: 85868544bytes used: 45804400bytes duration: 8ms }
loop { count: 273 minimum: 0.000113ms maximum: 0.356269ms average: 0.0154782ms }
1545817431320 eventloop { min: 0.046693ms max: 0.061932ms avg: 0.0510729ms} 
loop { count: 123 minimum: 0.000127ms maximum: 0.162691ms average: 0.0117229ms }
1545817431691 GC { size: 84819968bytes used: 46070816bytes duration: 8ms }
1545817431734 GC { size: 84819968bytes used: 48622640bytes duration: 0ms }
1545817431742 GC { size: 83247104bytes used: 34775656bytes duration: 7ms }
1545817430230 GC { size: 86392832bytes used: 53334272bytes duration: 0ms }
1545817430236 GC { size: 85344256bytes used: 35004568bytes duration: 5ms }
1545817431321 GC { size: 85344256bytes used: 39329448bytes duration: 5ms }
1545817432612 eventloop { min: 0.038111ms max: 19.479819ms avg: 3.0661327ms} 
1545817432718 eventloop { min: 0.037486ms max: 0.076064ms avg: 0.0461313ms} 
1545817432234 GC { size: 83247104bytes used: 38148736bytes duration: 4ms }
1545817433738 GC { size: 83247104bytes used: 40609632bytes duration: 7ms }
loop { count: 250 minimum: 0.00012ms maximum: 0.216037ms average: 0.0124621ms }
1545817431836 GC { size: 86392832bytes used: 42949048bytes duration: 8ms }
1545817433493 GC { size: 87441408bytes used: 45597128bytes duration: 11ms }
1545817433530 GC { size: 87441408bytes used: 48502672bytes duration: 0ms }
1545817433535 GC { size: 87441408bytes used: 34905704bytes duration: 4ms }
loop { count: 232 minimum: 0.00011ms maximum: 0.185119ms average: 0.0114885ms }
1545817436321 eventloop { min: 0.049304ms max: 0.082714ms avg: 0.056941900000000004ms} 
1545817437612 eventloop { min: 0.029623ms max: 0.094715ms avg: 0.04839410000000001ms} 
1545817437719 eventloop { min: 0.040179ms max: 0.062535ms avg: 0.0454175ms} 
loop { count: 146 minimum: 0.000114ms maximum: 0.144117ms average: 0.0109048ms }
1545817435823 GC { size: 83247104bytes used: 43395272bytes duration: 7ms }
1545817437664 GC { size: 87441408bytes used: 38914000bytes duration: 4ms }
1545817437979 GC { size: 84295680bytes used: 45774760bytes duration: 7ms }
1545817438020 GC { size: 84819968bytes used: 50322032bytes duration: 0ms }
1545817438025 GC { size: 83247104bytes used: 34880032bytes duration: 5ms }
1545817439507 GC { size: 83247104bytes used: 38370608bytes duration: 4ms }
loop { count: 207 minimum: 0.00012ms maximum: 0.216904ms average: 0.0139107ms }
1545817438192 GC { size: 87441408bytes used: 42280096bytes duration: 14ms }
1545817439658 GC { size: 87441408bytes used: 45366472bytes duration: 9ms }
1545817439696 GC { size: 87441408bytes used: 47891072bytes duration: 0ms }
1545817439701 GC { size: 86392832bytes used: 34973360bytes duration: 5ms }
loop { count: 198 minimum: 0.00011ms maximum: 0.380663ms average: 0.0144426ms }
1545817441320 eventloop { min: 0.048034ms max: 0.073361ms avg: 0.05314100000000001ms} 
loop { count: 116 minimum: 0.000125ms maximum: 0.635186ms average: 0.0215048ms }
1545817441194 GC { size: 83247104bytes used: 40995664bytes duration: 10ms }
1545817441411 GC { size: 83247104bytes used: 43606632bytes duration: 7ms }
1545817441349 GC { size: 86392832bytes used: 39149824bytes duration: 5ms }
1545817441666 GC { size: 86392832bytes used: 42265840bytes duration: 8ms }
1545817442613 eventloop { min: 0.041544ms max: 0.137267ms avg: 0.06579670000000001ms} 
1545817442719 eventloop { min: 0.025722ms max: 0.087175ms avg: 0.0487761ms} 
1545817443410 GC { size: 83771392bytes used: 46057952bytes duration: 7ms }
1545817443449 GC { size: 83771392bytes used: 49078472bytes duration: 0ms }
1545817443454 GC { size: 83771392bytes used: 34861496bytes duration: 5ms }
loop { count: 186 minimum: 0.000122ms maximum: 0.208066ms average: 0.0125326ms }
loop { count: 195 minimum: 0.000124ms maximum: 0.258349ms average: 0.0154119ms }
1545817444011 GC { size: 83771392bytes used: 38195344bytes duration: 5ms }
1545817445159 GC { size: 83771392bytes used: 40721104bytes duration: 9ms }
1545817443838 GC { size: 86392832bytes used: 45703960bytes duration: 9ms }
1545817443893 GC { size: 86392832bytes used: 47714272bytes duration: 0ms }
1545817443898 GC { size: 85344256bytes used: 34863296bytes duration: 4ms }
1545817445306 GC { size: 85344256bytes used: 39107208bytes duration: 5ms }
1545817446321 eventloop { min: 0.049055ms max: 0.146998ms avg: 0.07215789999999998ms} 
1545817447614 eventloop { min: 0.027573ms max: 0.083739ms avg: 0.049162899999999995ms} 
loop { count: 125 minimum: 0.000118ms maximum: 0.16296ms average: 0.0130091ms }
1545817447742 eventloop { min: 0.028296ms max: 12.108834ms avg: 1.2676485ms} 
1545817446311 GC { size: 83771392bytes used: 43547320bytes duration: 11ms }
1545817447692 GC { size: 84819968bytes used: 46096760bytes duration: 7ms }
1545817447729 GC { size: 84819968bytes used: 48821008bytes duration: 0ms }
1545817447734 GC { size: 83771392bytes used: 34824728bytes duration: 5ms }
1545817446823 GC { size: 85344256bytes used: 42013944bytes duration: 7ms }
1545817447789 GC { size: 85344256bytes used: 45411408bytes duration: 7ms }
1545817448759 GC { size: 83771392bytes used: 38170968bytes duration: 5ms }
loop { count: 242 minimum: 0.000124ms maximum: 0.29167ms average: 0.0121273ms }
1545817448681 GC { size: 85868544bytes used: 55743496bytes duration: 0ms }
1545817448687 GC { size: 85868544bytes used: 35048384bytes duration: 6ms }
loop { count: 232 minimum: 0.00012ms maximum: 0.395865ms average: 0.014625ms }
1545817451320 eventloop { min: 0.047312ms max: 0.06239ms avg: 0.0530524ms} 
loop { count: 128 minimum: 0.000129ms maximum: 0.124765ms average: 0.0114733ms }
1545817450870 GC { size: 83771392bytes used: 40697648bytes duration: 6ms }
1545817449838 GC { size: 85868544bytes used: 39388840bytes duration: 7ms }
1545817452613 eventloop { min: 0.038893ms max: 4.652332ms avg: 0.8369400999999999ms} 
1545817452742 eventloop { min: 0.041178ms max: 0.076108ms avg: 0.04872340000000001ms} 
1545817452673 GC { size: 83771392bytes used: 43472816bytes duration: 7ms }
loop { count: 181 minimum: 0.000121ms maximum: 0.217552ms average: 0.0161717ms }
1545817451869 GC { size: 85868544bytes used: 42214144bytes duration: 7ms }
1545817452811 GC { size: 86917120bytes used: 45667864bytes duration: 8ms }
loop { count: 172 minimum: 0.000114ms maximum: 0.438263ms average: 0.0174513ms }
1545817455678 GC { size: 83771392bytes used: 45942024bytes duration: 7ms }
1545817455708 GC { size: 83771392bytes used: 46375632bytes duration: 0ms }
1545817455713 GC { size: 83771392bytes used: 34722432bytes duration: 4ms }
1545817454037 GC { size: 87441408bytes used: 55601472bytes duration: 0ms }
1545817454045 GC { size: 85344256bytes used: 35072296bytes duration: 7ms }
1545817454967 GC { size: 85868544bytes used: 39410072bytes duration: 5ms }
1545817456321 eventloop { min: 0.04526ms max: 0.063981ms avg: 0.0498146ms} 
1545817457614 eventloop { min: 0.038717ms max: 0.098455ms avg: 0.05162969999999999ms} 
loop { count: 151 minimum: 0.000122ms maximum: 0.150754ms average: 0.0101356ms }
1545817457741 eventloop { min: 0.028552ms max: 0.085375ms avg: 0.05302420000000001ms} 
1545817456160 GC { size: 83771392bytes used: 38230184bytes duration: 4ms }
1545817457462 GC { size: 83771392bytes used: 40799584bytes duration: 8ms }
1545817456456 GC { size: 90587136bytes used: 42446328bytes duration: 8ms }
1545817456956 GC { size: 93732864bytes used: 45918544bytes duration: 8ms }
1545817456996 GC { size: 93732864bytes used: 48642944bytes duration: 0ms }
1545817457002 GC { size: 86392832bytes used: 34990648bytes duration: 5ms }
1545817458862 GC { size: 39731200bytes used: 31623168bytes duration: 0ms }
1545817459304 GC { size: 83771392bytes used: 43474096bytes duration: 6ms }
loop { count: 248 minimum: 0.00013ms maximum: 0.233633ms average: 0.0131839ms }
1545817459557 GC { size: 86392832bytes used: 39543048bytes duration: 17ms }
loop { count: 309 minimum: 0.000112ms maximum: 0.308099ms average: 0.0121655ms }
1545817461321 eventloop { min: 0.043027ms max: 0.059893ms avg: 0.05058700000000001ms} 
loop { count: 121 minimum: 0.000122ms maximum: 0.164007ms average: 0.0116912ms }
1545817460601 GC { size: 84819968bytes used: 46224528bytes duration: 7ms }
1545817460634 GC { size: 84819968bytes used: 48771320bytes duration: 0ms }
1545817460639 GC { size: 83771392bytes used: 34886904bytes duration: 4ms }
1545817461310 GC { size: 86392832bytes used: 42334800bytes duration: 8ms }
1545817462615 eventloop { min: 0.037534ms max: 0.070932ms avg: 0.04834190000000001ms} 
1545817462742 eventloop { min: 0.039251ms max: 0.103683ms avg: 0.06057749999999999ms} 
1545817462207 GC { size: 83771392bytes used: 38423160bytes duration: 4ms }
loop { count: 230 minimum: 0.000123ms maximum: 0.126739ms average: 0.011653ms }
1545817462406 GC { size: 86392832bytes used: 45813024bytes duration: 9ms }
1545817462452 GC { size: 86392832bytes used: 48560832bytes duration: 0ms }
1545817462457 GC { size: 86392832bytes used: 35055856bytes duration: 4ms }
loop { count: 210 minimum: 0.000115ms maximum: 0.178668ms average: 0.0144166ms }
1545817463907 GC { size: 83771392bytes used: 40812664bytes duration: 6ms }
1545817464819 GC { size: 83771392bytes used: 43729960bytes duration: 7ms }
1545817465182 GC { size: 86392832bytes used: 39292248bytes duration: 5ms }
1545817466321 eventloop { min: 0.04128ms max: 0.058346ms avg: 0.05029670000000001ms} 
1545817467615 eventloop { min: 0.03979ms max: 0.092817ms avg: 0.0504014ms} 
loop { count: 152 minimum: 0.000127ms maximum: 0.127031ms average: 0.00997209ms }
1545817467742 eventloop { min: 0.039457ms max: 0.226066ms avg: 0.06446400000000001ms} 
1545817466118 GC { size: 86392832bytes used: 42062032bytes duration: 6ms }
1545817466826 GC { size: 86392832bytes used: 45654728bytes duration: 8ms }
1545817467994 GC { size: 83771392bytes used: 45686016bytes duration: 6ms }
1545817468038 GC { size: 83771392bytes used: 49437784bytes duration: 0ms }
1545817468045 GC { size: 83771392bytes used: 34994808bytes duration: 6ms }
loop { count: 193 minimum: 0.000121ms maximum: 0.229464ms average: 0.0140834ms }
1545817467821 GC { size: 86917120bytes used: 55337488bytes duration: 0ms }
1545817467827 GC { size: 86917120bytes used: 35168344bytes duration: 5ms }
1545817468992 GC { size: 86917120bytes used: 39485464bytes duration: 5ms }
loop { count: 224 minimum: 0.000115ms maximum: 0.366586ms average: 0.015184ms }
1545817471320 eventloop { min: 0.046783ms max: 0.079586ms avg: 0.0535743ms} 
loop { count: 127 minimum: 0.000092ms maximum: 0.137984ms average: 0.011545ms }
1545817470004 GC { size: 84295680bytes used: 38594576bytes duration: 8ms }
1545817471456 GC { size: 88489984bytes used: 41189720bytes duration: 7ms }
1545817471626 GC { size: 91635712bytes used: 44110784bytes duration: 13ms }
1545817470130 GC { size: 86917120bytes used: 42203136bytes duration: 7ms }
1545817471629 GC { size: 86917120bytes used: 45756752bytes duration: 9ms }
1545817471736 GC { size: 86917120bytes used: 56077656bytes duration: 0ms }
1545817471743 GC { size: 86392832bytes used: 35108104bytes duration: 6ms }
1545817472615 eventloop { min: 0.036907ms max: 6.717686ms avg: 0.7418873ms} 
1545817472742 eventloop { min: 0.040704ms max: 48.177225ms avg: 5.2203070999999985ms} 
1545817472928 GC { size: 94781440bytes used: 46326712bytes duration: 8ms }
1545817472967 GC { size: 94781440bytes used: 49809376bytes duration: 0ms }
1545817472973 GC { size: 85868544bytes used: 35028464bytes duration: 5ms }
loop { count: 247 minimum: 0.000122ms maximum: 0.350405ms average: 0.0144656ms }
1545817472833 GC { size: 86392832bytes used: 39596120bytes duration: 5ms }
loop { count: 233 minimum: 0.000113ms maximum: 0.125779ms average: 0.0116144ms }
1545817474422 GC { size: 85868544bytes used: 38726848bytes duration: 5ms }
1545817475236 GC { size: 85868544bytes used: 41227352bytes duration: 6ms }
1545817475059 GC { size: 86392832bytes used: 42292688bytes duration: 9ms }
1545817476320 eventloop { min: 0.047988ms max: 0.088921ms avg: 0.0616872ms} 
1545817477614 eventloop { min: 0.019623ms max: 23.336485ms avg: 2.3673741ms} 
1545817477742 eventloop { min: 0.038525ms max: 19.316563ms avg: 2.444736ms} 
loop { count: 135 minimum: 0.000127ms maximum: 0.12682ms average: 0.011746ms }
1545817476031 GC { size: 85868544bytes used: 44081856bytes duration: 7ms }
1545817477357 GC { size: 85868544bytes used: 46774640bytes duration: 9ms }
1545817477396 GC { size: 85868544bytes used: 47687368bytes duration: 0ms }
1545817477400 GC { size: 85868544bytes used: 34919328bytes duration: 4ms }
1545817476078 GC { size: 87441408bytes used: 45661936bytes duration: 8ms }
1545817477322 GC { size: 87441408bytes used: 54232184bytes duration: 0ms }
1545817477338 GC { size: 87441408bytes used: 35010368bytes duration: 16ms }
1545817478898 GC { size: 85868544bytes used: 38261776bytes duration: 5ms }
loop { count: 224 minimum: 0.000124ms maximum: 0.276754ms average: 0.0145803ms }
1545817478743 GC { size: 87441408bytes used: 39329208bytes duration: 4ms }
1545817479693 GC { size: 87441408bytes used: 41974536bytes duration: 10ms }
loop { count: 195 minimum: 0.000109ms maximum: 0.935031ms average: 0.0203629ms }
1545817481321 eventloop { min: 0.044634ms max: 0.059093ms avg: 0.049066000000000005ms} 
loop { count: 115 minimum: 0.000119ms maximum: 0.25276ms average: 0.0130492ms }
1545817480467 GC { size: 85868544bytes used: 40832344bytes duration: 6ms }
1545817480192 GC { size: 87441408bytes used: 45579048bytes duration: 8ms }
1545817480583 GC { size: 87441408bytes used: 55384960bytes duration: 0ms }
1545817480589 GC { size: 87441408bytes used: 35128920bytes duration: 5ms }
1545817482614 eventloop { min: 0.036041ms max: 0.100778ms avg: 0.053467600000000004ms} 
1545817482742 eventloop { min: 0.019788ms max: 0.086594ms avg: 0.043807200000000004ms} 
1545817483751 GC { size: 85868544bytes used: 43233032bytes duration: 6ms }
loop { count: 237 minimum: 0.000117ms maximum: 0.242069ms average: 0.0114472ms }
1545817482235 GC { size: 87441408bytes used: 39567984bytes duration: 5ms }
loop { count: 226 minimum: 0.000118ms maximum: 0.127634ms average: 0.0120684ms }
1545817484924 GC { size: 85868544bytes used: 46100416bytes duration: 8ms }
1545817484956 GC { size: 85868544bytes used: 47288064bytes duration: 0ms }
1545817484968 GC { size: 85868544bytes used: 35223360bytes duration: 12ms }
1545817484195 GC { size: 87441408bytes used: 42134824bytes duration: 6ms }
1545817485409 GC { size: 87441408bytes used: 45686584bytes duration: 7ms }
1545817485623 GC { size: 87965696bytes used: 55740816bytes duration: 0ms }
1545817485630 GC { size: 87965696bytes used: 35128624bytes duration: 6ms }
1545817486322 eventloop { min: 0.044205ms max: 0.069594ms avg: 0.0520478ms} 
1545817487615 eventloop { min: 0.039073ms max: 0.076654ms avg: 0.04829460000000001ms} 
loop { count: 145 minimum: 0.000118ms maximum: 0.134815ms average: 0.0102956ms }
1545817487743 eventloop { min: 0.029209ms max: 8.715557ms avg: 0.9145500999999999ms} 
1545817486636 GC { size: 85868544bytes used: 38939216bytes duration: 4ms }
1545817489615 GC { size: 85868544bytes used: 41290936bytes duration: 6ms }
loop { count: 231 minimum: 0.000118ms maximum: 2.6129ms average: 0.0304528ms }
1545817488194 GC { size: 87965696bytes used: 39394640bytes duration: 4ms }
1545817489638 GC { size: 87965696bytes used: 42045528bytes duration: 11ms }
loop { count: 257 minimum: 0.000116ms maximum: 0.396719ms average: 0.0141478ms }
1545817491323 eventloop { min: 0.032453ms max: 0.109851ms avg: 0.0540067ms} 
loop { count: 110 minimum: 0.000121ms maximum: 0.134874ms average: 0.0123929ms }
1545817490364 GC { size: 85868544bytes used: 44261216bytes duration: 7ms }
1545817491763 GC { size: 84295680bytes used: 35043712bytes duration: 6ms }
1545817491757 GC { size: 85868544bytes used: 55549848bytes duration: 0ms }
1545817490297 GC { size: 87965696bytes used: 45815120bytes duration: 8ms }
1545817490444 GC { size: 87965696bytes used: 55189168bytes duration: 0ms }
1545817490451 GC { size: 87965696bytes used: 35221736bytes duration: 5ms }
1545817492616 eventloop { min: 0.024258ms max: 0.082964ms avg: 0.0478152ms} 
1545817492742 eventloop { min: 0.02199ms max: 0.082612ms avg: 0.0491728ms} 
1545817493067 GC { size: 84295680bytes used: 38642272bytes duration: 4ms }
loop { count: 253 minimum: 0.000119ms maximum: 0.273723ms average: 0.0109461ms }
1545817492171 GC { size: 87965696bytes used: 39507960bytes duration: 8ms }
loop { count: 181 minimum: 0.000119ms maximum: 3.31556ms average: 0.0339836ms }
1545817494988 GC { size: 88489984bytes used: 42427896bytes duration: 7ms }
1545817496324 eventloop { min: 0.04559ms max: 0.061307ms avg: 0.0489995ms} 
1545817497615 eventloop { min: 0.038735ms max: 0.085556ms avg: 0.046849699999999994ms} 
loop { count: 133 minimum: 0.000108ms maximum: 0.133843ms average: 0.010439ms }
1545817497743 eventloop { min: 0.039688ms max: 0.254705ms avg: 0.06887150000000002ms} 
1545817496794 GC { size: 84295680bytes used: 41222416bytes duration: 10ms }
1545817496948 GC { size: 88489984bytes used: 45838312bytes duration: 8ms }
1545817496985 GC { size: 88489984bytes used: 48616600bytes duration: 0ms }
1545817496989 GC { size: 86917120bytes used: 35133064bytes duration: 4ms }
1545817498141 GC { size: 84295680bytes used: 43803152bytes duration: 6ms }
loop { count: 216 minimum: 0.000109ms maximum: 0.233275ms average: 0.0130104ms }
1545817499780 GC { size: 86917120bytes used: 39563312bytes duration: 6ms }
loop { count: 213 minimum: 0.000111ms maximum: 0.594343ms average: 0.0150974ms }
1545817501325 eventloop { min: 0.023852ms max: 0.107723ms avg: 0.05325120000000001ms} 
1545817500226 GC { size: 37634048bytes used: 31613832bytes duration: 0ms }
loop { count: 122 minimum: 0.000127ms maximum: 0.132407ms average: 0.0120802ms }
1545817499811 GC { size: 85344256bytes used: 46400776bytes duration: 8ms }
1545817499851 GC { size: 85344256bytes used: 49769024bytes duration: 0ms }
1545817499856 GC { size: 84295680bytes used: 35081824bytes duration: 4ms }
1545817501027 GC { size: 86917120bytes used: 42408872bytes duration: 8ms }
1545817501529 GC { size: 86917120bytes used: 45956280bytes duration: 20ms }
1545817502616 eventloop { min: 0.039392ms max: 0.077051ms avg: 0.050471999999999996ms} 
1545817502744 eventloop { min: 0.023368ms max: 0.114642ms avg: 0.05407649999999999ms} 
1545817501842 GC { size: 84295680bytes used: 38498024bytes duration: 6ms }
1545817502152 GC { size: 84295680bytes used: 41463512bytes duration: 7ms }
loop { count: 216 minimum: 0.00012ms maximum: 0.166212ms average: 0.012987ms }
1545817502108 GC { size: 87441408bytes used: 56698048bytes duration: 0ms }
1545817502121 GC { size: 87441408bytes used: 35215720bytes duration: 12ms }
loop { count: 218 minimum: 0.000125ms maximum: 0.210949ms average: 0.0133112ms }
1545817504610 GC { size: 84819968bytes used: 43640032bytes duration: 9ms }
1545817505068 GC { size: 85344256bytes used: 51270848bytes duration: 0ms }
1545817505074 GC { size: 83771392bytes used: 35160280bytes duration: 6ms }
1545817505384 GC { size: 83771392bytes used: 38250640bytes duration: 4ms }
1545817504044 GC { size: 87441408bytes used: 39489552bytes duration: 5ms }
1545817505417 GC { size: 87441408bytes used: 42162896bytes duration: 7ms }
1545817506326 eventloop { min: 0.044537ms max: 0.05844ms avg: 0.0508448ms} 
1545817507616 eventloop { min: 0.041665ms max: 0.077031ms avg: 0.047241700000000005ms} 
1545817507744 eventloop { min: 0.02086ms max: 0.083608ms avg: 0.0472592ms} 
loop { count: 140 minimum: 0.000114ms maximum: 0.141979ms average: 0.0104708ms }
1545817506955 GC { size: 83771392bytes used: 40981952bytes duration: 7ms }
1545817505930 GC { size: 87441408bytes used: 45658024bytes duration: 7ms }
1545817507473 GC { size: 87965696bytes used: 55788912bytes duration: 0ms }
1545817507479 GC { size: 87965696bytes used: 35251904bytes duration: 6ms }
1545817508219 GC { size: 83771392bytes used: 43581664bytes duration: 7ms }
1545817508898 GC { size: 84819968bytes used: 46203808bytes duration: 8ms }
1545817508937 GC { size: 84819968bytes used: 48290400bytes duration: 0ms }
1545817508942 GC { size: 83771392bytes used: 34982176bytes duration: 4ms }
loop { count: 251 minimum: 0.000127ms maximum: 0.287794ms average: 0.0122787ms }
1545817508417 GC { size: 87965696bytes used: 39737568bytes duration: 5ms }
loop { count: 231 minimum: 0.00011ms maximum: 0.17489ms average: 0.0123664ms }
1545817511326 eventloop { min: 0.046308ms max: 0.05819ms avg: 0.049090499999999995ms} 
loop { count: 130 minimum: 0.00012ms maximum: 0.141866ms average: 0.0106848ms }
1545817510292 GC { size: 83771392bytes used: 38660880bytes duration: 4ms }
1545817511777 GC { size: 83771392bytes used: 41147720bytes duration: 6ms }
1545817510239 GC { size: 87965696bytes used: 42404968bytes duration: 13ms }
1545817511422 GC { size: 87965696bytes used: 46246008bytes duration: 9ms }
1545817512616 eventloop { min: 0.038756ms max: 0.08685ms avg: 0.05901719999999999ms} 
1545817512744 eventloop { min: 0.039981ms max: 0.090836ms avg: 0.050651ms} 
1545817512791 GC { size: 83771392bytes used: 43368832bytes duration: 6ms }
loop { count: 216 minimum: 0.000122ms maximum: 0.189159ms average: 0.0133583ms }
1545817511931 GC { size: 87965696bytes used: 56821360bytes duration: 0ms }
1545817511937 GC { size: 85868544bytes used: 35341376bytes duration: 6ms }
1545817513609 GC { size: 85868544bytes used: 39624536bytes duration: 5ms }
loop { count: 260 minimum: 0.000122ms maximum: 1.0643ms average: 0.0201403ms }
1545817514408 GC { size: 84819968bytes used: 46032864bytes duration: 9ms }
1545817514443 GC { size: 85344256bytes used: 48996576bytes duration: 0ms }
1545817514452 GC { size: 85344256bytes used: 35018152bytes duration: 9ms }
1545817515327 GC { size: 85868544bytes used: 38639192bytes duration: 5ms }
1545817516325 eventloop { min: 0.045269ms max: 0.060077ms avg: 0.050784300000000004ms} 
1545817517616 eventloop { min: 0.038227ms max: 0.073379ms avg: 0.0470462ms} 
loop { count: 149 minimum: 0.000123ms maximum: 0.133697ms average: 0.0100583ms }
1545817517749 eventloop { min: 0.040224ms max: 0.085867ms avg: 0.049838ms} 
1545817516090 GC { size: 85868544bytes used: 40964968bytes duration: 6ms }
1545817517409 GC { size: 85868544bytes used: 43622456bytes duration: 7ms }
1545817516190 GC { size: 85868544bytes used: 42264144bytes duration: 6ms }
1545817516511 GC { size: 85868544bytes used: 45860312bytes duration: 8ms }
1545817517696 GC { size: 85868544bytes used: 54344864bytes duration: 0ms }
1545817517701 GC { size: 85868544bytes used: 35458256bytes duration: 5ms }
1545817518085 GC { size: 85868544bytes used: 46258384bytes duration: 8ms }
1545817518121 GC { size: 85868544bytes used: 49291408bytes duration: 0ms }
1545817518126 GC { size: 84819968bytes used: 35052584bytes duration: 5ms }
1545817519640 GC { size: 84819968bytes used: 38740424bytes duration: 4ms }
loop { count: 270 minimum: 0.000113ms maximum: 0.218352ms average: 0.01131ms }
1545817518357 GC { size: 85868544bytes used: 39361752bytes duration: 4ms }
loop { count: 213 minimum: 0.000118ms maximum: 0.464294ms average: 0.0155606ms }
1545817521326 eventloop { min: 0.046788ms max: 0.091684ms avg: 0.0542852ms} 
loop { count: 131 minimum: 0.000118ms maximum: 0.132914ms average: 0.0114588ms }
1545817521089 GC { size: 84819968bytes used: 40921696bytes duration: 5ms }
1545817521644 GC { size: 85868544bytes used: 43672696bytes duration: 6ms }
1545817519868 GC { size: 85868544bytes used: 42101808bytes duration: 9ms }
1545817521404 GC { size: 85868544bytes used: 45740568bytes duration: 8ms }
1545817521740 GC { size: 86392832bytes used: 55532072bytes duration: 0ms }
1545817521746 GC { size: 86392832bytes used: 35371608bytes duration: 5ms }
1545817522616 eventloop { min: 0.040712ms max: 9.576258ms avg: 1.7409650999999997ms} 
1545817522751 eventloop { min: 0.038673ms max: 9.024164ms avg: 0.9492773ms} 
1545817523291 GC { size: 86917120bytes used: 46299792bytes duration: 6ms }
1545817523331 GC { size: 86917120bytes used: 49587704bytes duration: 0ms }
1545817523337 GC { size: 85344256bytes used: 35088936bytes duration: 5ms }
loop { count: 227 minimum: 0.000119ms maximum: 0.183526ms average: 0.0125866ms }
1545817523773 GC { size: 86392832bytes used: 39611272bytes duration: 5ms }
loop { count: 207 minimum: 0.000117ms maximum: 1.27271ms average: 0.0185602ms }
1545817524694 GC { size: 85344256bytes used: 38675928bytes duration: 4ms }
1545817525607 GC { size: 86392832bytes used: 42529072bytes duration: 8ms }
1545817526326 eventloop { min: 0.046174ms max: 0.078459ms avg: 0.052204600000000004ms} 
1545817527615 eventloop { min: 0.035185ms max: 0.090948ms avg: 0.052299000000000005ms} 
loop { count: 136 minimum: 0.000117ms maximum: 0.138088ms average: 0.0104815ms }
1545817527759 eventloop { min: 0.039273ms max: 0.085732ms avg: 0.0489969ms} 
1545817526829 GC { size: 86917120bytes used: 46074664bytes duration: 7ms }
1545817526875 GC { size: 86917120bytes used: 48831272bytes duration: 0ms }
1545817526880 GC { size: 85868544bytes used: 35240880bytes duration: 4ms }
1545817527882 GC { size: 85344256bytes used: 40990760bytes duration: 6ms }
1545817528683 GC { size: 85344256bytes used: 43674752bytes duration: 6ms }
1545817529741 GC { size: 86392832bytes used: 46335360bytes duration: 7ms }
1545817529779 GC { size: 86392832bytes used: 48836432bytes duration: 0ms }
loop { count: 219 minimum: 0.000109ms maximum: 0.332976ms average: 0.0172836ms }
1545817527951 GC { size: 85868544bytes used: 39861504bytes duration: 5ms }
1545817529251 GC { size: 85868544bytes used: 42473112bytes duration: 8ms }
loop { count: 243 minimum: 0.000119ms maximum: 0.182565ms average: 0.0133389ms }
1545817531325 eventloop { min: 0.04446ms max: 0.065568ms avg: 0.0528535ms} 
loop { count: 127 minimum: 0.000114ms maximum: 1.48176ms average: 0.0225059ms }
1545817529784 GC { size: 84819968bytes used: 35094856bytes duration: 5ms }
1545817530958 GC { size: 84819968bytes used: 38549208bytes duration: 4ms }
1545817530167 GC { size: 86917120bytes used: 45888192bytes duration: 8ms }
1545817530776 GC { size: 87441408bytes used: 55155192bytes duration: 0ms }
1545817530782 GC { size: 85868544bytes used: 35254776bytes duration: 5ms }
1545817532616 eventloop { min: 0.037646ms max: 0.08724ms avg: 0.0520308ms} 
1545817532760 eventloop { min: 0.040726ms max: 0.082786ms avg: 0.0515475ms} 
1545817533061 GC { size: 84819968bytes used: 40966288bytes duration: 6ms }
loop { count: 213 minimum: 0.00012ms maximum: 0.254758ms average: 0.0157763ms }
loop { count: 178 minimum: 0.000106ms maximum: 0.205112ms average: 0.0150895ms }
1545817535449 GC { size: 84819968bytes used: 43777808bytes duration: 8ms }
1545817535582 GC { size: 84819968bytes used: 56897456bytes duration: 0ms }
1545817535589 GC { size: 83247104bytes used: 35164776bytes duration: 6ms }
1545817534044 GC { size: 85868544bytes used: 39328568bytes duration: 5ms }
1545817536331 eventloop { min: 0.047799ms max: 0.062392ms avg: 0.052889ms} 
1545817537616 eventloop { min: 0.038496ms max: 0.051104ms avg: 0.0425605ms} 
loop { count: 131 minimum: 0.000116ms maximum: 0.133469ms average: 0.0110367ms }
1545817537760 eventloop { min: 0.041613ms max: 0.404874ms avg: 0.08897650000000001ms} 
1545817537166 GC { size: 83247104bytes used: 38863640bytes duration: 4ms }
1545817537093 GC { size: 85868544bytes used: 42093368bytes duration: 7ms }
1545817537211 GC { size: 85868544bytes used: 45680104bytes duration: 7ms }
1545817537586 GC { size: 86392832bytes used: 55999976bytes duration: 0ms }
1545817537592 GC { size: 86392832bytes used: 35434224bytes duration: 5ms }
1545817538458 GC { size: 83247104bytes used: 41236072bytes duration: 6ms }
1545817539763 GC { size: 83247104bytes used: 43671504bytes duration: 6ms }
loop { count: 215 minimum: 0.000117ms maximum: 0.143541ms average: 0.0140038ms }
loop { count: 212 minimum: 0.000113ms maximum: 0.47029ms average: 0.014165ms }
1545817541331 eventloop { min: 0.038459ms max: 0.05876ms avg: 0.049016500000000005ms} 
loop { count: 129 minimum: 0.000124ms maximum: 0.135763ms average: 0.0105577ms }
1545817541641 GC { size: 84295680bytes used: 46320280bytes duration: 6ms }
1545817541677 GC { size: 84819968bytes used: 49361056bytes duration: 0ms }
1545817541688 GC { size: 84819968bytes used: 35068840bytes duration: 10ms }
1545817540806 GC { size: 86392832bytes used: 39627720bytes duration: 5ms }
1545817542616 eventloop { min: 0.036024ms max: 0.110485ms avg: 0.05357970000000001ms} 
1545817542768 eventloop { min: 0.039581ms max: 0.08055ms avg: 0.04910640000000001ms} 
1545817543352 GC { size: 84819968bytes used: 38698808bytes duration: 4ms }
loop { count: 215 minimum: 0.000123ms maximum: 0.692691ms average: 0.0143358ms }
1545817542854 GC { size: 86392832bytes used: 42730768bytes duration: 7ms }
1545817543532 GC { size: 86392832bytes used: 46139664bytes duration: 8ms }
1545817543581 GC { size: 86917120bytes used: 49071704bytes duration: 0ms }
1545817543587 GC { size: 86917120bytes used: 35305176bytes duration: 5ms }
loop { count: 193 minimum: 0.000117ms maximum: 0.331791ms average: 0.0144245ms }
1545817543747 GC { size: 37634048bytes used: 31675240bytes duration: 0ms }
1545817544534 GC { size: 84819968bytes used: 40947960bytes duration: 6ms }
1545817545425 GC { size: 84819968bytes used: 43676824bytes duration: 6ms }
1545817545626 GC { size: 86917120bytes used: 39695880bytes duration: 5ms }
1545817546332 eventloop { min: 0.044981ms max: 0.089363ms avg: 0.0571905ms} 
1545817547617 eventloop { min: 0.022775ms max: 0.200995ms avg: 0.056896199999999994ms} 
loop { count: 134 minimum: 0.000112ms maximum: 0.205022ms average: 0.0112235ms }
1545817547767 eventloop { min: 0.031626ms max: 0.073791ms avg: 0.04409819999999999ms} 
1545817547647 GC { size: 86917120bytes used: 42478272bytes duration: 7ms }
1545817549298 GC { size: 84819968bytes used: 46234672bytes duration: 7ms }
1545817549337 GC { size: 84819968bytes used: 49264440bytes duration: 0ms }
1545817549342 GC { size: 84819968bytes used: 35204992bytes duration: 5ms }
loop { count: 184 minimum: 0.000122ms maximum: 0.845417ms average: 0.0191037ms }
loop { count: 225 minimum: 0.000111ms maximum: 0.774004ms average: 0.0177356ms }
1545817551332 eventloop { min: 0.045214ms max: 0.081857ms avg: 0.0528544ms} 
loop { count: 116 minimum: 0.000118ms maximum: 0.174327ms average: 0.0123052ms }
1545817550189 GC { size: 84819968bytes used: 38604792bytes duration: 5ms }
1545817552618 eventloop { min: 0.037852ms max: 0.075495ms avg: 0.044683799999999996ms} 
1545817552767 eventloop { min: 0.036862ms max: 4.286674ms avg: 0.4727914999999999ms} 
1545817551947 GC { size: 84819968bytes used: 41113480bytes duration: 7ms }
1545817553164 GC { size: 84819968bytes used: 44157360bytes duration: 7ms }
loop { count: 236 minimum: 0.00012ms maximum: 0.314561ms average: 0.0127394ms }
1545817552266 GC { size: 86917120bytes used: 45460616bytes duration: 10ms }
1545817552306 GC { size: 87441408bytes used: 49142240bytes duration: 0ms }
1545817552311 GC { size: 86392832bytes used: 35411800bytes duration: 4ms }
1545817553566 GC { size: 86392832bytes used: 39720096bytes duration: 4ms }
loop { count: 196 minimum: 0.000122ms maximum: 0.161939ms average: 0.0121345ms }
1545817556331 eventloop { min: 0.044236ms max: 0.101256ms avg: 0.0517572ms} 
1545817557618 eventloop { min: 0.038308ms max: 0.069738ms avg: 0.0463434ms} 
loop { count: 137 minimum: 0.000107ms maximum: 0.218584ms average: 0.0117204ms }
1545817557767 eventloop { min: 0.039054ms max: 0.084202ms avg: 0.051707899999999994ms} 
1545817555919 GC { size: 85868544bytes used: 46483000bytes duration: 7ms }
1545817555958 GC { size: 85868544bytes used: 51064056bytes duration: 0ms }
1545817555964 GC { size: 85868544bytes used: 35308424bytes duration: 5ms }
1545817557661 GC { size: 85868544bytes used: 39211456bytes duration: 5ms }
1545817556691 GC { size: 86392832bytes used: 42501184bytes duration: 7ms }
1545817557235 GC { size: 87965696bytes used: 46076128bytes duration: 8ms }
1545817558255 GC { size: 85868544bytes used: 41430296bytes duration: 13ms }
loop { count: 217 minimum: 0.000113ms maximum: 0.166466ms average: 0.0134796ms }
1545817559068 GC { size: 87965696bytes used: 57116832bytes duration: 0ms }
1545817559075 GC { size: 85868544bytes used: 35623584bytes duration: 7ms }
loop { count: 252 minimum: 0.000113ms maximum: 0.861317ms average: 0.0153718ms }
1545817561332 eventloop { min: 0.039136ms max: 0.088687ms avg: 0.051714899999999994ms} 
loop { count: 127 minimum: 0.000123ms maximum: 0.146286ms average: 0.0113423ms }
1545817559880 GC { size: 85868544bytes used: 44022800bytes duration: 10ms }
1545817560905 GC { size: 86917120bytes used: 46538232bytes duration: 7ms }
1545817560947 GC { size: 87441408bytes used: 51072560bytes duration: 0ms }
1545817560953 GC { size: 85868544bytes used: 35371608bytes duration: 5ms }
1545817559916 GC { size: 85868544bytes used: 39904448bytes duration: 5ms }
1545817561144 GC { size: 85868544bytes used: 43177032bytes duration: 7ms }
1545817562617 eventloop { min: 0.028846ms max: 11.157821ms avg: 2.2297533ms} 
1545817562768 eventloop { min: 0.024422ms max: 0.121691ms avg: 0.05238230000000001ms} 
1545817563667 GC { size: 85868544bytes used: 39120768bytes duration: 5ms }
loop { count: 270 minimum: 0.00012ms maximum: 10.051ms average: 0.0505985ms }
1545817562325 GC { size: 86917120bytes used: 46337968bytes duration: 17ms }
1545817562416 GC { size: 86917120bytes used: 49331856bytes duration: 0ms }
1545817562429 GC { size: 85868544bytes used: 35463048bytes duration: 12ms }
1545817563596 GC { size: 85868544bytes used: 39811944bytes duration: 5ms }
loop { count: 275 minimum: 0.000118ms maximum: 0.173081ms average: 0.0100721ms }
1545817564224 GC { size: 85868544bytes used: 41590840bytes duration: 13ms }
1545817565249 GC { size: 85868544bytes used: 44657776bytes duration: 7ms }
1545817565668 GC { size: 85868544bytes used: 42583016bytes duration: 11ms }
1545817566332 eventloop { min: 0.042212ms max: 0.05848ms avg: 0.048726599999999995ms} 
1545817567618 eventloop { min: 0.039099ms max: 0.082855ms avg: 0.0462166ms} 
loop { count: 144 minimum: 0.000127ms maximum: 0.121597ms average: 0.0115314ms }
1545817567773 eventloop { min: 0.039964ms max: 0.073305ms avg: 0.04798ms} 
1545817565985 GC { size: 85868544bytes used: 58579848bytes duration: 0ms }
1545817565992 GC { size: 84295680bytes used: 35525528bytes duration: 6ms }
1545817567009 GC { size: 84295680bytes used: 39124456bytes duration: 4ms }
1545817567776 GC { size: 85868544bytes used: 45909344bytes duration: 8ms }
loop { count: 230 minimum: 0.000118ms maximum: 4.95083ms average: 0.0320739ms }
1545817568309 GC { size: 86392832bytes used: 56594880bytes duration: 0ms }
1545817568336 GC { size: 86392832bytes used: 35589608bytes duration: 26ms }
loop { count: 197 minimum: 0.000112ms maximum: 0.223233ms average: 0.0146775ms }
1545817571332 eventloop { min: 0.039819ms max: 0.046764ms avg: 0.044436199999999995ms} 
loop { count: 114 minimum: 0.000122ms maximum: 0.128087ms average: 0.0109747ms }
1545817569933 GC { size: 84295680bytes used: 41626872bytes duration: 6ms }
1545817570902 GC { size: 84295680bytes used: 44302392bytes duration: 7ms }
1545817570080 GC { size: 86392832bytes used: 39845528bytes duration: 6ms }
1545817572618 eventloop { min: 0.039919ms max: 0.178668ms avg: 0.0615372ms} 
1545817572769 eventloop { min: 0.020524ms max: 0.079416ms avg: 0.043201100000000006ms} 
1545817572234 GC { size: 85344256bytes used: 46800448bytes duration: 15ms }
1545817572301 GC { size: 85344256bytes used: 49635008bytes duration: 0ms }
1545817572306 GC { size: 84295680bytes used: 35361832bytes duration: 4ms }
1545817573513 GC { size: 84295680bytes used: 38717856bytes duration: 4ms }
loop { count: 232 minimum: 0.000121ms maximum: 0.215792ms average: 0.011102ms }
1545817572203 GC { size: 86392832bytes used: 42754560bytes duration: 9ms }
1545817572281 GC { size: 87441408bytes used: 46490560bytes duration: 9ms }
1545817572790 GC { size: 87965696bytes used: 56851456bytes duration: 0ms }
1545817572796 GC { size: 87965696bytes used: 35555304bytes duration: 6ms }
loop { count: 198 minimum: 0.000105ms maximum: 0.442041ms average: 0.0157814ms }
1545817574497 GC { size: 87965696bytes used: 40107688bytes duration: 10ms }
1545817575541 GC { size: 87965696bytes used: 42715544bytes duration: 8ms }
1545817576332 eventloop { min: 0.040028ms max: 0.060237ms avg: 0.0493462ms} 
1545817577617 eventloop { min: 0.038297ms max: 0.639774ms avg: 0.1217711ms} 
loop { count: 133 minimum: 0.000114ms maximum: 0.131306ms average: 0.0113619ms }
1545817577768 eventloop { min: 0.023071ms max: 0.069274ms avg: 0.04103ms} 
1545817576584 GC { size: 84295680bytes used: 41168672bytes duration: 6ms }
1545817577136 GC { size: 84295680bytes used: 44000256bytes duration: 6ms }
1545817577047 GC { size: 87965696bytes used: 46218072bytes duration: 8ms }
1545817577369 GC { size: 87965696bytes used: 54742704bytes duration: 0ms }
1545817577382 GC { size: 87965696bytes used: 35439864bytes duration: 12ms }
1545817578289 GC { size: 84295680bytes used: 46486768bytes duration: 7ms }
1545817578326 GC { size: 84819968bytes used: 49582720bytes duration: 0ms }
1545817578331 GC { size: 84819968bytes used: 35333504bytes duration: 4ms }
1545817579275 GC { size: 84819968bytes used: 38738368bytes duration: 5ms }
loop { count: 189 minimum: 0.000122ms maximum: 0.260328ms average: 0.0145491ms }
1545817579128 GC { size: 87965696bytes used: 39593016bytes duration: 5ms }
loop { count: 229 minimum: 0.000109ms maximum: 0.642451ms average: 0.0137888ms }
1545817581331 eventloop { min: 0.043695ms max: 0.076697ms avg: 0.0534863ms} 
loop { count: 127 minimum: 0.000111ms maximum: 0.136578ms average: 0.0118721ms }
1545817580440 GC { size: 84819968bytes used: 41198096bytes duration: 6ms }
1545817581077 GC { size: 85344256bytes used: 43972856bytes duration: 7ms }
1545817582618 eventloop { min: 0.03346ms max: 0.057627ms avg: 0.0417095ms} 
1545817582769 eventloop { min: 0.039395ms max: 0.120142ms avg: 0.057072500000000005ms} 
1545817582218 GC { size: 86392832bytes used: 46819288bytes duration: 7ms }
1545817582254 GC { size: 86392832bytes used: 49148528bytes duration: 0ms }
1545817582260 GC { size: 84819968bytes used: 35313496bytes duration: 5ms }
loop { count: 238 minimum: 0.000115ms maximum: 0.241026ms average: 0.0131475ms }
1545817582515 GC { size: 87965696bytes used: 42432416bytes duration: 7ms }
1545817583720 GC { size: 87965696bytes used: 45925672bytes duration: 10ms }
loop { count: 214 minimum: 0.000109ms maximum: 0.167028ms average: 0.0125986ms }
1545817584749 GC { size: 88489984bytes used: 57582920bytes duration: 0ms }
1545817584755 GC { size: 86392832bytes used: 35742696bytes duration: 6ms }
1545817585418 GC { size: 86392832bytes used: 39890392bytes duration: 4ms }
1545817586332 eventloop { min: 0.037974ms max: 0.053808ms avg: 0.04401959999999999ms} 
1545817587618 eventloop { min: 0.037586ms max: 3.382231ms avg: 0.3813591ms} 
loop { count: 141 minimum: 0.000122ms maximum: 0.16078ms average: 0.0100981ms }
1545817587768 eventloop { min: 0.038652ms max: 0.071064ms avg: 0.0442301ms} 
1545817586490 GC { size: 84819968bytes used: 38565456bytes duration: 5ms }
1545817586539 GC { size: 86392832bytes used: 42585640bytes duration: 6ms }
1545817587794 GC { size: 84819968bytes used: 41372768bytes duration: 7ms }
1545817589057 GC { size: 84819968bytes used: 43447496bytes duration: 6ms }
loop { count: 189 minimum: 0.000118ms maximum: 0.126285ms average: 0.0137512ms }
1545817588407 GC { size: 87441408bytes used: 46203168bytes duration: 7ms }
1545817588895 GC { size: 87965696bytes used: 57070168bytes duration: 0ms }
1545817588902 GC { size: 86392832bytes used: 35547600bytes duration: 6ms }
loop { count: 210 minimum: 0.000105ms maximum: 0.174997ms average: 0.0126246ms }
1545817591331 eventloop { min: 0.037855ms max: 0.051286ms avg: 0.043833ms} 
1545817590736 GC { size: 37634048bytes used: 31724280bytes duration: 0ms }
loop { count: 126 minimum: 0.000119ms maximum: 0.185733ms average: 0.0117458ms }
1545817590747 GC { size: 84819968bytes used: 46433536bytes duration: 7ms }
1545817590776 GC { size: 85344256bytes used: 46617368bytes duration: 0ms }
1545817590780 GC { size: 85344256bytes used: 35133568bytes duration: 4ms }
1545817591489 GC { size: 85344256bytes used: 38709752bytes duration: 4ms }
1545817592619 eventloop { min: 0.038204ms max: 0.09784ms avg: 0.052532ms} 
1545817592769 eventloop { min: 0.032075ms max: 0.100104ms avg: 0.04886730000000001ms} 
1545817593114 GC { size: 85344256bytes used: 41130392bytes duration: 6ms }
loop { count: 238 minimum: 0.000113ms maximum: 0.679833ms average: 0.0125266ms }
1545817592512 GC { size: 86392832bytes used: 39573112bytes duration: 5ms }
loop { count: 243 minimum: 0.000115ms maximum: 0.15165ms average: 0.0113919ms }
1545817594232 GC { size: 85344256bytes used: 44045904bytes duration: 6ms }
1545817594150 GC { size: 86392832bytes used: 42780552bytes duration: 7ms }
1545817595588 GC { size: 87441408bytes used: 45980760bytes duration: 8ms }
1545817595624 GC { size: 87441408bytes used: 49493352bytes duration: 0ms }
1545817595628 GC { size: 85868544bytes used: 35679440bytes duration: 4ms }
1545817596332 eventloop { min: 0.040107ms max: 0.051537ms avg: 0.04318589999999999ms} 
1545817597619 eventloop { min: 0.039218ms max: 0.087792ms avg: 0.049697399999999996ms} 
loop { count: 136 minimum: 0.000123ms maximum: 0.124038ms average: 0.00998224ms }
1545817597769 eventloop { min: 0.036236ms max: 0.0798ms avg: 0.0473834ms} 
1545817595944 GC { size: 85868544bytes used: 56870504bytes duration: 0ms }
1545817595950 GC { size: 83247104bytes used: 35454200bytes duration: 6ms }
1545817596931 GC { size: 83247104bytes used: 38913880bytes duration: 6ms }
1545817597632 GC { size: 83247104bytes used: 41484696bytes duration: 6ms }
1545817598373 GC { size: 83247104bytes used: 44152936bytes duration: 6ms }
loop { count: 239 minimum: 0.000102ms maximum: 0.195449ms average: 0.0114515ms }
loop { count: 201 minimum: 0.000106ms maximum: 0.523179ms average: 0.0178806ms }
1545817601331 eventloop { min: 0.042222ms max: 0.062208ms avg: 0.0461857ms} 
loop { count: 116 minimum: 0.000117ms maximum: 0.128544ms average: 0.0116639ms }
1545817599977 GC { size: 84295680bytes used: 46656520bytes duration: 7ms }
1545817600021 GC { size: 84295680bytes used: 51111232bytes duration: 0ms }
1545817600027 GC { size: 84295680bytes used: 35297424bytes duration: 6ms }
1545817601392 GC { size: 84295680bytes used: 38718232bytes duration: 4ms }
1545817600057 GC { size: 85868544bytes used: 39663680bytes duration: 6ms }
1545817602620 eventloop { min: 0.038269ms max: 0.058629ms avg: 0.0443229ms} 
1545817602768 eventloop { min: 0.039863ms max: 0.082032ms avg: 0.048888499999999994ms} 
1545817603141 GC { size: 84295680bytes used: 41165784bytes duration: 6ms }
loop { count: 204 minimum: 0.000118ms maximum: 0.31168ms average: 0.0130509ms }
1545817602173 GC { size: 85868544bytes used: 42764632bytes duration: 7ms }
1545817603077 GC { size: 86917120bytes used: 46049024bytes duration: 7ms }
loop { count: 192 minimum: 0.000108ms maximum: 0.191091ms average: 0.0132825ms }
1545817603962 GC { size: 84295680bytes used: 44239464bytes duration: 11ms }
1545817605251 GC { size: 85344256bytes used: 46312872bytes duration: 9ms }
1545817605290 GC { size: 85344256bytes used: 49885104bytes duration: 0ms }
1545817605295 GC { size: 84295680bytes used: 35466200bytes duration: 5ms }
1545817604412 GC { size: 87441408bytes used: 56473592bytes duration: 0ms }
1545817604419 GC { size: 87441408bytes used: 35690232bytes duration: 6ms }
1545817606334 eventloop { min: 0.041529ms max: 0.065597ms avg: 0.0485782ms} 
1545817607621 eventloop { min: 0.038936ms max: 0.159979ms avg: 0.0614317ms} 
loop { count: 146 minimum: 0.00012ms maximum: 0.139586ms average: 0.0108383ms }
1545817607769 eventloop { min: 0.039831ms max: 5.215316ms avg: 0.5653209000000001ms} 
1545817606566 GC { size: 84295680bytes used: 39132448bytes duration: 6ms }
1545817606043 GC { size: 87441408bytes used: 39858384bytes duration: 5ms }
1545817608600 GC { size: 84295680bytes used: 41613416bytes duration: 7ms }
1545817609276 GC { size: 85344256bytes used: 44480920bytes duration: 6ms }
loop { count: 232 minimum: 0.000118ms maximum: 0.188112ms average: 0.0112036ms }
1545817608348 GC { size: 87441408bytes used: 42968656bytes duration: 7ms }
1545817609111 GC { size: 87441408bytes used: 46255856bytes duration: 7ms }
1545817609148 GC { size: 87965696bytes used: 49111080bytes duration: 0ms }
1545817609153 GC { size: 86392832bytes used: 35537264bytes duration: 4ms }
loop { count: 201 minimum: 0.000113ms maximum: 0.187639ms average: 0.0147118ms }
1545817611335 eventloop { min: 0.042069ms max: 0.05565ms avg: 0.046638399999999997ms} 
loop { count: 136 minimum: 0.000126ms maximum: 0.123795ms average: 0.010283ms }
1545817610661 GC { size: 85868544bytes used: 46795760bytes duration: 7ms }
1545817610697 GC { size: 85868544bytes used: 49994712bytes duration: 0ms }
1545817610703 GC { size: 85868544bytes used: 35522176bytes duration: 5ms }
1545817610501 GC { size: 86392832bytes used: 39808968bytes duration: 5ms }
1545817611693 GC { size: 86392832bytes used: 42663664bytes duration: 9ms }
1545817612621 eventloop { min: 0.038802ms max: 0.083918ms avg: 0.047520200000000005ms} 
1545817612769 eventloop { min: 0.038756ms max: 14.89424ms avg: 1.5349198999999998ms} 
1545817613106 GC { size: 85868544bytes used: 39587136bytes duration: 7ms }
1545817613546 GC { size: 85868544bytes used: 41744336bytes duration: 7ms }
loop { count: 224 minimum: 0.000115ms maximum: 0.739379ms average: 0.0166475ms }
1545817612722 GC { size: 86392832bytes used: 46305080bytes duration: 8ms }
1545817613605 GC { size: 86917120bytes used: 56277720bytes duration: 0ms }
1545817613612 GC { size: 85868544bytes used: 35865880bytes duration: 6ms }
loop { count: 251 minimum: 0.000106ms maximum: 0.185384ms average: 0.0114049ms }
1545817615397 GC { size: 85868544bytes used: 44627248bytes duration: 6ms }
1545817615552 GC { size: 86392832bytes used: 57779592bytes duration: 0ms }
1545817615552 GC { size: 86392832bytes used: 57779592bytes duration: 0ms }
1545817615559 GC { size: 86392832bytes used: 35481136bytes duration: 6ms }
1545817616334 eventloop { min: 0.044548ms max: 0.085699ms avg: 0.05616909999999999ms} 
1545817617621 eventloop { min: 0.038126ms max: 0.06735ms avg: 0.0452004ms} 
loop { count: 131 minimum: 0.00012ms maximum: 0.139267ms average: 0.0110582ms }
1545817617769 eventloop { min: 0.038574ms max: 0.071153ms avg: 0.04608620000000001ms} 
1545817618184 GC { size: 86392832bytes used: 38991616bytes duration: 4ms }
1545817619445 GC { size: 86392832bytes used: 41150360bytes duration: 5ms }
loop { count: 227 minimum: 0.000114ms maximum: 0.235558ms average: 0.0126789ms }
1545817617943 GC { size: 85868544bytes used: 39800408bytes duration: 5ms }
1545817619115 GC { size: 85868544bytes used: 43355856bytes duration: 7ms }
loop { count: 190 minimum: 0.000104ms maximum: 2.35649ms average: 0.0287882ms }
1545817621335 eventloop { min: 0.043986ms max: 0.062971ms avg: 0.05072599999999999ms} 
loop { count: 126 minimum: 0.000124ms maximum: 0.189506ms average: 0.0134095ms }
1545817620005 GC { size: 86392832bytes used: 43938048bytes duration: 6ms }
1545817620733 GC { size: 86392832bytes used: 46668496bytes duration: 8ms }
1545817620791 GC { size: 86392832bytes used: 49235624bytes duration: 0ms }
1545817620797 GC { size: 84819968bytes used: 35359496bytes duration: 5ms }
1545817620750 GC { size: 87441408bytes used: 46367632bytes duration: 8ms }
1545817620819 GC { size: 87441408bytes used: 48785232bytes duration: 0ms }
1545817620824 GC { size: 86392832bytes used: 35730352bytes duration: 4ms }
1545817622621 eventloop { min: 0.026326ms max: 0.078546ms avg: 0.048376300000000004ms} 
1545817622768 eventloop { min: 0.039863ms max: 17.314349ms avg: 1.7744512000000001ms} 
loop { count: 243 minimum: 0.000122ms maximum: 0.180839ms average: 0.0122007ms }
1545817622691 GC { size: 86392832bytes used: 39859240bytes duration: 9ms }
loop { count: 202 minimum: 0.000116ms maximum: 0.164087ms average: 0.013661ms }
1545817624104 GC { size: 84819968bytes used: 39168376bytes duration: 7ms }
1545817625388 GC { size: 84819968bytes used: 41724736bytes duration: 7ms }
1545817624856 GC { size: 86392832bytes used: 43010640bytes duration: 7ms }
1545817626334 eventloop { min: 0.043119ms max: 0.075016ms avg: 0.054861499999999994ms} 
1545817627621 eventloop { min: 0.037517ms max: 0.07814ms avg: 0.047555200000000006ms} 
loop { count: 138 minimum: 0.000113ms maximum: 0.16967ms average: 0.0116204ms }
1545817627769 eventloop { min: 0.039276ms max: 0.084826ms avg: 0.048600199999999996ms} 
1545817626379 GC { size: 84819968bytes used: 44553064bytes duration: 8ms }
1545817627447 GC { size: 84819968bytes used: 46708200bytes duration: 11ms }
1545817627491 GC { size: 85868544bytes used: 50872336bytes duration: 0ms }
1545817627496 GC { size: 85868544bytes used: 35679744bytes duration: 5ms }
1545817626206 GC { size: 87965696bytes used: 46297088bytes duration: 7ms }
1545817626243 GC { size: 87965696bytes used: 49553408bytes duration: 0ms }
1545817626248 GC { size: 87965696bytes used: 35598496bytes duration: 4ms }
1545817627561 GC { size: 87965696bytes used: 39973720bytes duration: 7ms }
loop { count: 233 minimum: 0.000123ms maximum: 0.284542ms average: 0.0138025ms }
loop { count: 247 minimum: 0.000129ms maximum: 0.321131ms average: 0.0137155ms }
1545817631335 eventloop { min: 0.042272ms max: 0.058618ms avg: 0.048220599999999995ms} 
loop { count: 133 minimum: 0.000121ms maximum: 0.133518ms average: 0.0110013ms }
1545817630302 GC { size: 85868544bytes used: 39170744bytes duration: 4ms }
1545817630069 GC { size: 87965696bytes used: 42965144bytes duration: 7ms }
1545817632621 eventloop { min: 0.038675ms max: 0.066706ms avg: 0.0447344ms} 
1545817632769 eventloop { min: 0.036315ms max: 0.096289ms avg: 0.0505104ms} 
1545817632072 GC { size: 85868544bytes used: 41964008bytes duration: 10ms }
1545817633355 GC { size: 85868544bytes used: 44680944bytes duration: 7ms }
loop { count: 203 minimum: 0.000118ms maximum: 0.212241ms average: 0.014772ms }
1545817632140 GC { size: 87965696bytes used: 45997536bytes duration: 11ms }
1545817632218 GC { size: 88489984bytes used: 51318744bytes duration: 0ms }
1545817632228 GC { size: 88489984bytes used: 35650976bytes duration: 10ms }
loop { count: 188 minimum: 0.000105ms maximum: 0.284175ms average: 0.0153261ms }
1545817634189 GC { size: 86917120bytes used: 46809160bytes duration: 13ms }
1545817634225 GC { size: 86917120bytes used: 47512136bytes duration: 0ms }
1545817634230 GC { size: 85868544bytes used: 35406304bytes duration: 4ms }
1545817633852 GC { size: 88489984bytes used: 40049432bytes duration: 5ms }
1545817634321 GC { size: 88489984bytes used: 43063576bytes duration: 7ms }
1545817636334 eventloop { min: 0.044405ms max: 0.07734ms avg: 0.0518729ms} 
1545817637621 eventloop { min: 0.039496ms max: 0.069568ms avg: 0.048191500000000005ms} 
1545817637734 GC { size: 37634048bytes used: 31781328bytes duration: 0ms }
loop { count: 151 minimum: 0.000125ms maximum: 0.16661ms average: 0.0114004ms }
1545817637769 eventloop { min: 0.035176ms max: 10.136569ms avg: 1.0561280000000002ms} 
1545817635931 GC { size: 85868544bytes used: 38837816bytes duration: 4ms }
1545817636216 GC { size: 89538560bytes used: 46028096bytes duration: 7ms }
1545817636281 GC { size: 90062848bytes used: 55056376bytes duration: 0ms }
1545817636287 GC { size: 88489984bytes used: 35581320bytes duration: 5ms }
1545817638472 GC { size: 85868544bytes used: 41356520bytes duration: 7ms }
1545817639411 GC { size: 85868544bytes used: 44133528bytes duration: 8ms }
loop { count: 236 minimum: 0.000109ms maximum: 0.15105ms average: 0.0114497ms }
1545817638175 GC { size: 88489984bytes used: 39709136bytes duration: 7ms }
1545817639472 GC { size: 88489984bytes used: 42544464bytes duration: 7ms }
loop { count: 259 minimum: 0.000124ms maximum: 0.57579ms average: 0.0157044ms }
1545817641335 eventloop { min: 0.042544ms max: 0.059301ms avg: 0.047251800000000004ms} 
loop { count: 121 minimum: 0.000128ms maximum: 0.132559ms average: 0.0114313ms }
1545817640012 GC { size: 86392832bytes used: 46730872bytes duration: 10ms }
1545817640047 GC { size: 86917120bytes used: 49524584bytes duration: 0ms }
1545817640053 GC { size: 85868544bytes used: 35449896bytes duration: 5ms }
1545817641400 GC { size: 86392832bytes used: 39062872bytes duration: 8ms }
1545817641202 GC { size: 88489984bytes used: 45864696bytes duration: 7ms }
1545817641442 GC { size: 88489984bytes used: 56157184bytes duration: 0ms }
1545817641448 GC { size: 88489984bytes used: 35704104bytes duration: 5ms }
1545817642622 eventloop { min: 0.036078ms max: 8.209801ms avg: 0.8633761ms} 
1545817642770 eventloop { min: 0.039196ms max: 0.106946ms avg: 0.0555439ms} 
1545817643042 GC { size: 86392832bytes used: 41440896bytes duration: 6ms }
1545817643779 GC { size: 86392832bytes used: 44017944bytes duration: 6ms }
loop { count: 226 minimum: 0.00012ms maximum: 0.293115ms average: 0.0123711ms }
1545817643550 GC { size: 88489984bytes used: 39969976bytes duration: 5ms }
loop { count: 197 minimum: 0.000104ms maximum: 0.151622ms average: 0.0130876ms }
1545817645039 GC { size: 86392832bytes used: 46674024bytes duration: 8ms }
1545817645080 GC { size: 86392832bytes used: 49631904bytes duration: 0ms }
1545817645089 GC { size: 84819968bytes used: 35435056bytes duration: 8ms }
1545817646334 eventloop { min: 0.041779ms max: 0.066838ms avg: 0.049136400000000004ms} 
1545817647656 eventloop { min: 0.026926ms max: 0.051228ms avg: 0.040173ms} 
loop { count: 132 minimum: 0.000123ms maximum: 0.128126ms average: 0.0112665ms }
1545817647770 eventloop { min: 0.021426ms max: 0.083122ms avg: 0.045230700000000006ms} 
1545817645837 GC { size: 84819968bytes used: 39023520bytes duration: 6ms }
1545817647305 GC { size: 84819968bytes used: 41349952bytes duration: 7ms }
1545817647474 GC { size: 84819968bytes used: 44077592bytes duration: 6ms }
1545817646197 GC { size: 88489984bytes used: 42758616bytes duration: 7ms }
1545817647276 GC { size: 88489984bytes used: 46328184bytes duration: 8ms }
1545817647648 GC { size: 89014272bytes used: 57470568bytes duration: 0ms }
1545817647654 GC { size: 87965696bytes used: 35731360bytes duration: 6ms }
1545817649555 GC { size: 85868544bytes used: 46967848bytes duration: 8ms }
1545817649589 GC { size: 85868544bytes used: 49602248bytes duration: 0ms }
1545817649602 GC { size: 85868544bytes used: 35516208bytes duration: 12ms }
loop { count: 280 minimum: 0.000107ms maximum: 0.27695ms average: 0.0118094ms }
1545817649016 GC { size: 87965696bytes used: 40212608bytes duration: 5ms }
loop { count: 208 minimum: 0.000105ms maximum: 0.361453ms average: 0.0153176ms }
1545817651335 eventloop { min: 0.044097ms max: 0.048945ms avg: 0.046329300000000004ms} 
loop { count: 136 minimum: 0.000115ms maximum: 0.138714ms average: 0.0110299ms }
1545817650998 GC { size: 85868544bytes used: 38914720bytes duration: 4ms }
1545817651621 GC { size: 85868544bytes used: 41408288bytes duration: 7ms }
1545817650674 GC { size: 87965696bytes used: 43058464bytes duration: 7ms }
1545817651541 GC { size: 89014272bytes used: 46221016bytes duration: 15ms }
1545817651630 GC { size: 89014272bytes used: 55087552bytes duration: 0ms }
1545817651637 GC { size: 87965696bytes used: 35650760bytes duration: 6ms }
1545817652657 eventloop { min: 0.022168ms max: 0.102968ms avg: 0.0545902ms} 
1545817652770 eventloop { min: 0.040251ms max: 0.464812ms avg: 0.0928701ms} 
1545817653608 GC { size: 85868544bytes used: 44175352bytes duration: 7ms }
loop { count: 216 minimum: 0.00012ms maximum: 0.155938ms average: 0.0122228ms }
loop { count: 199 minimum: 0.00012ms maximum: 0.345277ms average: 0.0138495ms }
1545817654668 GC { size: 85868544bytes used: 46711256bytes duration: 7ms }
1545817654705 GC { size: 86392832bytes used: 49578280bytes duration: 0ms }
1545817654710 GC { size: 85344256bytes used: 35487488bytes duration: 5ms }
1545817654909 GC { size: 87965696bytes used: 39578520bytes duration: 5ms }
1545817656335 eventloop { min: 0.043765ms max: 0.054894ms avg: 0.04813970000000001ms} 
1545817657657 eventloop { min: 0.039243ms max: 0.054266ms avg: 0.044467099999999996ms} 
loop { count: 132 minimum: 0.000123ms maximum: 0.141819ms average: 0.0113061ms }
1545817657770 eventloop { min: 0.038536ms max: 0.07955ms avg: 0.0506343ms} 
1545817656177 GC { size: 85344256bytes used: 39267720bytes duration: 10ms }
1545817656636 GC { size: 85344256bytes used: 41628416bytes duration: 6ms }
1545817656178 GC { size: 87965696bytes used: 42429008bytes duration: 14ms }
1545817657058 GC { size: 87965696bytes used: 46136056bytes duration: 8ms }
1545817658592 GC { size: 85868544bytes used: 44272424bytes duration: 10ms }
loop { count: 265 minimum: 0.000113ms maximum: 0.179197ms average: 0.0119036ms }
loop { count: 195 minimum: 0.000115ms maximum: 2.36733ms average: 0.0264349ms }
1545817661335 eventloop { min: 0.041995ms max: 0.052827ms avg: 0.046740000000000004ms} 
loop { count: 124 minimum: 0.00012ms maximum: 0.150284ms average: 0.0108737ms }
1545817660165 GC { size: 85868544bytes used: 58172312bytes duration: 0ms }
1545817660171 GC { size: 84295680bytes used: 35548024bytes duration: 6ms }
1545817660260 GC { size: 88489984bytes used: 59560776bytes duration: 0ms }
1545817660266 GC { size: 88489984bytes used: 35798336bytes duration: 6ms }
1545817661064 GC { size: 88489984bytes used: 39711056bytes duration: 8ms }
1545817662656 eventloop { min: 0.0395ms max: 7.739979ms avg: 0.8211204999999999ms} 
1545817662769 eventloop { min: 0.039167ms max: 0.10156ms avg: 0.055016699999999995ms} 
1545817661939 GC { size: 84295680bytes used: 39177920bytes duration: 10ms }
loop { count: 187 minimum: 0.000119ms maximum: 0.717881ms average: 0.0163954ms }
1545817662964 GC { size: 88489984bytes used: 42865408bytes duration: 9ms }
loop { count: 207 minimum: 0.000106ms maximum: 0.215507ms average: 0.0121745ms }
1545817663838 GC { size: 84295680bytes used: 41336928bytes duration: 7ms }
1545817664037 GC { size: 84295680bytes used: 44136128bytes duration: 8ms }
1545817663961 GC { size: 88489984bytes used: 46109520bytes duration: 12ms }
1545817664041 GC { size: 89014272bytes used: 54152416bytes duration: 0ms }
1545817664048 GC { size: 87441408bytes used: 35623392bytes duration: 6ms }
1545817665090 GC { size: 87441408bytes used: 40021896bytes duration: 5ms }
1545817666335 eventloop { min: 0.041673ms max: 0.060716ms avg: 0.047064600000000005ms} 
1545817667656 eventloop { min: 0.035186ms max: 1.01248ms avg: 0.18056709999999998ms} 
loop { count: 134 minimum: 0.000109ms maximum: 0.129588ms average: 0.0109284ms }
1545817667769 eventloop { min: 0.034449ms max: 0.077499ms avg: 0.049461500000000005ms} 
1545817667143 GC { size: 85868544bytes used: 47150048bytes duration: 7ms }
1545817667179 GC { size: 85868544bytes used: 49559944bytes duration: 0ms }
1545817667184 GC { size: 85868544bytes used: 35556408bytes duration: 5ms }
1545817667488 GC { size: 87441408bytes used: 42617608bytes duration: 8ms }
1545817668932 GC { size: 85868544bytes used: 38848688bytes duration: 5ms }
loop { count: 234 minimum: 0.000123ms maximum: 0.266289ms average: 0.0128839ms }
1545817668575 GC { size: 87441408bytes used: 46103824bytes duration: 8ms }
1545817669287 GC { size: 88489984bytes used: 56562592bytes duration: 0ms }
1545817669293 GC { size: 88489984bytes used: 35747120bytes duration: 5ms }
loop { count: 211 minimum: 0.000121ms maximum: 0.162359ms average: 0.0120758ms }
1545817671335 eventloop { min: 0.041182ms max: 0.048273ms avg: 0.0448886ms} 
loop { count: 128 minimum: 0.000128ms maximum: 0.13344ms average: 0.0102889ms }
1545817670270 GC { size: 85868544bytes used: 41464408bytes duration: 9ms }
1545817671293 GC { size: 88489984bytes used: 39898760bytes duration: 5ms }
1545817672656 eventloop { min: 0.039475ms max: 3.897772ms avg: 0.43387560000000003ms} 
1545817672770 eventloop { min: 0.020231ms max: 7.039327ms avg: 0.7391640000000002ms} 
1545817673251 GC { size: 85868544bytes used: 44536216bytes duration: 7ms }
loop { count: 227 minimum: 0.00012ms maximum: 0.172601ms average: 0.0113288ms }
1545817672758 GC { size: 88489984bytes used: 42791712bytes duration: 7ms }
1545817673170 GC { size: 88489984bytes used: 46270920bytes duration: 8ms }
loop { count: 240 minimum: 0.000111ms maximum: 0.145651ms average: 0.012587ms }
1545817674133 GC { size: 86917120bytes used: 46770264bytes duration: 7ms }
1545817674164 GC { size: 86917120bytes used: 46952504bytes duration: 0ms }
1545817674169 GC { size: 85344256bytes used: 35325512bytes duration: 4ms }
1545817675534 GC { size: 85344256bytes used: 39276744bytes duration: 4ms }
1545817674340 GC { size: 88489984bytes used: 56034728bytes duration: 0ms }
1545817674347 GC { size: 88489984bytes used: 35857968bytes duration: 6ms }
1545817676336 eventloop { min: 0.040257ms max: 0.076959ms avg: 0.05101169999999999ms} 
1545817677657 eventloop { min: 0.038673ms max: 11.306433ms avg: 1.1900209ms} 
loop { count: 135 minimum: 0.000117ms maximum: 0.185405ms average: 0.0130934ms }
1545817677781 eventloop { min: 0.03995ms max: 16.015432ms avg: 2.429574ms} 
1545817677776 GC { size: 85344256bytes used: 41617368bytes duration: 6ms }
1545817676012 GC { size: 88489984bytes used: 40166960bytes duration: 5ms }
1545817677050 GC { size: 88489984bytes used: 42946376bytes duration: 7ms }
1545817678640 GC { size: 85344256bytes used: 43977408bytes duration: 6ms }
loop { count: 235 minimum: 0.000126ms maximum: 0.18549ms average: 0.0113286ms }
1545817678429 GC { size: 88489984bytes used: 46682072bytes duration: 8ms }
1545817679070 GC { size: 89014272bytes used: 57191752bytes duration: 0ms }
1545817679077 GC { size: 87965696bytes used: 35777392bytes duration: 6ms }
loop { count: 205 minimum: 0.000115ms maximum: 0.431174ms average: 0.0150674ms }
1545817681336 eventloop { min: 0.042012ms max: 0.059812ms avg: 0.0486896ms} 
loop { count: 127 minimum: 0.000119ms maximum: 0.143285ms average: 0.0113006ms }
1545817679915 GC { size: 85868544bytes used: 46826376bytes duration: 6ms }
1545817679947 GC { size: 86392832bytes used: 47356288bytes duration: 0ms }
1545817679951 GC { size: 85344256bytes used: 35559832bytes duration: 4ms }
1545817681511 GC { size: 85344256bytes used: 39053408bytes duration: 4ms }
1545817680312 GC { size: 87965696bytes used: 40295656bytes duration: 7ms }
1545817681384 GC { size: 87965696bytes used: 43108464bytes duration: 7ms }
1545817682657 eventloop { min: 0.029552ms max: 0.315058ms avg: 0.0834403ms} 
1545817682780 eventloop { min: 0.039012ms max: 6.553711ms avg: 0.7015182ms} 
1545817682702 GC { size: 85344256bytes used: 41541688bytes duration: 7ms }
1545817683247 GC { size: 85868544bytes used: 44401040bytes duration: 7ms }
loop { count: 211 minimum: 0.000122ms maximum: 0.169438ms average: 0.0122722ms }
1545817682306 GC { size: 87965696bytes used: 46251968bytes duration: 8ms }
1545817682365 GC { size: 88489984bytes used: 55039880bytes duration: 0ms }
1545817682371 GC { size: 87441408bytes used: 35661056bytes duration: 6ms }
loop { count: 230 minimum: 0.000117ms maximum: 0.17807ms average: 0.0119409ms }
1545817684110 GC { size: 86392832bytes used: 55742704bytes duration: 0ms }
1545817684110 GC { size: 86392832bytes used: 55742704bytes duration: 0ms }
1545817684117 GC { size: 83771392bytes used: 35639120bytes duration: 6ms }
1545817685804 GC { size: 83771392bytes used: 39118720bytes duration: 4ms }
1545817684047 GC { size: 87441408bytes used: 40049992bytes duration: 5ms }
1545817684599 GC { size: 87441408bytes used: 42925800bytes duration: 7ms }
1545817686335 eventloop { min: 0.040035ms max: 0.064341ms avg: 0.0477174ms} 
1545817687702 eventloop { min: 0.037815ms max: 0.498228ms avg: 0.09678540000000001ms} 
1545817687533 GC { size: 37634048bytes used: 31807456bytes duration: 0ms }
loop { count: 147 minimum: 0.000113ms maximum: 0.203698ms average: 0.0111572ms }
1545817687780 eventloop { min: 0.037818ms max: 0.144066ms avg: 0.05974750000000001ms} 
1545817687653 GC { size: 83771392bytes used: 41316088bytes duration: 12ms }
1545817686165 GC { size: 87441408bytes used: 46084056bytes duration: 8ms }
1545817687694 GC { size: 87965696bytes used: 53046160bytes duration: 0ms }
1545817687700 GC { size: 86917120bytes used: 35963808bytes duration: 5ms }
1545817688830 GC { size: 83771392bytes used: 44060952bytes duration: 6ms }
loop { count: 234 minimum: 0.000117ms maximum: 0.219542ms average: 0.0137669ms }
loop { count: 269 minimum: 0.000115ms maximum: 0.234669ms average: 0.0119596ms }
1545817691336 eventloop { min: 0.045406ms max: 0.060256ms avg: 0.0496862ms} 
loop { count: 116 minimum: 0.000111ms maximum: 0.61092ms average: 0.0177821ms }
1545817689843 GC { size: 85344256bytes used: 46680536bytes duration: 6ms }
1545817689880 GC { size: 85344256bytes used: 50111456bytes duration: 0ms }
1545817689885 GC { size: 85344256bytes used: 35574840bytes duration: 4ms }
1545817690990 GC { size: 85344256bytes used: 39221776bytes duration: 8ms }
1545817690350 GC { size: 86917120bytes used: 40267224bytes duration: 5ms }
1545817691025 GC { size: 87441408bytes used: 43423224bytes duration: 7ms }
1545817692701 eventloop { min: 0.039719ms max: 4.044789ms avg: 0.45284779999999997ms} 
1545817692781 eventloop { min: 0.019607ms max: 0.386049ms avg: 0.09030355555555555ms} 
1545817692128 GC { size: 85344256bytes used: 41499704bytes duration: 7ms }
1545817692280 GC { size: 85344256bytes used: 44056984bytes duration: 7ms }
loop { count: 239 minimum: 0.000122ms maximum: 0.578826ms average: 0.0143231ms }
1545817692205 GC { size: 87441408bytes used: 46213992bytes duration: 10ms }
1545817692279 GC { size: 87441408bytes used: 49972408bytes duration: 0ms }
1545817692285 GC { size: 87441408bytes used: 35880824bytes duration: 5ms }
1545817693834 GC { size: 87441408bytes used: 40033744bytes duration: 5ms }
loop { count: 204 minimum: 0.000118ms maximum: 0.506666ms average: 0.0146182ms }
1545817694151 GC { size: 85868544bytes used: 46808784bytes duration: 7ms }
1545817694186 GC { size: 86392832bytes used: 49472424bytes duration: 0ms }
1545817694191 GC { size: 86392832bytes used: 35573736bytes duration: 4ms }
1545817695622 GC { size: 86392832bytes used: 39091776bytes duration: 4ms }
1545817695668 GC { size: 87441408bytes used: 43132160bytes duration: 7ms }
1545817696335 eventloop { min: 0.04316ms max: 0.078588ms avg: 0.0491235ms} 
1545817697701 eventloop { min: 0.038496ms max: 0.31337ms avg: 0.07575499999999999ms} 
loop { count: 140 minimum: 0.000119ms maximum: 0.158405ms average: 0.0106573ms }
1545817697782 eventloop { min: 0.040202ms max: 0.081036ms avg: 0.050374199999999994ms} 
1545817697113 GC { size: 86392832bytes used: 41465168bytes duration: 6ms }
1545817696575 GC { size: 87441408bytes used: 46813024bytes duration: 8ms }
1545817696618 GC { size: 87965696bytes used: 49890520bytes duration: 0ms }
1545817696623 GC { size: 87965696bytes used: 35837792bytes duration: 4ms }
1545817698216 GC { size: 86392832bytes used: 44391712bytes duration: 6ms }
loop { count: 258 minimum: 0.00012ms maximum: 0.439422ms average: 0.0134429ms }
1545817698022 GC { size: 87965696bytes used: 40241992bytes duration: 5ms }
1545817699252 GC { size: 87965696bytes used: 42988432bytes duration: 7ms }
loop { count: 237 minimum: 0.000118ms maximum: 0.643731ms average: 0.014481ms }
1545817701336 eventloop { min: 0.042781ms max: 0.056209ms avg: 0.0472063ms} 
loop { count: 128 minimum: 0.000116ms maximum: 0.130871ms average: 0.0113191ms }
1545817701140 GC { size: 86392832bytes used: 46688624bytes duration: 7ms }
1545817701178 GC { size: 86392832bytes used: 50570632bytes duration: 0ms }
1545817701183 GC { size: 86392832bytes used: 35913512bytes duration: 5ms }
1545817700755 GC { size: 88489984bytes used: 46221904bytes duration: 8ms }
1545817702701 eventloop { min: 0.036128ms max: 0.070589ms avg: 0.0450192ms} 
1545817702782 eventloop { min: 0.03835ms max: 0.080165ms avg: 0.049030000000000004ms} 
1545817703288 GC { size: 86917120bytes used: 39817064bytes duration: 5ms }
loop { count: 240 minimum: 0.000117ms maximum: 0.132426ms average: 0.0109379ms }
1545817702056 GC { size: 89014272bytes used: 56427112bytes duration: 0ms }
1545817702062 GC { size: 87441408bytes used: 35950552bytes duration: 6ms }
1545817703209 GC { size: 87441408bytes used: 40439096bytes duration: 5ms }
loop { count: 196 minimum: 0.000122ms maximum: 0.297943ms average: 0.0151847ms }
1545817703986 GC { size: 90062848bytes used: 42230648bytes duration: 8ms }
1545817705744 GC { size: 93732864bytes used: 44884128bytes duration: 7ms }
1545817704779 GC { size: 87441408bytes used: 43058696bytes duration: 8ms }
1545817705634 GC { size: 88489984bytes used: 46493256bytes duration: 10ms }
1545817705696 GC { size: 89014272bytes used: 55538136bytes duration: 0ms }
1545817705703 GC { size: 89014272bytes used: 35836984bytes duration: 6ms }
1545817706337 eventloop { min: 0.042346ms max: 0.074101ms avg: 0.0479343ms} 
1545817707702 eventloop { min: 0.037073ms max: 1.200319ms avg: 0.16078569999999998ms} 
loop { count: 147 minimum: 0.000103ms maximum: 0.194531ms average: 0.0116221ms }
1545817707783 eventloop { min: 0.035954ms max: 0.234906ms avg: 0.0605296ms} 
1545817707463 GC { size: 93732864bytes used: 58769000bytes duration: 0ms }
1545817707481 GC { size: 85868544bytes used: 35745776bytes duration: 17ms }
1545817706410 GC { size: 89014272bytes used: 40208000bytes duration: 10ms }
1545817707585 GC { size: 89014272bytes used: 43108872bytes duration: 12ms }
1545817709008 GC { size: 85868544bytes used: 39517856bytes duration: 5ms }
loop { count: 264 minimum: 0.000118ms maximum: 0.275505ms average: 0.0120764ms }
1545817708703 GC { size: 90062848bytes used: 46325376bytes duration: 7ms }
1545817709274 GC { size: 90587136bytes used: 57324400bytes duration: 0ms }
1545817709282 GC { size: 87965696bytes used: 36155096bytes duration: 8ms }
loop { count: 328 minimum: 0.00011ms maximum: 0.661594ms average: 0.0114372ms }
1545817711337 eventloop { min: 0.04065ms max: 0.067872ms avg: 0.0499583ms} 
loop { count: 110 minimum: 0.000116ms maximum: 0.14176ms average: 0.012014ms }
1545817710913 GC { size: 87965696bytes used: 40638248bytes duration: 5ms }
1545817712703 eventloop { min: 0.037605ms max: 1.421088ms avg: 0.18255059999999998ms} 
1545817712784 eventloop { min: 0.039816ms max: 23.600252ms avg: 2.4136641ms} 
1545817712312 GC { size: 85868544bytes used: 42165952bytes duration: 23ms }
1545817713257 GC { size: 85868544bytes used: 44849272bytes duration: 15ms }
loop { count: 257 minimum: 0.000123ms maximum: 0.936038ms average: 0.0150428ms }
1545817713202 GC { size: 87965696bytes used: 43207360bytes duration: 27ms }
loop { count: 206 minimum: 0.000109ms maximum: 0.229398ms average: 0.0146085ms }
1545817714583 GC { size: 85868544bytes used: 47148336bytes duration: 6ms }
1545817714613 GC { size: 85868544bytes used: 47553904bytes duration: 0ms }
1545817714613 GC { size: 85868544bytes used: 47553904bytes duration: 0ms }
1545817714617 GC { size: 85868544bytes used: 35922520bytes duration: 4ms }
1545817715716 GC { size: 85868544bytes used: 39745552bytes duration: 4ms }
1545817714193 GC { size: 89014272bytes used: 46808048bytes duration: 8ms }
1545817714798 GC { size: 89014272bytes used: 55797576bytes duration: 0ms }
1545817714804 GC { size: 87965696bytes used: 36009688bytes duration: 5ms }
1545817715833 GC { size: 87965696bytes used: 40218008bytes duration: 5ms }
1545817716337 eventloop { min: 0.038657ms max: 0.056402ms avg: 0.04760050000000001ms} 
1545817717703 eventloop { min: 0.039244ms max: 0.068764ms avg: 0.046224799999999996ms} 
loop { count: 145 minimum: 0.000118ms maximum: 0.207962ms average: 0.0115793ms }
1545817717784 eventloop { min: 0.037355ms max: 0.074895ms avg: 0.052656ms} 
1545817717691 GC { size: 85868544bytes used: 42289632bytes duration: 6ms }
1545817717746 GC { size: 87965696bytes used: 42950600bytes duration: 9ms }
1545817718781 GC { size: 85868544bytes used: 44376736bytes duration: 6ms }
1545817719015 GC { size: 85868544bytes used: 54559736bytes duration: 0ms }
1545817719021 GC { size: 83771392bytes used: 36034496bytes duration: 5ms }
loop { count: 229 minimum: 0.000114ms maximum: 0.183683ms average: 0.0108706ms }
1545817718854 GC { size: 87965696bytes used: 46544944bytes duration: 8ms }
1545817719453 GC { size: 88489984bytes used: 57765896bytes duration: 0ms }
1545817719460 GC { size: 87441408bytes used: 36160920bytes duration: 6ms }
loop { count: 248 minimum: 0.000119ms maximum: 0.217638ms average: 0.0120725ms }
1545817721336 eventloop { min: 0.042924ms max: 0.066367ms avg: 0.0474918ms} 
loop { count: 129 minimum: 0.000123ms maximum: 0.140314ms average: 0.0114348ms }
1545817720194 GC { size: 83771392bytes used: 39121576bytes duration: 4ms }
1545817721344 GC { size: 83771392bytes used: 41630160bytes duration: 6ms }
1545817720549 GC { size: 87441408bytes used: 40608912bytes duration: 5ms }
1545817720940 GC { size: 87441408bytes used: 43524512bytes duration: 9ms }
1545817722703 eventloop { min: 0.038801ms max: 0.077832ms avg: 0.051106799999999994ms} 
1545817722785 eventloop { min: 0.023565ms max: 0.079904ms avg: 0.0414385ms} 
1545817722903 GC { size: 83771392bytes used: 44294384bytes duration: 6ms }
loop { count: 231 minimum: 0.000104ms maximum: 0.537768ms average: 0.013478ms }
1545817722365 GC { size: 87441408bytes used: 46676192bytes duration: 9ms }
1545817722424 GC { size: 87965696bytes used: 55588448bytes duration: 0ms }
1545817722430 GC { size: 87965696bytes used: 36025376bytes duration: 5ms }
1545817723407 GC { size: 87965696bytes used: 40413528bytes duration: 5ms }
loop { count: 273 minimum: 0.000115ms maximum: 0.179477ms average: 0.0109879ms }
1545817723862 GC { size: 85344256bytes used: 47081160bytes duration: 7ms }
1545817723903 GC { size: 85344256bytes used: 49636160bytes duration: 0ms }
1545817723903 GC { size: 85344256bytes used: 49636160bytes duration: 0ms }
1545817723908 GC { size: 85344256bytes used: 35873784bytes duration: 4ms }
1545817724630 GC { size: 87965696bytes used: 43272744bytes duration: 7ms }
1545817725719 GC { size: 87965696bytes used: 46392776bytes duration: 8ms }
1545817726337 eventloop { min: 0.04233ms max: 0.053576ms avg: 0.046923599999999996ms} 
1545817727703 eventloop { min: 0.039598ms max: 6.179447ms avg: 0.906801ms} 
loop { count: 147 minimum: 0.000125ms maximum: 0.206165ms average: 0.0116504ms }
1545817727785 eventloop { min: 0.032608ms max: 0.082491ms avg: 0.048168600000000006ms} 
1545817727114 GC { size: 85344256bytes used: 39371192bytes duration: 4ms }
1545817726293 GC { size: 88489984bytes used: 56223376bytes duration: 0ms }
1545817726300 GC { size: 88489984bytes used: 36074520bytes duration: 7ms }
1545817726612 GC { size: 88489984bytes used: 40436768bytes duration: 5ms }
1545817728772 GC { size: 85344256bytes used: 41922816bytes duration: 6ms }
loop { count: 205 minimum: 0.000117ms maximum: 0.123283ms average: 0.0121955ms }
1545817728547 GC { size: 88489984bytes used: 43472168bytes duration: 7ms }
loop { count: 234 minimum: 0.000108ms maximum: 0.554334ms average: 0.0131956ms }
1545817731337 eventloop { min: 0.040965ms max: 0.058677ms avg: 0.0484355ms} 
loop { count: 107 minimum: 0.00012ms maximum: 0.120726ms average: 0.0121128ms }
1545817730006 GC { size: 85344256bytes used: 44726712bytes duration: 8ms }
1545817730240 GC { size: 85868544bytes used: 54053072bytes duration: 0ms }
1545817730246 GC { size: 84819968bytes used: 36053336bytes duration: 6ms }
1545817730035 GC { size: 89014272bytes used: 46674784bytes duration: 7ms }
1545817730293 GC { size: 89014272bytes used: 47068848bytes duration: 0ms }
1545817730293 GC { size: 89014272bytes used: 47068848bytes duration: 0ms }
1545817730297 GC { size: 89014272bytes used: 35845296bytes duration: 3ms }
1545817731868 GC { size: 89014272bytes used: 40204952bytes duration: 5ms }
1545817732702 eventloop { min: 0.038584ms max: 0.079519ms avg: 0.04771840000000001ms} 
1545817732786 eventloop { min: 0.037846ms max: 0.12969ms avg: 0.06189359999999999ms} 
1545817732990 GC { size: 84819968bytes used: 39667160bytes duration: 6ms }
loop { count: 206 minimum: 0.000104ms maximum: 0.140423ms average: 0.0134604ms }
1545817733529 GC { size: 89014272bytes used: 43376832bytes duration: 7ms }
loop { count: 219 minimum: 0.00011ms maximum: 0.305828ms average: 0.0163723ms }
1545817734737 GC { size: 84819968bytes used: 42040184bytes duration: 8ms }
1545817735117 GC { size: 84819968bytes used: 44785760bytes duration: 7ms }
1545817734292 GC { size: 89014272bytes used: 46376040bytes duration: 11ms }
1545817734345 GC { size: 89014272bytes used: 54169072bytes duration: 0ms }
1545817734351 GC { size: 89014272bytes used: 36180320bytes duration: 5ms }
1545817736337 eventloop { min: 0.039067ms max: 0.168808ms avg: 0.0648238ms} 
1545817737703 eventloop { min: 0.038554ms max: 4.076687ms avg: 0.45745230000000003ms} 
1545817736367 GC { size: 37634048bytes used: 31840680bytes duration: 0ms }
loop { count: 157 minimum: 0.000126ms maximum: 0.161013ms average: 0.0101429ms }
1545817737786 eventloop { min: 0.03977ms max: 14.064623ms avg: 1.4479014ms} 
1545817736260 GC { size: 85868544bytes used: 47484496bytes duration: 7ms }
1545817736317 GC { size: 85868544bytes used: 49752128bytes duration: 0ms }
1545817736324 GC { size: 85868544bytes used: 35974352bytes duration: 6ms }
1545817737520 GC { size: 85868544bytes used: 39355728bytes duration: 5ms }
1545817736336 GC { size: 89014272bytes used: 40337528bytes duration: 24ms }
1545817737841 GC { size: 89014272bytes used: 43206912bytes duration: 7ms }
1545817739094 GC { size: 85868544bytes used: 41798616bytes duration: 7ms }
1545817739794 GC { size: 85868544bytes used: 44694048bytes duration: 11ms }
loop { count: 229 minimum: 0.000122ms maximum: 0.237163ms average: 0.0144699ms }
1545817738509 GC { size: 90062848bytes used: 46918656bytes duration: 14ms }
1545817739830 GC { size: 90062848bytes used: 57736064bytes duration: 0ms }
1545817739837 GC { size: 87965696bytes used: 36151984bytes duration: 7ms }
loop { count: 232 minimum: 0.000119ms maximum: 0.141816ms average: 0.0133556ms }
1545817741336 eventloop { min: 0.044346ms max: 0.21713ms avg: 0.0634853ms} 
loop { count: 106 minimum: 0.000126ms maximum: 0.129519ms average: 0.012712ms }
1545817741785 GC { size: 86917120bytes used: 47115144bytes duration: 7ms }
1545817740775 GC { size: 87965696bytes used: 40623536bytes duration: 5ms }
1545817742704 eventloop { min: 0.040538ms max: 0.081274ms avg: 0.0489092ms} 
1545817742787 eventloop { min: 0.040995ms max: 11.195454ms avg: 1.1638136ms} 
1545817741828 GC { size: 86917120bytes used: 51135648bytes duration: 0ms }
1545817741834 GC { size: 85868544bytes used: 36165008bytes duration: 5ms }
1545817743226 GC { size: 85868544bytes used: 39932792bytes duration: 6ms }
loop { count: 222 minimum: 0.000122ms maximum: 0.660536ms average: 0.0157546ms }
1545817742498 GC { size: 87965696bytes used: 43252456bytes duration: 10ms }
1545817743798 GC { size: 88489984bytes used: 46770560bytes duration: 10ms }
1545817743859 GC { size: 89014272bytes used: 55384168bytes duration: 0ms }
1545817743865 GC { size: 89014272bytes used: 36067848bytes duration: 5ms }
loop { count: 197 minimum: 0.000117ms maximum: 0.338717ms average: 0.0146977ms }
1545817744445 GC { size: 85868544bytes used: 42319968bytes duration: 7ms }
1545817745044 GC { size: 86917120bytes used: 45232016bytes duration: 18ms }
1545817745687 GC { size: 89538560bytes used: 40163576bytes duration: 10ms }
1545817746337 eventloop { min: 0.043279ms max: 0.0747ms avg: 0.050051899999999996ms} 
1545817747704 eventloop { min: 0.034067ms max: 0.109085ms avg: 0.05437850000000001ms} 
loop { count: 140 minimum: 0.000118ms maximum: 0.124992ms average: 0.0105647ms }
1545817747788 eventloop { min: 0.037557ms max: 0.08568ms avg: 0.04794240000000001ms} 
1545817747161 GC { size: 87965696bytes used: 47483232bytes duration: 7ms }
1545817747199 GC { size: 87965696bytes used: 50664912bytes duration: 0ms }
1545817747205 GC { size: 86917120bytes used: 36142320bytes duration: 5ms }
1545817746098 GC { size: 89538560bytes used: 42933696bytes duration: 7ms }
1545817747390 GC { size: 89538560bytes used: 46362584bytes duration: 8ms }
1545817748252 GC { size: 86917120bytes used: 39837552bytes duration: 5ms }
1545817749359 GC { size: 86917120bytes used: 42351952bytes duration: 6ms }
loop { count: 245 minimum: 0.00012ms maximum: 5.80125ms average: 0.0361295ms }
1545817748281 GC { size: 90062848bytes used: 56294136bytes duration: 0ms }
1545817748289 GC { size: 88489984bytes used: 36181584bytes duration: 8ms }
1545817748429 GC { size: 88489984bytes used: 40449464bytes duration: 7ms }
loop { count: 286 minimum: 0.000121ms maximum: 0.177684ms average: 0.0126413ms }
1545817751338 eventloop { min: 0.03334ms max: 0.078487ms avg: 0.05075109999999999ms} 
loop { count: 109 minimum: 0.00012ms maximum: 0.136782ms average: 0.0127229ms }
1545817750237 GC { size: 86917120bytes used: 45019984bytes duration: 6ms }
1545817750826 GC { size: 88489984bytes used: 43380160bytes duration: 7ms }
1545817752705 eventloop { min: 0.028172ms max: 0.709966ms avg: 0.12315460000000003ms} 
1545817752789 eventloop { min: 0.021492ms max: 1.651387ms avg: 0.2390555ms} 
1545817751987 GC { size: 87965696bytes used: 47788376bytes duration: 7ms }
1545817753615 GC { size: 87441408bytes used: 41915360bytes duration: 7ms }
loop { count: 223 minimum: 0.000121ms maximum: 0.256669ms average: 0.0131184ms }
1545817752024 GC { size: 87965696bytes used: 50084584bytes duration: 0ms }
1545817752029 GC { size: 86917120bytes used: 36015272bytes duration: 5ms }
1545817752397 GC { size: 87441408bytes used: 39436968bytes duration: 5ms }
1545817752149 GC { size: 88489984bytes used: 46986968bytes duration: 8ms }
1545817752337 GC { size: 89014272bytes used: 53575992bytes duration: 0ms }
1545817752350 GC { size: 87965696bytes used: 36153144bytes duration: 12ms }
loop { count: 210 minimum: 0.00012ms maximum: 0.72767ms average: 0.0149908ms }
1545817754935 GC { size: 87441408bytes used: 44532368bytes duration: 6ms }
1545817754720 GC { size: 87965696bytes used: 40429176bytes duration: 5ms }
1545817756338 eventloop { min: 0.037773ms max: 0.059189ms avg: 0.0474247ms} 
1545817757705 eventloop { min: 0.037056ms max: 0.072531ms avg: 0.0451026ms} 
loop { count: 149 minimum: 0.000119ms maximum: 0.143825ms average: 0.0104964ms }
1545817757790 eventloop { min: 0.038637ms max: 0.075064ms avg: 0.0521561ms} 
1545817757641 GC { size: 87441408bytes used: 46816160bytes duration: 6ms }
1545817757684 GC { size: 87441408bytes used: 50363560bytes duration: 0ms }
1545817757690 GC { size: 85868544bytes used: 36152680bytes duration: 5ms }
1545817756030 GC { size: 87965696bytes used: 43319192bytes duration: 7ms }
loop { count: 202 minimum: 0.000119ms maximum: 0.166302ms average: 0.0146092ms }
1545817759016 GC { size: 85868544bytes used: 39743960bytes duration: 5ms }
1545817758289 GC { size: 87965696bytes used: 46434600bytes duration: 8ms }
1545817758343 GC { size: 88489984bytes used: 52152640bytes duration: 0ms }
1545817758350 GC { size: 88489984bytes used: 36048912bytes duration: 6ms }
loop { count: 214 minimum: 0.000119ms maximum: 0.305377ms average: 0.0138828ms }
1545817761338 eventloop { min: 0.039798ms max: 0.067276ms avg: 0.05142909999999999ms} 
loop { count: 126 minimum: 0.00012ms maximum: 0.148426ms average: 0.0124039ms }
1545817760053 GC { size: 85868544bytes used: 42314592bytes duration: 7ms }
1545817761653 GC { size: 85868544bytes used: 45393464bytes duration: 7ms }
1545817760529 GC { size: 88489984bytes used: 40191032bytes duration: 5ms }
1545817762704 eventloop { min: 0.039801ms max: 0.086935ms avg: 0.050204099999999995ms} 
1545817762790 eventloop { min: 0.038521ms max: 0.840396ms avg: 0.1365656ms} 
1545817762351 GC { size: 85868544bytes used: 57594712bytes duration: 0ms }
1545817762351 GC { size: 85868544bytes used: 57594712bytes duration: 0ms }
1545817762383 GC { size: 85868544bytes used: 36077864bytes duration: 32ms }
1545817763189 GC { size: 85868544bytes used: 39755952bytes duration: 5ms }
loop { count: 246 minimum: 0.000116ms maximum: 0.174997ms average: 0.0118537ms }
1545817761942 GC { size: 88489984bytes used: 43013040bytes duration: 7ms }
1545817762386 GC { size: 88489984bytes used: 46503480bytes duration: 11ms }
1545817763109 GC { size: 89538560bytes used: 56938056bytes duration: 0ms }
1545817763116 GC { size: 88489984bytes used: 36237800bytes duration: 6ms }
loop { count: 263 minimum: 0.000116ms maximum: 0.39418ms average: 0.0133149ms }
1545817764136 GC { size: 85868544bytes used: 42362408bytes duration: 7ms }
1545817763911 GC { size: 88489984bytes used: 40758832bytes duration: 6ms }
1545817765567 GC { size: 88489984bytes used: 43566896bytes duration: 11ms }
1545817766339 eventloop { min: 0.038488ms max: 0.06858ms avg: 0.04986990000000001ms} 
1545817767705 eventloop { min: 0.03697ms max: 0.110202ms avg: 0.06839360000000001ms} 
loop { count: 150 minimum: 0.000119ms maximum: 0.11729ms average: 0.0107885ms }
1545817767790 eventloop { min: 0.039105ms max: 0.079755ms avg: 0.0479777ms} 
1545817765943 GC { size: 85868544bytes used: 44588056bytes duration: 10ms }
1545817766385 GC { size: 89014272bytes used: 46779992bytes duration: 10ms }
1545817766984 GC { size: 89014272bytes used: 55207400bytes duration: 0ms }
1545817766990 GC { size: 89014272bytes used: 36082632bytes duration: 6ms }
1545817768093 GC { size: 89014272bytes used: 40328664bytes duration: 5ms }
1545817769442 GC { size: 89014272bytes used: 43015560bytes duration: 7ms }
loop { count: 247 minimum: 0.00012ms maximum: 1.12402ms average: 0.0207247ms }
loop { count: 205 minimum: 0.000124ms maximum: 0.20539ms average: 0.0143543ms }
1545817771338 eventloop { min: 0.03722ms max: 0.065325ms avg: 0.0478079ms} 
loop { count: 126 minimum: 0.00011ms maximum: 0.140973ms average: 0.012189ms }
1545817769842 GC { size: 87441408bytes used: 47038200bytes duration: 10ms }
1545817769881 GC { size: 87441408bytes used: 48722840bytes duration: 0ms }
1545817769886 GC { size: 87441408bytes used: 36167088bytes duration: 5ms }
1545817771053 GC { size: 87441408bytes used: 40452688bytes duration: 5ms }
1545817770657 GC { size: 89014272bytes used: 46608928bytes duration: 8ms }
1545817772704 eventloop { min: 0.025874ms max: 0.082789ms avg: 0.0506761ms} 
1545817772791 eventloop { min: 0.036896ms max: 11.337306ms avg: 1.1751185ms} 
1545817772229 GC { size: 87441408bytes used: 42597768bytes duration: 7ms }
loop { count: 199 minimum: 0.000118ms maximum: 0.269954ms average: 0.0162514ms }
1545817772352 GC { size: 89538560bytes used: 57419072bytes duration: 0ms }
1545817772361 GC { size: 89538560bytes used: 36469712bytes duration: 8ms }
1545817773303 GC { size: 89538560bytes used: 40563600bytes duration: 5ms }
loop { count: 235 minimum: 0.000116ms maximum: 0.305132ms average: 0.0143466ms }
1545817775309 GC { size: 89538560bytes used: 43518608bytes duration: 8ms }
1545817776339 eventloop { min: 0.042376ms max: 0.054515ms avg: 0.0471363ms} 
1545817777704 eventloop { min: 0.036847ms max: 3.933924ms avg: 0.44196350000000006ms} 
loop { count: 152 minimum: 0.000117ms maximum: 0.131985ms average: 0.0111798ms }
1545817777790 eventloop { min: 0.020408ms max: 0.08493ms avg: 0.04487ms} 
1545817776364 GC { size: 87441408bytes used: 44982400bytes duration: 8ms }
1545817776633 GC { size: 87441408bytes used: 47806856bytes duration: 8ms }
1545817776664 GC { size: 87441408bytes used: 48394480bytes duration: 0ms }
1545817776669 GC { size: 86392832bytes used: 36293728bytes duration: 5ms }
1545817776546 GC { size: 90062848bytes used: 47074936bytes duration: 8ms }
1545817776593 GC { size: 90062848bytes used: 49551960bytes duration: 0ms }
1545817776599 GC { size: 87965696bytes used: 36144536bytes duration: 5ms }
1545817778227 GC { size: 86392832bytes used: 40021968bytes duration: 5ms }
1545817779560 GC { size: 86392832bytes used: 42232536bytes duration: 7ms }
loop { count: 244 minimum: 0.000119ms maximum: 0.15477ms average: 0.0118455ms }
1545817778838 GC { size: 87965696bytes used: 40404000bytes duration: 5ms }
loop { count: 220 minimum: 0.000108ms maximum: 0.337384ms average: 0.0152857ms }
1545817781339 eventloop { min: 0.043995ms max: 0.092118ms avg: 0.0567999ms} 
loop { count: 109 minimum: 0.000121ms maximum: 0.148957ms average: 0.0136361ms }
1545817780446 GC { size: 87441408bytes used: 44996272bytes duration: 8ms }
1545817780056 GC { size: 87965696bytes used: 43100288bytes duration: 7ms }
1545817781543 GC { size: 87965696bytes used: 46971152bytes duration: 10ms }
1545817782705 eventloop { min: 0.039977ms max: 0.0839ms avg: 0.05200579999999999ms} 
1545817782791 eventloop { min: 0.038557ms max: 7.521181ms avg: 0.9260259ms} 
1545817781842 GC { size: 87441408bytes used: 47754208bytes duration: 7ms }
1545817781874 GC { size: 87441408bytes used: 48275984bytes duration: 0ms }
1545817781880 GC { size: 87441408bytes used: 36157200bytes duration: 5ms }
1545817783170 GC { size: 87441408bytes used: 39956664bytes duration: 5ms }
loop { count: 201 minimum: 0.000123ms maximum: 1.3765ms average: 0.0193103ms }
1545817782055 GC { size: 88489984bytes used: 56474048bytes duration: 0ms }
1545817782062 GC { size: 88489984bytes used: 36346104bytes duration: 7ms }
1545817783318 GC { size: 88489984bytes used: 40687376bytes duration: 5ms }
loop { count: 244 minimum: 0.00011ms maximum: 0.22301ms average: 0.0109299ms }
1545817785025 GC { size: 88489984bytes used: 43422672bytes duration: 12ms }
1545817786338 eventloop { min: 0.043334ms max: 0.111214ms avg: 0.053977399999999995ms} 
1545817787704 eventloop { min: 0.039266ms max: 0.10568ms avg: 0.0602897ms} 
1545817786493 GC { size: 37634048bytes used: 31867712bytes duration: 0ms }
loop { count: 134 minimum: 0.000118ms maximum: 0.137265ms average: 0.0116855ms }
1545817787794 eventloop { min: 0.038628ms max: 0.072015ms avg: 0.044702099999999995ms} 
1545817786341 GC { size: 87441408bytes used: 42377424bytes duration: 7ms }
1545817787482 GC { size: 88489984bytes used: 45271288bytes duration: 8ms }
1545817786533 GC { size: 89538560bytes used: 47038768bytes duration: 9ms }
1545817786832 GC { size: 90062848bytes used: 57971320bytes duration: 0ms }
1545817786840 GC { size: 88489984bytes used: 36259896bytes duration: 7ms }
1545817788529 GC { size: 88489984bytes used: 57859360bytes duration: 0ms }
1545817788530 GC { size: 88489984bytes used: 57859360bytes duration: 0ms }
1545817788538 GC { size: 86392832bytes used: 36119096bytes duration: 8ms }
1545817789053 GC { size: 86392832bytes used: 39792704bytes duration: 4ms }
loop { count: 195 minimum: 0.000121ms maximum: 0.348887ms average: 0.0172142ms }
1545817788709 GC { size: 88489984bytes used: 40770984bytes duration: 5ms }
loop { count: 216 minimum: 0.000119ms maximum: 0.234947ms average: 0.0134771ms }
1545817791338 eventloop { min: 0.044294ms max: 0.076195ms avg: 0.053831699999999996ms} 
loop { count: 121 minimum: 0.000126ms maximum: 0.140286ms average: 0.0126636ms }
1545817790496 GC { size: 86392832bytes used: 42332936bytes duration: 8ms }
1545817790033 GC { size: 88489984bytes used: 43563024bytes duration: 9ms }
1545817791057 GC { size: 88489984bytes used: 46815856bytes duration: 8ms }
1545817792705 eventloop { min: 0.038915ms max: 5.534637ms avg: 0.6511686000000001ms} 
1545817792795 eventloop { min: 0.039469ms max: 6.904156ms avg: 0.7433120000000001ms} 
1545817792239 GC { size: 87441408bytes used: 44597304bytes duration: 7ms }
1545817792341 GC { size: 88489984bytes used: 47623024bytes duration: 8ms }
1545817792387 GC { size: 88489984bytes used: 49677528bytes duration: 0ms }
1545817792392 GC { size: 86917120bytes used: 36047768bytes duration: 4ms }
loop { count: 225 minimum: 0.000128ms maximum: 0.206405ms average: 0.0125314ms }
1545817791966 GC { size: 89538560bytes used: 56283016bytes duration: 0ms }
1545817791972 GC { size: 88489984bytes used: 36267736bytes duration: 6ms }
1545817792509 GC { size: 88489984bytes used: 40726192bytes duration: 5ms }
1545817793818 GC { size: 88489984bytes used: 43669344bytes duration: 8ms }
loop { count: 230 minimum: 0.000115ms maximum: 0.582071ms average: 0.0163244ms }
1545817794162 GC { size: 86917120bytes used: 39562552bytes duration: 4ms }
1545817795195 GC { size: 88489984bytes used: 46864936bytes duration: 7ms }
1545817796339 eventloop { min: 0.034569ms max: 0.10797ms avg: 0.04964829999999999ms} 
1545817797706 eventloop { min: 0.037386ms max: 0.14685ms avg: 0.059123400000000007ms} 
loop { count: 143 minimum: 0.000115ms maximum: 0.143385ms average: 0.0105515ms }
1545817797795 eventloop { min: 0.038552ms max: 2.522661ms avg: 0.4725675ms} 
1545817795926 GC { size: 86917120bytes used: 41917568bytes duration: 6ms }
1545817798034 GC { size: 86917120bytes used: 44702016bytes duration: 6ms }
loop { count: 207 minimum: 0.000124ms maximum: 0.189082ms average: 0.0131907ms }
1545817798487 GC { size: 89538560bytes used: 57004000bytes duration: 0ms }
1545817798494 GC { size: 89538560bytes used: 36277544bytes duration: 7ms }
1545817799542 GC { size: 89538560bytes used: 40683552bytes duration: 5ms }
loop { count: 173 minimum: 0.000118ms maximum: 0.312359ms average: 0.0185559ms }
1545817801339 eventloop { min: 0.043021ms max: 0.156324ms avg: 0.05842329999999999ms} 
loop { count: 112 minimum: 0.000116ms maximum: 0.174281ms average: 0.0131503ms }
1545817802706 eventloop { min: 0.038578ms max: 0.081933ms avg: 0.04882980000000001ms} 
1545817802795 eventloop { min: 0.039638ms max: 0.118531ms avg: 0.0528312ms} 
1545817802073 GC { size: 86917120bytes used: 46981968bytes duration: 7ms }
1545817802118 GC { size: 87441408bytes used: 50545536bytes duration: 0ms }
1545817802124 GC { size: 87441408bytes used: 36205560bytes duration: 5ms }
loop { count: 243 minimum: 0.000119ms maximum: 0.201918ms average: 0.0141748ms }
1545817801993 GC { size: 89538560bytes used: 43351224bytes duration: 7ms }
1545817802670 GC { size: 89538560bytes used: 46964224bytes duration: 8ms }
1545817802829 GC { size: 89538560bytes used: 55730104bytes duration: 0ms }
1545817802843 GC { size: 89538560bytes used: 36158952bytes duration: 14ms }
loop { count: 218 minimum: 0.00011ms maximum: 0.241402ms average: 0.0134972ms }
1545817804416 GC { size: 87965696bytes used: 40084904bytes duration: 5ms }
1545817805606 GC { size: 87965696bytes used: 42631008bytes duration: 6ms }
1545817805297 GC { size: 89538560bytes used: 40119472bytes duration: 5ms }
1545817806339 eventloop { min: 0.041039ms max: 0.173396ms avg: 0.0623899ms} 
1545817807707 eventloop { min: 0.036062ms max: 0.080858ms avg: 0.0474705ms} 
loop { count: 149 minimum: 0.000118ms maximum: 0.3088ms average: 0.0121157ms }
1545817807796 eventloop { min: 0.037486ms max: 0.138917ms avg: 0.0632694ms} 
1545817806173 GC { size: 87965696bytes used: 45170848bytes duration: 6ms }
1545817806291 GC { size: 87965696bytes used: 48113480bytes duration: 8ms }
1545817806327 GC { size: 88489984bytes used: 49596800bytes duration: 0ms }
1545817806328 GC { size: 88489984bytes used: 49596800bytes duration: 0ms }
1545817806332 GC { size: 88489984bytes used: 36252328bytes duration: 4ms }
1545817807412 GC { size: 89538560bytes used: 43404712bytes duration: 7ms }
1545817808093 GC { size: 88489984bytes used: 39902488bytes duration: 4ms }
1545817809772 GC { size: 88489984bytes used: 42105400bytes duration: 8ms }
loop { count: 245 minimum: 0.000119ms maximum: 0.178478ms average: 0.0111452ms }
1545817808873 GC { size: 89538560bytes used: 46530520bytes duration: 7ms }
1545817808910 GC { size: 89538560bytes used: 49818728bytes duration: 0ms }
1545817808914 GC { size: 88489984bytes used: 36235568bytes duration: 4ms }
loop { count: 233 minimum: 0.000115ms maximum: 0.199658ms average: 0.0136656ms }
1545817811339 eventloop { min: 0.039737ms max: 0.057663ms avg: 0.04708240000000001ms} 
loop { count: 138 minimum: 0.000114ms maximum: 0.136751ms average: 0.0109658ms }
1545817810334 GC { size: 88489984bytes used: 44679960bytes duration: 13ms }
1545817811494 GC { size: 88489984bytes used: 47568952bytes duration: 7ms }
1545817811530 GC { size: 88489984bytes used: 49868872bytes duration: 0ms }
1545817811538 GC { size: 87441408bytes used: 36137128bytes duration: 7ms }
1545817810321 GC { size: 88489984bytes used: 40652936bytes duration: 9ms }
1545817811560 GC { size: 88489984bytes used: 43328616bytes duration: 8ms }
1545817812707 eventloop { min: 0.03843ms max: 0.112612ms avg: 0.0568307ms} 
1545817812796 eventloop { min: 0.03945ms max: 0.097641ms avg: 0.05196389999999999ms} 
1545817812683 GC { size: 87441408bytes used: 39741568bytes duration: 9ms }
loop { count: 269 minimum: 0.000113ms maximum: 1.13276ms average: 0.0168531ms }
1545817812684 GC { size: 88489984bytes used: 46829848bytes duration: 15ms }
1545817812764 GC { size: 89538560bytes used: 57001736bytes duration: 0ms }
1545817812770 GC { size: 89538560bytes used: 36325440bytes duration: 6ms }
loop { count: 259 minimum: 0.000114ms maximum: 0.42882ms average: 0.0133909ms }
1545817815650 GC { size: 87441408bytes used: 42136352bytes duration: 7ms }
1545817816339 eventloop { min: 0.042052ms max: 0.062931ms avg: 0.0457345ms} 
1545817817708 eventloop { min: 0.037349ms max: 0.082654ms avg: 0.04493377777777778ms} 
loop { count: 142 minimum: 0.000116ms maximum: 0.123933ms average: 0.0104708ms }
1545817817797 eventloop { min: 0.024924ms max: 0.044712ms avg: 0.039728400000000004ms} 
1545817816522 GC { size: 87441408bytes used: 44815144bytes duration: 7ms }
1545817816082 GC { size: 90075136bytes used: 40985000bytes duration: 5ms }
1545817817076 GC { size: 90599424bytes used: 44050968bytes duration: 10ms }
1545817817393 GC { size: 90599424bytes used: 47665024bytes duration: 8ms }
1545817817434 GC { size: 90599424bytes used: 50335176bytes duration: 0ms }
1545817817441 GC { size: 88489984bytes used: 36396984bytes duration: 6ms }
1545817818243 GC { size: 88489984bytes used: 47142400bytes duration: 7ms }
1545817818283 GC { size: 88489984bytes used: 50970408bytes duration: 0ms }
1545817818289 GC { size: 88489984bytes used: 36363112bytes duration: 5ms }
1545817819671 GC { size: 88489984bytes used: 39998400bytes duration: 4ms }
loop { count: 228 minimum: 0.000121ms maximum: 0.254579ms average: 0.012845ms }
1545817819103 GC { size: 88489984bytes used: 40686096bytes duration: 4ms }
loop { count: 233 minimum: 0.000117ms maximum: 0.682741ms average: 0.0136782ms }
1545817821339 eventloop { min: 0.040814ms max: 0.057385ms avg: 0.0475997ms} 
loop { count: 132 minimum: 0.000125ms maximum: 0.117908ms average: 0.0110469ms }
1545817821535 GC { size: 88489984bytes used: 42567264bytes duration: 6ms }
1545817820435 GC { size: 88489984bytes used: 43435616bytes duration: 6ms }
1545817821077 GC { size: 88489984bytes used: 46904896bytes duration: 7ms }
1545817821377 GC { size: 89014272bytes used: 47372856bytes duration: 0ms }
1545817821377 GC { size: 89014272bytes used: 47372856bytes duration: 0ms }
1545817821381 GC { size: 89014272bytes used: 36048792bytes duration: 4ms }
1545817821817 GC { size: 89014272bytes used: 40422712bytes duration: 5ms }
1545817822709 eventloop { min: 0.039012ms max: 0.109271ms avg: 0.0584738ms} 
1545817822798 eventloop { min: 0.037862ms max: 0.081966ms avg: 0.0518524ms} 
1545817823053 GC { size: 88489984bytes used: 45492608bytes duration: 8ms }
1545817823299 GC { size: 89014272bytes used: 57967024bytes duration: 0ms }
1545817823299 GC { size: 89014272bytes used: 57967024bytes duration: 0ms }
1545817823306 GC { size: 87441408bytes used: 36235312bytes duration: 7ms }
loop { count: 230 minimum: 0.00012ms maximum: 0.143779ms average: 0.0116611ms }
loop { count: 258 minimum: 0.000106ms maximum: 0.287978ms average: 0.0140889ms }
1545817824375 GC { size: 87441408bytes used: 39904256bytes duration: 5ms }
1545817824187 GC { size: 89014272bytes used: 43377928bytes duration: 7ms }
1545817825108 GC { size: 90062848bytes used: 47154168bytes duration: 10ms }
1545817826340 eventloop { min: 0.041582ms max: 0.058973ms avg: 0.048245899999999994ms} 
1545817827709 eventloop { min: 0.034664ms max: 0.07835ms avg: 0.047510899999999995ms} 
loop { count: 142 minimum: 0.000118ms maximum: 0.125691ms average: 0.0106057ms }
1545817827797 eventloop { min: 0.037608ms max: 0.08738ms avg: 0.05333589999999999ms} 
1545817826596 GC { size: 87441408bytes used: 42046888bytes duration: 5ms }
1545817826907 GC { size: 87441408bytes used: 44850376bytes duration: 8ms }
1545817826018 GC { size: 90587136bytes used: 56440560bytes duration: 0ms }
1545817826025 GC { size: 88489984bytes used: 36404112bytes duration: 6ms }
1545817828827 GC { size: 88489984bytes used: 47421872bytes duration: 7ms }
1545817828863 GC { size: 88489984bytes used: 50362576bytes duration: 0ms }
1545817828869 GC { size: 87441408bytes used: 36167040bytes duration: 5ms }
loop { count: 220 minimum: 0.000113ms maximum: 0.20568ms average: 0.0118279ms }
1545817828506 GC { size: 88489984bytes used: 40619152bytes duration: 4ms }
loop { count: 237 minimum: 0.000115ms maximum: 0.207463ms average: 0.0130303ms }
1545817831339 eventloop { min: 0.041054ms max: 0.04902ms avg: 0.044454499999999994ms} 
loop { count: 122 minimum: 0.000121ms maximum: 0.122184ms average: 0.0109796ms }
1545817830674 GC { size: 87441408bytes used: 39717464bytes duration: 4ms }
1545817830190 GC { size: 88489984bytes used: 43527200bytes duration: 9ms }
1545817830349 GC { size: 89014272bytes used: 47149264bytes duration: 8ms }
1545817832711 eventloop { min: 0.029074ms max: 0.078283ms avg: 0.045396799999999994ms} 
1545817832798 eventloop { min: 0.03059ms max: 0.093416ms avg: 0.0485707ms} 
1545817833327 GC { size: 87441408bytes used: 42047432bytes duration: 9ms }
1545817833729 GC { size: 87441408bytes used: 45082496bytes duration: 21ms }
loop { count: 208 minimum: 0.000098ms maximum: 0.146591ms average: 0.0127235ms }
1545817832040 GC { size: 89538560bytes used: 57070248bytes duration: 0ms }
1545817832062 GC { size: 87965696bytes used: 36335872bytes duration: 21ms }
1545817833611 GC { size: 87965696bytes used: 40619216bytes duration: 5ms }
loop { count: 192 minimum: 0.000119ms maximum: 0.169095ms average: 0.0134849ms }
1545817835520 GC { size: 38158336bytes used: 31906736bytes duration: 0ms }
1545817834729 GC { size: 88489984bytes used: 46921184bytes duration: 7ms }
1545817834762 GC { size: 88489984bytes used: 48909512bytes duration: 0ms }
1545817834767 GC { size: 88489984bytes used: 36218896bytes duration: 5ms }
1545817835628 GC { size: 88489984bytes used: 40081472bytes duration: 5ms }
1545817835163 GC { size: 87965696bytes used: 43511600bytes duration: 9ms }
1545817836339 eventloop { min: 0.04297ms max: 0.061876ms avg: 0.049623499999999994ms} 
1545817837711 eventloop { min: 0.023716ms max: 0.067661ms avg: 0.0452556ms} 
loop { count: 162 minimum: 0.000118ms maximum: 0.130856ms average: 0.0103974ms }
1545817837797 eventloop { min: 0.03957ms max: 0.259921ms avg: 0.07060340000000001ms} 
1545817836398 GC { size: 88489984bytes used: 42122728bytes duration: 6ms }
1545817836647 GC { size: 87965696bytes used: 46895648bytes duration: 7ms }
1545817838542 GC { size: 88489984bytes used: 44921440bytes duration: 7ms }
loop { count: 247 minimum: 0.00012ms maximum: 0.329461ms average: 0.0134398ms }
1545817838008 GC { size: 88489984bytes used: 57368392bytes duration: 0ms }
1545817838014 GC { size: 88489984bytes used: 36364304bytes duration: 6ms }
1545817839425 GC { size: 88489984bytes used: 40693968bytes duration: 5ms }
loop { count: 197 minimum: 0.000102ms maximum: 0.137642ms average: 0.0153909ms }
1545817841340 eventloop { min: 0.043217ms max: 0.068259ms avg: 0.047847ms} 
loop { count: 124 minimum: 0.000121ms maximum: 0.131756ms average: 0.0111831ms }
1545817839873 GC { size: 88489984bytes used: 47429352bytes duration: 7ms }
1545817839906 GC { size: 89014272bytes used: 47644792bytes duration: 0ms }
1545817839906 GC { size: 89014272bytes used: 47644792bytes duration: 0ms }
1545817839911 GC { size: 89014272bytes used: 36178672bytes duration: 4ms }
1545817841465 GC { size: 89014272bytes used: 39861992bytes duration: 4ms }
1545817840117 GC { size: 88489984bytes used: 43441232bytes duration: 7ms }
1545817841392 GC { size: 88489984bytes used: 46939392bytes duration: 8ms }
1545817841576 GC { size: 89538560bytes used: 57053840bytes duration: 0ms }
1545817841576 GC { size: 89538560bytes used: 57053840bytes duration: 0ms }
1545817841582 GC { size: 89538560bytes used: 36326104bytes duration: 6ms }
1545817842711 eventloop { min: 0.035932ms max: 0.094339ms avg: 0.05561600000000001ms} 
1545817842798 eventloop { min: 0.027042ms max: 3.411281ms avg: 0.37601959999999995ms} 
1545817843569 GC { size: 89014272bytes used: 41983816bytes duration: 6ms }
loop { count: 240 minimum: 0.000108ms maximum: 0.24548ms average: 0.0137465ms }
1545817843058 GC { size: 89538560bytes used: 40833256bytes duration: 6ms }
loop { count: 257 minimum: 0.000109ms maximum: 0.127657ms average: 0.00989792ms }
1545817844478 GC { size: 89014272bytes used: 44820192bytes duration: 7ms }
1545817844938 GC { size: 89014272bytes used: 47462136bytes duration: 7ms }
1545817844974 GC { size: 89538560bytes used: 50116256bytes duration: 0ms }
1545817844980 GC { size: 87965696bytes used: 36187336bytes duration: 5ms }
1545817844588 GC { size: 89538560bytes used: 43477120bytes duration: 8ms }
1545817844847 GC { size: 89538560bytes used: 46900632bytes duration: 7ms }
1545817846340 eventloop { min: 0.04307ms max: 0.062333ms avg: 0.04817429999999999ms} 
1545817847712 eventloop { min: 0.039031ms max: 2.66588ms avg: 0.3052959ms} 
loop { count: 140 minimum: 0.000122ms maximum: 0.158765ms average: 0.0103234ms }
1545817847798 eventloop { min: 0.039464ms max: 11.056676ms avg: 2.5276368000000002ms} 
1545817846990 GC { size: 87965696bytes used: 39762400bytes duration: 4ms }
1545817846041 GC { size: 90062848bytes used: 56031712bytes duration: 0ms }
1545817846041 GC { size: 90062848bytes used: 56031712bytes duration: 0ms }
1545817846048 GC { size: 90062848bytes used: 36210840bytes duration: 6ms }
1545817846712 GC { size: 90062848bytes used: 40590088bytes duration: 5ms }
1545817848487 GC { size: 87965696bytes used: 42034160bytes duration: 9ms }
1545817849686 GC { size: 87965696bytes used: 44797512bytes duration: 6ms }
loop { count: 233 minimum: 0.00012ms maximum: 0.338536ms average: 0.0153081ms }
1545817847925 GC { size: 90062848bytes used: 43440008bytes duration: 7ms }
1545817849783 GC { size: 90062848bytes used: 46815592bytes duration: 15ms }
loop { count: 257 minimum: 0.000109ms maximum: 0.196931ms average: 0.0123514ms }
1545817851339 eventloop { min: 0.042673ms max: 0.097903ms avg: 0.056197300000000006ms} 
loop { count: 122 minimum: 0.000118ms maximum: 0.149396ms average: 0.0122693ms }
1545817850888 GC { size: 88489984bytes used: 47408488bytes duration: 7ms }
1545817850925 GC { size: 88489984bytes used: 50321736bytes duration: 0ms }
1545817850930 GC { size: 88489984bytes used: 36168264bytes duration: 5ms }
1545817850788 GC { size: 90062848bytes used: 57088800bytes duration: 0ms }
1545817850794 GC { size: 89014272bytes used: 36510856bytes duration: 6ms }
1545817851636 GC { size: 89014272bytes used: 40856088bytes duration: 5ms }
1545817852712 eventloop { min: 0.035609ms max: 21.197876ms avg: 2.5446088999999996ms} 
1545817852797 eventloop { min: 0.039715ms max: 9.209935ms avg: 1.6957837000000002ms} 
1545817851998 GC { size: 88489984bytes used: 39754576bytes duration: 4ms }
loop { count: 184 minimum: 0.000121ms maximum: 0.141027ms average: 0.0120439ms }
1545817852728 GC { size: 89014272bytes used: 43708392bytes duration: 7ms }
1545817853295 GC { size: 89014272bytes used: 47153656bytes duration: 8ms }
loop { count: 209 minimum: 0.000125ms maximum: 0.234751ms average: 0.0113579ms }
1545817854850 GC { size: 88489984bytes used: 42054080bytes duration: 6ms }
1545817855738 GC { size: 88489984bytes used: 44940848bytes duration: 7ms }
1545817855686 GC { size: 90062848bytes used: 56672664bytes duration: 0ms }
1545817855700 GC { size: 90062848bytes used: 36354304bytes duration: 14ms }
1545817856340 eventloop { min: 0.040561ms max: 0.072894ms avg: 0.0492359ms} 
1545817857712 eventloop { min: 0.037897ms max: 0.258226ms avg: 0.0698773ms} 
loop { count: 142 minimum: 0.000112ms maximum: 0.125508ms average: 0.0108756ms }
1545817857797 eventloop { min: 0.034117ms max: 9.64675ms avg: 1.4925365000000004ms} 
1545817857497 GC { size: 89538560bytes used: 47365456bytes duration: 7ms }
1545817857541 GC { size: 88489984bytes used: 36240480bytes duration: 5ms }
1545817857535 GC { size: 89538560bytes used: 49930800bytes duration: 0ms }
loop { count: 198 minimum: 0.00012ms maximum: 0.170669ms average: 0.0124781ms }
1545817859798 GC { size: 90062848bytes used: 40537144bytes duration: 7ms }
loop { count: 219 minimum: 0.000121ms maximum: 0.134132ms average: 0.0119512ms }
1545817861341 eventloop { min: 0.043437ms max: 0.05607ms avg: 0.0474401ms} 
loop { count: 101 minimum: 0.000124ms maximum: 0.151802ms average: 0.0130141ms }
1545817860856 GC { size: 88489984bytes used: 39745456bytes duration: 5ms }
1545817860792 GC { size: 90062848bytes used: 43793712bytes duration: 7ms }
1545817862712 eventloop { min: 0.02059ms max: 0.051361ms avg: 0.0380101ms} 
1545817862798 eventloop { min: 0.020533ms max: 0.090416ms avg: 0.04485750000000001ms} 
1545817862037 GC { size: 88489984bytes used: 42090608bytes duration: 12ms }
1545817863307 GC { size: 88489984bytes used: 44898280bytes duration: 17ms }
loop { count: 199 minimum: 0.000119ms maximum: 0.214169ms average: 0.0133863ms }
1545817862474 GC { size: 90587136bytes used: 47063848bytes duration: 28ms }
1545817862566 GC { size: 90587136bytes used: 49514752bytes duration: 0ms }
1545817862578 GC { size: 88489984bytes used: 36418320bytes duration: 11ms }
loop { count: 220 minimum: 0.000114ms maximum: 0.17734ms average: 0.0128732ms }
1545817864590 GC { size: 88489984bytes used: 47376464bytes duration: 7ms }
1545817864631 GC { size: 89014272bytes used: 51842936bytes duration: 0ms }
1545817864637 GC { size: 89014272bytes used: 36340312bytes duration: 5ms }
1545817863910 GC { size: 88489984bytes used: 40558144bytes duration: 10ms }
1545817865280 GC { size: 88489984bytes used: 43574928bytes duration: 8ms }
1545817866342 eventloop { min: 0.041353ms max: 0.067013ms avg: 0.053037999999999995ms} 
1545817867712 eventloop { min: 0.040933ms max: 0.121962ms avg: 0.0644642ms} 
loop { count: 152 minimum: 0.000125ms maximum: 0.138008ms average: 0.0105504ms }
1545817867799 eventloop { min: 0.026791ms max: 0.104401ms avg: 0.0497957ms} 
1545817866964 GC { size: 89550848bytes used: 40331936bytes duration: 6ms }
1545817866293 GC { size: 88489984bytes used: 46888752bytes duration: 8ms }
1545817866335 GC { size: 88489984bytes used: 51059360bytes duration: 0ms }
1545817866335 GC { size: 88489984bytes used: 51059360bytes duration: 0ms }
1545817866341 GC { size: 88489984bytes used: 36306632bytes duration: 6ms }
1545817867956 GC { size: 89550848bytes used: 42827648bytes duration: 7ms }
1545817869617 GC { size: 89550848bytes used: 45669424bytes duration: 7ms }
loop { count: 216 minimum: 0.000123ms maximum: 0.18679ms average: 0.0138084ms }
1545817868821 GC { size: 88489984bytes used: 40531320bytes duration: 6ms }
1545817869674 GC { size: 88489984bytes used: 43417408bytes duration: 9ms }
loop { count: 261 minimum: 0.000116ms maximum: 0.1666ms average: 0.0132266ms }
1545817871342 eventloop { min: 0.03996ms max: 0.069242ms avg: 0.047277799999999995ms} 
loop { count: 149 minimum: 0.000117ms maximum: 0.154433ms average: 0.0104529ms }
1545817869992 GC { size: 89550848bytes used: 58279632bytes duration: 0ms }
1545817869992 GC { size: 89550848bytes used: 58279632bytes duration: 0ms }
1545817869998 GC { size: 87441408bytes used: 36245464bytes duration: 6ms }
1545817871319 GC { size: 87441408bytes used: 39906232bytes duration: 5ms }
1545817870168 GC { size: 89538560bytes used: 46907728bytes duration: 8ms }
1545817870697 GC { size: 90062848bytes used: 56587136bytes duration: 0ms }
1545817870703 GC { size: 89014272bytes used: 36496160bytes duration: 6ms }
1545817871758 GC { size: 89014272bytes used: 40784208bytes duration: 5ms }
1545817872712 eventloop { min: 0.039535ms max: 6.541094ms avg: 0.7137465ms} 
1545817872799 eventloop { min: 0.026895ms max: 13.862284ms avg: 1.4349147ms} 
1545817872544 GC { size: 87441408bytes used: 42574408bytes duration: 7ms }
1545817873300 GC { size: 87441408bytes used: 44699920bytes duration: 7ms }
loop { count: 226 minimum: 0.000121ms maximum: 0.149529ms average: 0.0110329ms }
1545817872673 GC { size: 89014272bytes used: 43547296bytes duration: 7ms }
loop { count: 251 minimum: 0.000124ms maximum: 0.3301ms average: 0.0127424ms }
1545817874172 GC { size: 88489984bytes used: 47450680bytes duration: 7ms }
1545817874212 GC { size: 88489984bytes used: 50321928bytes duration: 0ms }
1545817874212 GC { size: 88489984bytes used: 50321928bytes duration: 0ms }
1545817874217 GC { size: 86392832bytes used: 36128856bytes duration: 5ms }
1545817874717 GC { size: 86392832bytes used: 39874032bytes duration: 4ms }
1545817874319 GC { size: 90062848bytes used: 47105048bytes duration: 8ms }
1545817874905 GC { size: 90587136bytes used: 56573432bytes duration: 0ms }
1545817874912 GC { size: 89538560bytes used: 36606256bytes duration: 6ms }
1545817876342 eventloop { min: 0.042749ms max: 0.058481ms avg: 0.047182800000000004ms} 
1545817877713 eventloop { min: 0.024041ms max: 0.117772ms avg: 0.0488446ms} 
loop { count: 139 minimum: 0.000125ms maximum: 0.212839ms average: 0.0125207ms }
1545817877803 eventloop { min: 0.039138ms max: 4.5296ms avg: 0.5047862000000001ms} 
1545817875976 GC { size: 86392832bytes used: 42476000bytes duration: 7ms }
1545817877045 GC { size: 86392832bytes used: 44695152bytes duration: 7ms }
1545817877105 GC { size: 86392832bytes used: 53479008bytes duration: 0ms }
1545817877105 GC { size: 86392832bytes used: 53479008bytes duration: 0ms }
1545817877111 GC { size: 86392832bytes used: 36173552bytes duration: 5ms }
1545817877819 GC { size: 86392832bytes used: 39742280bytes duration: 5ms }
1545817876745 GC { size: 89538560bytes used: 40737888bytes duration: 5ms }
1545817879322 GC { size: 86392832bytes used: 42246208bytes duration: 6ms }
loop { count: 277 minimum: 0.000117ms maximum: 0.242621ms average: 0.0108891ms }
1545817879139 GC { size: 89538560bytes used: 43644032bytes duration: 8ms }
loop { count: 260 minimum: 0.000111ms maximum: 1.52841ms average: 0.0178125ms }
1545817881343 eventloop { min: 0.042988ms max: 0.05857ms avg: 0.0481066ms} 
loop { count: 122 minimum: 0.000118ms maximum: 0.137842ms average: 0.0116144ms }
1545817880943 GC { size: 86392832bytes used: 44583136bytes duration: 7ms }
1545817882713 eventloop { min: 0.036065ms max: 0.052012ms avg: 0.04118680000000001ms} 
1545817882804 eventloop { min: 0.039705ms max: 0.149751ms avg: 0.06357550000000001ms} 
1545817881967 GC { size: 87441408bytes used: 47248864bytes duration: 7ms }
1545817882001 GC { size: 87965696bytes used: 49231224bytes duration: 0ms }
1545817882006 GC { size: 87965696bytes used: 36190632bytes duration: 4ms }
1545817883291 GC { size: 87965696bytes used: 39843672bytes duration: 5ms }
loop { count: 232 minimum: 0.000123ms maximum: 0.234386ms average: 0.0119435ms }
loop { count: 210 minimum: 0.00011ms maximum: 0.393107ms average: 0.0136191ms }
1545817885694 GC { size: 89014272bytes used: 44893576bytes duration: 7ms }
1545817884794 GC { size: 87965696bytes used: 42084992bytes duration: 6ms }
1545817885426 GC { size: 89538560bytes used: 46689160bytes duration: 7ms }
1545817885475 GC { size: 90062848bytes used: 52511096bytes duration: 0ms }
1545817885476 GC { size: 90062848bytes used: 52511096bytes duration: 0ms }
1545817885481 GC { size: 88489984bytes used: 36460936bytes duration: 5ms }
1545817886342 eventloop { min: 0.041909ms max: 0.075865ms avg: 0.0473012ms} 
1545817887713 eventloop { min: 0.038277ms max: 0.106057ms avg: 0.05779569999999999ms} 
1545817885779 GC { size: 38158336bytes used: 31934464bytes duration: 0ms }
loop { count: 137 minimum: 0.000116ms maximum: 0.217832ms average: 0.0119172ms }
1545817887805 eventloop { min: 0.040074ms max: 0.086895ms avg: 0.0503607ms} 
1545817886973 GC { size: 90062848bytes used: 47496016bytes duration: 6ms }
1545817887012 GC { size: 90062848bytes used: 50497448bytes duration: 0ms }
1545817887017 GC { size: 87965696bytes used: 36258328bytes duration: 5ms }
1545817887486 GC { size: 88489984bytes used: 40439280bytes duration: 5ms }
1545817889605 GC { size: 87965696bytes used: 39709288bytes duration: 5ms }
loop { count: 231 minimum: 0.000121ms maximum: 0.222973ms average: 0.0124003ms }
1545817888679 GC { size: 88489984bytes used: 43647880bytes duration: 7ms }
loop { count: 201 minimum: 0.000116ms maximum: 0.215724ms average: 0.0148059ms }
1545817891342 eventloop { min: 0.031351ms max: 0.051644ms avg: 0.0439137ms} 
loop { count: 135 minimum: 0.000117ms maximum: 0.119975ms average: 0.01108ms }
1545817890953 GC { size: 87965696bytes used: 42322224bytes duration: 20ms }
1545817891741 GC { size: 87965696bytes used: 45093384bytes duration: 6ms }
1545817890130 GC { size: 88489984bytes used: 47160112bytes duration: 8ms }
1545817890166 GC { size: 89014272bytes used: 49520648bytes duration: 0ms }
1545817890171 GC { size: 89014272bytes used: 36370792bytes duration: 5ms }
1545817892713 eventloop { min: 0.039614ms max: 0.077337ms avg: 0.0487072ms} 
1545817892805 eventloop { min: 0.022548ms max: 0.072439ms avg: 0.042769299999999996ms} 
1545817893618 GC { size: 89014272bytes used: 47452216bytes duration: 7ms }
1545817893659 GC { size: 89014272bytes used: 50514920bytes duration: 0ms }
1545817893665 GC { size: 87441408bytes used: 36443024bytes duration: 5ms }
loop { count: 218 minimum: 0.000106ms maximum: 0.308008ms average: 0.01326ms }
1545817892501 GC { size: 89014272bytes used: 40699216bytes duration: 5ms }
1545817893911 GC { size: 89014272bytes used: 43462536bytes duration: 19ms }
loop { count: 190 minimum: 0.000111ms maximum: 3.93227ms average: 0.0349712ms }
1545817895137 GC { size: 87441408bytes used: 40139728bytes duration: 7ms }
1545817894841 GC { size: 90062848bytes used: 47073240bytes duration: 9ms }
1545817896343 eventloop { min: 0.041903ms max: 0.052174ms avg: 0.04595679999999999ms} 
1545817897713 eventloop { min: 0.039216ms max: 0.075442ms avg: 0.0488889ms} 
loop { count: 141 minimum: 0.000116ms maximum: 0.112278ms average: 0.0105543ms }
1545817897806 eventloop { min: 0.039563ms max: 0.087558ms avg: 0.049936100000000004ms} 
1545817896641 GC { size: 87441408bytes used: 42644560bytes duration: 14ms }
1545817896580 GC { size: 91111424bytes used: 49620984bytes duration: 8ms }
1545817896624 GC { size: 91111424bytes used: 53445376bytes duration: 0ms }
1545817896642 GC { size: 91111424bytes used: 36619072bytes duration: 18ms }
1545817897508 GC { size: 91111424bytes used: 41061776bytes duration: 5ms }
1545817897962 GC { size: 88489984bytes used: 45405248bytes duration: 11ms }
1545817898321 GC { size: 89014272bytes used: 47905304bytes duration: 7ms }
1545817898358 GC { size: 89014272bytes used: 50890160bytes duration: 0ms }
1545817898364 GC { size: 89014272bytes used: 36266744bytes duration: 5ms }
1545817899837 GC { size: 89014272bytes used: 39676608bytes duration: 5ms }
loop { count: 239 minimum: 0.000115ms maximum: 0.286741ms average: 0.014935ms }
1545817898249 GC { size: 91111424bytes used: 44213824bytes duration: 7ms }
1545817899882 GC { size: 92160000bytes used: 47464616bytes duration: 8ms }
1545817899921 GC { size: 92160000bytes used: 50694752bytes duration: 0ms }
loop { count: 289 minimum: 0.00011ms maximum: 0.84163ms average: 0.0132464ms }
1545817901343 eventloop { min: 0.040683ms max: 0.060506ms avg: 0.04660109999999999ms} 
loop { count: 124 minimum: 0.000119ms maximum: 0.11722ms average: 0.0116559ms }
1545817901366 GC { size: 89014272bytes used: 42102200bytes duration: 8ms }
1545817899926 GC { size: 90062848bytes used: 36474000bytes duration: 5ms }
1545817902712 eventloop { min: 0.024544ms max: 3.130538ms avg: 0.35460939999999996ms} 
1545817902806 eventloop { min: 0.037576ms max: 3.816628ms avg: 0.43619770000000013ms} 
1545817902502 GC { size: 89014272bytes used: 45071352bytes duration: 7ms }
1545817903392 GC { size: 89014272bytes used: 47226784bytes duration: 7ms }
1545817903438 GC { size: 89014272bytes used: 50917160bytes duration: 0ms }
1545817903444 GC { size: 87965696bytes used: 36495184bytes duration: 5ms }
loop { count: 258 minimum: 0.000116ms maximum: 0.221682ms average: 0.0104981ms }
1545817902921 GC { size: 90062848bytes used: 40868632bytes duration: 6ms }
loop { count: 176 minimum: 0.000112ms maximum: 0.124073ms average: 0.0134572ms }
1545817905012 GC { size: 87965696bytes used: 40189040bytes duration: 5ms }
1545817905803 GC { size: 87965696bytes used: 42679136bytes duration: 7ms }
1545817906344 eventloop { min: 0.042125ms max: 0.052369ms avg: 0.046196499999999995ms} 
1545817907713 eventloop { min: 0.024699ms max: 0.050783ms avg: 0.0390475ms} 
loop { count: 136 minimum: 0.000122ms maximum: 0.102666ms average: 0.00971814ms }
1545817907807 eventloop { min: 0.035383ms max: 0.40209ms avg: 0.08923270000000001ms} 
1545817906399 GC { size: 87965696bytes used: 45306408bytes duration: 7ms }
1545817907830 GC { size: 89014272bytes used: 48129400bytes duration: 8ms }
1545817906915 GC { size: 90062848bytes used: 43663040bytes duration: 8ms }
1545817907878 GC { size: 89014272bytes used: 50399216bytes duration: 0ms }
1545817907884 GC { size: 87441408bytes used: 36311944bytes duration: 5ms }
1545817908262 GC { size: 87441408bytes used: 39665624bytes duration: 5ms }
1545817909539 GC { size: 87441408bytes used: 42200808bytes duration: 6ms }
1545817909804 GC { size: 87441408bytes used: 44864760bytes duration: 7ms }
loop { count: 242 minimum: 0.000118ms maximum: 0.139311ms average: 0.0115303ms }
1545817908629 GC { size: 91111424bytes used: 46996800bytes duration: 7ms }
1545817908666 GC { size: 91111424bytes used: 50654608bytes duration: 0ms }
1545817908672 GC { size: 91111424bytes used: 36469200bytes duration: 5ms }
1545817909690 GC { size: 91111424bytes used: 40829656bytes duration: 5ms }
loop { count: 213 minimum: 0.000112ms maximum: 0.260805ms average: 0.0163776ms }
1545817911343 eventloop { min: 0.043837ms max: 0.053228ms avg: 0.04647333333333333ms} 
loop { count: 121 minimum: 0.000123ms maximum: 0.105172ms average: 0.0115989ms }
1545817911827 GC { size: 87441408bytes used: 47440864bytes duration: 7ms }
1545817911863 GC { size: 87441408bytes used: 50233648bytes duration: 0ms }
1545817911117 GC { size: 91111424bytes used: 43512408bytes duration: 7ms }
1545817911782 GC { size: 91111424bytes used: 47029640bytes duration: 8ms }
1545817912714 eventloop { min: 0.03689ms max: 0.302562ms avg: 0.0753244ms} 
1545817912807 eventloop { min: 0.02377ms max: 0.08549ms avg: 0.053284ms} 
1545817911868 GC { size: 87441408bytes used: 36334856bytes duration: 5ms }
1545817913672 GC { size: 87965696bytes used: 40109968bytes duration: 5ms }
loop { count: 251 minimum: 0.000122ms maximum: 0.267402ms average: 0.0125159ms }
1545817913595 GC { size: 92160000bytes used: 50165704bytes duration: 13ms }
1545817913640 GC { size: 92160000bytes used: 53611352bytes duration: 0ms }
1545817913647 GC { size: 92160000bytes used: 36428456bytes duration: 6ms }
loop { count: 215 minimum: 0.000128ms maximum: 0.123579ms average: 0.0122176ms }
1545817914723 GC { size: 87965696bytes used: 42552848bytes duration: 8ms }
1545817915007 GC { size: 92160000bytes used: 40810472bytes duration: 7ms }
1545817916344 eventloop { min: 0.039106ms max: 0.058119ms avg: 0.048561599999999996ms} 
1545817917715 eventloop { min: 0.036689ms max: 0.076762ms avg: 0.0439856ms} 
loop { count: 147 minimum: 0.000121ms maximum: 0.140146ms average: 0.0107931ms }
1545817917808 eventloop { min: 0.039576ms max: 0.325928ms avg: 0.0733456ms} 
1545817916384 GC { size: 87965696bytes used: 44542696bytes duration: 6ms }
1545817917078 GC { size: 88489984bytes used: 58850880bytes duration: 0ms }
1545817917078 GC { size: 88489984bytes used: 58850880bytes duration: 0ms }
1545817917085 GC { size: 86917120bytes used: 36417624bytes duration: 7ms }
1545817916112 GC { size: 92160000bytes used: 43685584bytes duration: 8ms }
1545817916746 GC { size: 92160000bytes used: 47094992bytes duration: 7ms }
1545817918404 GC { size: 86917120bytes used: 40067560bytes duration: 8ms }
loop { count: 251 minimum: 0.000112ms maximum: 0.17344ms average: 0.0114573ms }
1545817918297 GC { size: 92160000bytes used: 57427776bytes duration: 0ms }
1545817918318 GC { size: 90587136bytes used: 36780752bytes duration: 20ms }
1545817919916 GC { size: 90587136bytes used: 40932528bytes duration: 6ms }
loop { count: 258 minimum: 0.000113ms maximum: 0.232526ms average: 0.0113096ms }
1545817921345 eventloop { min: 0.035428ms max: 0.055278ms avg: 0.046429000000000005ms} 
loop { count: 112 minimum: 0.000117ms maximum: 0.141095ms average: 0.011807ms }
1545817920763 GC { size: 86917120bytes used: 42690496bytes duration: 6ms }
1545817921534 GC { size: 90587136bytes used: 43699608bytes duration: 7ms }
1545817922715 eventloop { min: 0.040032ms max: 15.964061ms avg: 1.6370947999999999ms} 
1545817922808 eventloop { min: 0.023455ms max: 14.498577ms avg: 1.4881867ms} 
1545817922057 GC { size: 86917120bytes used: 44946496bytes duration: 9ms }
1545817922610 GC { size: 87965696bytes used: 47779072bytes duration: 8ms }
1545817922652 GC { size: 87965696bytes used: 50201648bytes duration: 0ms }
1545817922652 GC { size: 87965696bytes used: 50201648bytes duration: 0ms }
1545817922657 GC { size: 86917120bytes used: 36305296bytes duration: 5ms }
1545817923715 GC { size: 86917120bytes used: 39897440bytes duration: 6ms }
loop { count: 211 minimum: 0.000119ms maximum: 0.306857ms average: 0.0134041ms }
1545817922242 GC { size: 90587136bytes used: 47236744bytes duration: 9ms }
1545817922975 GC { size: 90587136bytes used: 54796848bytes duration: 0ms }
1545817922982 GC { size: 89538560bytes used: 36557064bytes duration: 6ms }
loop { count: 209 minimum: 0.000118ms maximum: 0.465169ms average: 0.0140551ms }
1545817924930 GC { size: 86917120bytes used: 42207976bytes duration: 12ms }
1545817925453 GC { size: 86917120bytes used: 44878512bytes duration: 7ms }
1545817924259 GC { size: 89538560bytes used: 40580640bytes duration: 5ms }
1545817925042 GC { size: 89538560bytes used: 43674368bytes duration: 8ms }
1545817926344 eventloop { min: 0.043702ms max: 0.136948ms avg: 0.057201800000000004ms} 
1545817927716 eventloop { min: 0.029762ms max: 1.660013ms avg: 0.21310540000000003ms} 
loop { count: 147 minimum: 0.000117ms maximum: 0.173861ms average: 0.0115543ms }
1545817927807 eventloop { min: 0.040614ms max: 0.332889ms avg: 0.08452679999999999ms} 
1545817926950 GC { size: 88489984bytes used: 47473072bytes duration: 7ms }
1545817926989 GC { size: 88489984bytes used: 50886824bytes duration: 0ms }
1545817926989 GC { size: 88489984bytes used: 50886824bytes duration: 0ms }
1545817926995 GC { size: 88489984bytes used: 36314568bytes duration: 5ms }
1545817926867 GC { size: 89538560bytes used: 47171656bytes duration: 8ms }
1545817926911 GC { size: 89538560bytes used: 49931936bytes duration: 0ms }
1545817926911 GC { size: 89538560bytes used: 49931936bytes duration: 0ms }
1545817926918 GC { size: 89538560bytes used: 36445024bytes duration: 6ms }
1545817927798 GC { size: 89538560bytes used: 40788288bytes duration: 5ms }
1545817928516 GC { size: 88489984bytes used: 39963464bytes duration: 4ms }
1545817929680 GC { size: 88489984bytes used: 42222072bytes duration: 6ms }
loop { count: 267 minimum: 0.000106ms maximum: 0.319366ms average: 0.0120718ms }
1545817928805 GC { size: 89538560bytes used: 44163456bytes duration: 9ms }
loop { count: 231 minimum: 0.000112ms maximum: 0.440238ms average: 0.0148281ms }
1545817931345 eventloop { min: 0.038517ms max: 0.071922ms avg: 0.0474361ms} 
loop { count: 135 minimum: 0.000119ms maximum: 0.148058ms average: 0.0117573ms }
1545817930536 GC { size: 88489984bytes used: 44973016bytes duration: 9ms }
1545817931635 GC { size: 89538560bytes used: 47598096bytes duration: 8ms }
1545817931706 GC { size: 89538560bytes used: 50438160bytes duration: 0ms }
1545817931706 GC { size: 89538560bytes used: 50438160bytes duration: 0ms }
1545817931713 GC { size: 87965696bytes used: 36347720bytes duration: 6ms }
1545817930141 GC { size: 90587136bytes used: 47060912bytes duration: 9ms }
1545817930189 GC { size: 91111424bytes used: 51028520bytes duration: 0ms }
1545817930189 GC { size: 91111424bytes used: 51028520bytes duration: 0ms }
1545817930194 GC { size: 89538560bytes used: 36520104bytes duration: 5ms }
1545817931508 GC { size: 89538560bytes used: 40919264bytes duration: 10ms }
1545817931693 GC { size: 89538560bytes used: 44058728bytes duration: 10ms }
1545817932716 eventloop { min: 0.024621ms max: 0.105585ms avg: 0.0519668ms} 
1545817932808 eventloop { min: 0.02667ms max: 0.089861ms avg: 0.0490895ms} 
1545817933376 GC { size: 87965696bytes used: 39873592bytes duration: 5ms }
loop { count: 201 minimum: 0.00012ms maximum: 0.172784ms average: 0.0133643ms }
1545817933183 GC { size: 90587136bytes used: 47249056bytes duration: 10ms }
1545817933225 GC { size: 90587136bytes used: 50767224bytes duration: 0ms }
1545817933231 GC { size: 90587136bytes used: 36454416bytes duration: 5ms }
loop { count: 214 minimum: 0.00011ms maximum: 0.533897ms average: 0.0196126ms }
1545817935440 GC { size: 87965696bytes used: 42326848bytes duration: 9ms }
1545817936346 eventloop { min: 0.04446ms max: 0.063114ms avg: 0.049308099999999994ms} 
1545817937717 eventloop { min: 0.027714ms max: 0.094846ms avg: 0.0491377ms} 
loop { count: 126 minimum: 0.000118ms maximum: 0.173322ms average: 0.0123957ms }
1545817937807 eventloop { min: 0.038736ms max: 27.484329ms avg: 2.7936167999999997ms} 
1545817935932 GC { size: 87965696bytes used: 45329040bytes duration: 14ms }
1545817936266 GC { size: 89014272bytes used: 47288408bytes duration: 7ms }
1545817936302 GC { size: 89014272bytes used: 49403496bytes duration: 0ms }
1545817936302 GC { size: 89014272bytes used: 49403496bytes duration: 0ms }
1545817936308 GC { size: 86917120bytes used: 36492432bytes duration: 5ms }
1545817936113 GC { size: 90587136bytes used: 40822744bytes duration: 21ms }
1545817937783 GC { size: 38158336bytes used: 31967560bytes duration: 0ms }
1545817938107 GC { size: 86917120bytes used: 39801216bytes duration: 5ms }
loop { count: 266 minimum: 0.000117ms maximum: 13.5806ms average: 0.0612909ms }
1545817937964 GC { size: 90587136bytes used: 43795056bytes duration: 7ms }
1545817938471 GC { size: 90587136bytes used: 47312992bytes duration: 8ms }
1545817938519 GC { size: 91111424bytes used: 49740320bytes duration: 0ms }
1545817938519 GC { size: 91111424bytes used: 49740320bytes duration: 0ms }
1545817938524 GC { size: 89538560bytes used: 36528024bytes duration: 4ms }
1545817939905 GC { size: 89538560bytes used: 40900032bytes duration: 6ms }
loop { count: 232 minimum: 0.000116ms maximum: 0.168296ms average: 0.012293ms }
1545817941347 eventloop { min: 0.037069ms max: 0.053042ms avg: 0.045410299999999994ms} 
loop { count: 124 minimum: 0.000122ms maximum: 0.126942ms average: 0.0115376ms }
1545817940702 GC { size: 86917120bytes used: 42546704bytes duration: 8ms }
1545817941904 GC { size: 89538560bytes used: 43921544bytes duration: 9ms }
1545817942717 eventloop { min: 0.038712ms max: 0.083637ms avg: 0.04843940000000001ms} 
1545817942808 eventloop { min: 0.025702ms max: 6.409094ms avg: 0.6773448ms} 
1545817942398 GC { size: 86917120bytes used: 44776936bytes duration: 8ms }
1545817943061 GC { size: 87441408bytes used: 59070752bytes duration: 0ms }
1545817943061 GC { size: 87441408bytes used: 59070752bytes duration: 0ms }
1545817943068 GC { size: 87441408bytes used: 36503080bytes duration: 6ms }
loop { count: 195 minimum: 0.00012ms maximum: 0.278536ms average: 0.0148424ms }
1545817942516 GC { size: 90587136bytes used: 47318016bytes duration: 9ms }
1545817942550 GC { size: 91111424bytes used: 47867024bytes duration: 0ms }
1545817942550 GC { size: 91111424bytes used: 47867024bytes duration: 0ms }
1545817942555 GC { size: 90062848bytes used: 36432976bytes duration: 4ms }
1545817943767 GC { size: 90062848bytes used: 40774472bytes duration: 6ms }
loop { count: 233 minimum: 0.00012ms maximum: 0.486378ms average: 0.0152872ms }
1545817944519 GC { size: 87441408bytes used: 39957776bytes duration: 4ms }
1545817945687 GC { size: 90062848bytes used: 43688688bytes duration: 7ms }
1545817946348 eventloop { min: 0.037284ms max: 0.055686ms avg: 0.045487ms} 
1545817947718 eventloop { min: 0.038282ms max: 0.15631ms avg: 0.06351409999999999ms} 
loop { count: 145 minimum: 0.000115ms maximum: 0.159788ms average: 0.0110832ms }
1545817947809 eventloop { min: 0.026116ms max: 0.084805ms avg: 0.049740700000000006ms} 
1545817946089 GC { size: 87441408bytes used: 42525896bytes duration: 9ms }
1545817946858 GC { size: 87441408bytes used: 44825432bytes duration: 8ms }
1545817946153 GC { size: 91635712bytes used: 47282464bytes duration: 9ms }
1545817946199 GC { size: 91635712bytes used: 50739520bytes duration: 0ms }
1545817946199 GC { size: 91635712bytes used: 50739520bytes duration: 0ms }
1545817946205 GC { size: 90062848bytes used: 36569096bytes duration: 6ms }
1545817948311 GC { size: 88489984bytes used: 47578048bytes duration: 7ms }
1545817948350 GC { size: 88489984bytes used: 50868016bytes duration: 0ms }
1545817948351 GC { size: 88489984bytes used: 50868016bytes duration: 0ms }
1545817948356 GC { size: 88489984bytes used: 36409432bytes duration: 5ms }
1545817949415 GC { size: 88489984bytes used: 40055592bytes duration: 4ms }
loop { count: 268 minimum: 0.000119ms maximum: 0.239105ms average: 0.0126719ms }
1545817948453 GC { size: 90062848bytes used: 40775712bytes duration: 5ms }
1545817949366 GC { size: 90062848bytes used: 44325800bytes duration: 10ms }
loop { count: 202 minimum: 0.000122ms maximum: 0.244641ms average: 0.0143771ms }
1545817951347 eventloop { min: 0.04228ms max: 0.143137ms avg: 0.0579816ms} 
loop { count: 127 minimum: 0.000113ms maximum: 0.156982ms average: 0.0122743ms }
1545817951441 GC { size: 88489984bytes used: 42275536bytes duration: 6ms }
1545817950187 GC { size: 90062848bytes used: 47409608bytes duration: 8ms }
1545817950224 GC { size: 90062848bytes used: 49722624bytes duration: 0ms }
1545817950224 GC { size: 90062848bytes used: 49722624bytes duration: 0ms }
1545817950229 GC { size: 90062848bytes used: 36598312bytes duration: 5ms }
1545817951546 GC { size: 90062848bytes used: 40728824bytes duration: 5ms }
1545817952717 eventloop { min: 0.03826ms max: 5.330125ms avg: 0.5867163000000001ms} 
1545817952809 eventloop { min: 0.025655ms max: 0.087884ms avg: 0.0514284ms} 
1545817952411 GC { size: 88489984bytes used: 45078312bytes duration: 7ms }
1545817953852 GC { size: 89538560bytes used: 47676104bytes duration: 7ms }
loop { count: 183 minimum: 0.000107ms maximum: 0.182087ms average: 0.0135168ms }
loop { count: 245 minimum: 0.000112ms maximum: 0.306288ms average: 0.013144ms }
1545817953890 GC { size: 89538560bytes used: 50714952bytes duration: 0ms }
1545817953890 GC { size: 89538560bytes used: 50714952bytes duration: 0ms }
1545817953896 GC { size: 88489984bytes used: 36396064bytes duration: 5ms }
1545817954374 GC { size: 88489984bytes used: 40073720bytes duration: 5ms }
1545817954086 GC { size: 90062848bytes used: 43909336bytes duration: 8ms }
1545817956348 eventloop { min: 0.041103ms max: 0.052133ms avg: 0.0455863ms} 
1545817957718 eventloop { min: 0.037213ms max: 0.105738ms avg: 0.05086999999999999ms} 
loop { count: 137 minimum: 0.000118ms maximum: 0.130324ms average: 0.0111948ms }
1545817957809 eventloop { min: 0.03935ms max: 8.271426ms avg: 0.8758378ms} 
1545817957031 GC { size: 88489984bytes used: 42235360bytes duration: 6ms }
1545817956433 GC { size: 90062848bytes used: 46652200bytes duration: 9ms }
1545817956526 GC { size: 90062848bytes used: 53141520bytes duration: 0ms }
1545817956527 GC { size: 90062848bytes used: 53141520bytes duration: 0ms }
1545817956532 GC { size: 90062848bytes used: 36678936bytes duration: 5ms }
1545817958653 GC { size: 88489984bytes used: 45159256bytes duration: 7ms }
loop { count: 258 minimum: 0.000118ms maximum: 0.249651ms average: 0.0128458ms }
1545817958264 GC { size: 90062848bytes used: 40920520bytes duration: 5ms }
loop { count: 212 minimum: 0.000112ms maximum: 0.224345ms average: 0.0155688ms }
1545817961348 eventloop { min: 0.04418ms max: 0.054171ms avg: 0.0472848ms} 
loop { count: 109 minimum: 0.000122ms maximum: 0.139ms average: 0.0126101ms }
1545817960769 GC { size: 89538560bytes used: 47631320bytes duration: 10ms }
1545817960831 GC { size: 89538560bytes used: 50462256bytes duration: 0ms }
1545817960831 GC { size: 89538560bytes used: 50462256bytes duration: 0ms }
1545817960849 GC { size: 88489984bytes used: 36521736bytes duration: 17ms }
1545817960652 GC { size: 90062848bytes used: 43481240bytes duration: 8ms }
1545817960840 GC { size: 90062848bytes used: 47076184bytes duration: 18ms }
1545817962719 eventloop { min: 0.036201ms max: 0.199189ms avg: 0.06094619999999999ms} 
1545817962809 eventloop { min: 0.043031ms max: 0.313268ms avg: 0.0812584ms} 
1545817962513 GC { size: 88489984bytes used: 39733248bytes duration: 4ms }
loop { count: 186 minimum: 0.000119ms maximum: 0.63273ms average: 0.0159064ms }
1545817961948 GC { size: 90587136bytes used: 56956408bytes duration: 0ms }
1545817961948 GC { size: 90587136bytes used: 56956408bytes duration: 0ms }
1545817961955 GC { size: 89014272bytes used: 36569736bytes duration: 7ms }
1545817962909 GC { size: 89014272bytes used: 40920256bytes duration: 5ms }
loop { count: 209 minimum: 0.000106ms maximum: 1.3112ms average: 0.0182811ms }
1545817964056 GC { size: 88489984bytes used: 42522240bytes duration: 7ms }
1545817965741 GC { size: 88489984bytes used: 45164824bytes duration: 7ms }
1545817965510 GC { size: 89014272bytes used: 43789728bytes duration: 8ms }
1545817966348 eventloop { min: 0.037431ms max: 0.067205ms avg: 0.04672160000000001ms} 
1545817967719 eventloop { min: 0.035978ms max: 0.070871ms avg: 0.0438484ms} 
loop { count: 130 minimum: 0.000107ms maximum: 0.134102ms average: 0.0104882ms }
1545817967810 eventloop { min: 0.040248ms max: 0.616397ms avg: 0.12537109999999999ms} 
1545817966900 GC { size: 89538560bytes used: 47593328bytes duration: 7ms }
1545817966950 GC { size: 90062848bytes used: 52066080bytes duration: 0ms }
1545817966951 GC { size: 90062848bytes used: 52066080bytes duration: 0ms }
1545817966956 GC { size: 88489984bytes used: 36670144bytes duration: 5ms }
1545817965983 GC { size: 90062848bytes used: 47332104bytes duration: 7ms }
1545817967589 GC { size: 90587136bytes used: 54630224bytes duration: 0ms }
1545817967589 GC { size: 90587136bytes used: 54630224bytes duration: 0ms }
1545817967596 GC { size: 90587136bytes used: 36642960bytes duration: 6ms }
1545817968716 GC { size: 88489984bytes used: 40518720bytes duration: 9ms }
loop { count: 261 minimum: 0.000121ms maximum: 0.168149ms average: 0.0125198ms }
1545817969035 GC { size: 90587136bytes used: 40678480bytes duration: 6ms }
loop { count: 213 minimum: 0.000099ms maximum: 0.190725ms average: 0.013206ms }
1545817971348 eventloop { min: 0.042206ms max: 0.046824ms avg: 0.04476780000000001ms} 
loop { count: 128 minimum: 0.000112ms maximum: 0.18735ms average: 0.0121243ms }
1545817969948 GC { size: 88489984bytes used: 42765576bytes duration: 9ms }
1545817971633 GC { size: 88489984bytes used: 45373704bytes duration: 14ms }
1545817971187 GC { size: 90587136bytes used: 43803792bytes duration: 8ms }
1545817972720 eventloop { min: 0.022141ms max: 0.070759ms avg: 0.0441281ms} 
1545817972810 eventloop { min: 0.039951ms max: 3.285709ms avg: 0.36705000000000004ms} 
loop { count: 170 minimum: 0.000128ms maximum: 0.176199ms average: 0.0138419ms }
loop { count: 185 minimum: 0.00011ms maximum: 0.404649ms average: 0.0146904ms }
1545817974661 GC { size: 88489984bytes used: 60234048bytes duration: 0ms }
1545817974661 GC { size: 88489984bytes used: 60234048bytes duration: 0ms }
1545817974670 GC { size: 87441408bytes used: 36612064bytes duration: 8ms }
1545817974775 GC { size: 91635712bytes used: 46865168bytes duration: 9ms }
1545817974816 GC { size: 91635712bytes used: 50447976bytes duration: 0ms }
1545817974816 GC { size: 91635712bytes used: 50447976bytes duration: 0ms }
1545817974822 GC { size: 90062848bytes used: 36706568bytes duration: 5ms }
1545817976348 eventloop { min: 0.042284ms max: 0.071746ms avg: 0.048478499999999994ms} 
1545817977721 eventloop { min: 0.025937ms max: 0.074913ms avg: 0.045408500000000004ms} 
loop { count: 128 minimum: 0.00012ms maximum: 1.15385ms average: 0.0196171ms }
1545817977811 eventloop { min: 0.025414ms max: 7.785909ms avg: 0.8488559999999999ms} 
1545817976297 GC { size: 87441408bytes used: 40102464bytes duration: 4ms }
1545817977680 GC { size: 87441408bytes used: 42485032bytes duration: 8ms }
1545817977236 GC { size: 90587136bytes used: 40788640bytes duration: 5ms }
1545817978893 GC { size: 87441408bytes used: 44997976bytes duration: 6ms }
loop { count: 222 minimum: 0.000109ms maximum: 0.364264ms average: 0.0132129ms }
1545817978763 GC { size: 90587136bytes used: 44062408bytes duration: 9ms }
loop { count: 227 minimum: 0.000117ms maximum: 0.273333ms average: 0.0146684ms }
1545817981347 eventloop { min: 0.041047ms max: 0.058667ms avg: 0.047170199999999995ms} 
loop { count: 111 minimum: 0.00011ms maximum: 0.149255ms average: 0.0122129ms }
1545817980042 GC { size: 87965696bytes used: 47904688bytes duration: 7ms }
1545817980079 GC { size: 88489984bytes used: 50143672bytes duration: 0ms }
1545817980079 GC { size: 88489984bytes used: 50143672bytes duration: 0ms }
1545817980084 GC { size: 88489984bytes used: 36477144bytes duration: 5ms }
1545817981217 GC { size: 88489984bytes used: 39992392bytes duration: 5ms }
1545817981295 GC { size: 90587136bytes used: 47367216bytes duration: 9ms }
1545817981337 GC { size: 90587136bytes used: 49771472bytes duration: 0ms }
1545817981337 GC { size: 90587136bytes used: 49771472bytes duration: 0ms }
1545817981343 GC { size: 88489984bytes used: 36656536bytes duration: 5ms }
1545817982721 eventloop { min: 0.039465ms max: 0.072283ms avg: 0.0449929ms} 
1545817982811 eventloop { min: 0.040386ms max: 1.691432ms avg: 0.21634770000000003ms} 
1545817983080 GC { size: 88489984bytes used: 42533200bytes duration: 8ms }
1545817983370 GC { size: 88489984bytes used: 45286760bytes duration: 7ms }
loop { count: 232 minimum: 0.000123ms maximum: 0.131942ms average: 0.0111182ms }
loop { count: 171 minimum: 0.000106ms maximum: 3.32233ms average: 0.0332131ms }
1545817985196 GC { size: 89538560bytes used: 47773184bytes duration: 11ms }
1545817985238 GC { size: 89538560bytes used: 51095200bytes duration: 0ms }
1545817985239 GC { size: 89538560bytes used: 51095200bytes duration: 0ms }
1545817985244 GC { size: 89538560bytes used: 36500408bytes duration: 5ms }
1545817985706 GC { size: 89538560bytes used: 40087960bytes duration: 5ms }
1545817984297 GC { size: 89014272bytes used: 40847728bytes duration: 6ms }
1545817985562 GC { size: 89014272bytes used: 43824696bytes duration: 8ms }
1545817986347 eventloop { min: 0.042856ms max: 0.068584ms avg: 0.0474521ms} 
1545817987720 eventloop { min: 0.038244ms max: 0.05283ms avg: 0.04327740000000001ms} 
loop { count: 156 minimum: 0.000114ms maximum: 0.134897ms average: 0.0104163ms }
1545817987811 eventloop { min: 0.041163ms max: 45.507116ms avg: 5.8467270000000005ms} 
1545817986656 GC { size: 89538560bytes used: 42474960bytes duration: 9ms }
1545817987217 GC { size: 89538560bytes used: 44968872bytes duration: 7ms }
1545817987122 GC { size: 89014272bytes used: 46877480bytes duration: 8ms }
1545817987756 GC { size: 89538560bytes used: 57804664bytes duration: 0ms }
1545817987756 GC { size: 89538560bytes used: 57804664bytes duration: 0ms }
1545817987763 GC { size: 89538560bytes used: 36771416bytes duration: 6ms }
1545817989078 GC { size: 90587136bytes used: 47776576bytes duration: 9ms }
1545817989116 GC { size: 90587136bytes used: 50451712bytes duration: 0ms }
1545817989116 GC { size: 90587136bytes used: 50451712bytes duration: 0ms }
1545817989123 GC { size: 88489984bytes used: 36510480bytes duration: 6ms }
1545817989873 GC { size: 88489984bytes used: 40109560bytes duration: 4ms }
loop { count: 240 minimum: 0.000135ms maximum: 0.362866ms average: 0.0123005ms }
loop { count: 220 minimum: 0.000119ms maximum: 0.544311ms average: 0.0163964ms }
1545817991348 eventloop { min: 0.040894ms max: 0.066315ms avg: 0.0475661ms} 
1545817991349 GC { size: 38158336bytes used: 31995488bytes duration: 0ms }
loop { count: 131 minimum: 0.000095ms maximum: 0.130245ms average: 0.0116261ms }
1545817991033 GC { size: 88489984bytes used: 42415176bytes duration: 8ms }
1545817991571 GC { size: 88489984bytes used: 44980088bytes duration: 7ms }
1545817990066 GC { size: 89538560bytes used: 41054896bytes duration: 6ms }
1545817991671 GC { size: 89538560bytes used: 44224928bytes duration: 8ms }
1545817992720 eventloop { min: 0.039976ms max: 0.081319ms avg: 0.0506993ms} 
1545817992812 eventloop { min: 0.042504ms max: 3.527221ms avg: 0.4051863ms} 
1545817992939 GC { size: 88489984bytes used: 47873928bytes duration: 9ms }
1545817992978 GC { size: 88489984bytes used: 50107816bytes duration: 0ms }
1545817992978 GC { size: 88489984bytes used: 50107816bytes duration: 0ms }
1545817992983 GC { size: 88489984bytes used: 36477064bytes duration: 5ms }
loop { count: 240 minimum: 0.00012ms maximum: 0.30856ms average: 0.0139925ms }
loop { count: 179 minimum: 0.000113ms maximum: 0.524601ms average: 0.0202148ms }
1545817994590 GC { size: 88489984bytes used: 39994792bytes duration: 8ms }
1545817996348 eventloop { min: 0.038836ms max: 0.081764ms avg: 0.054099699999999994ms} 
1545817997721 eventloop { min: 0.039155ms max: 7.538541ms avg: 0.8007928ms} 
loop { count: 121 minimum: 0.000115ms maximum: 0.140116ms average: 0.0120121ms }
1545817997815 eventloop { min: 0.046987ms max: 0.088047ms avg: 0.055872ms} 
1545817996993 GC { size: 88489984bytes used: 42370552bytes duration: 13ms }
1545817997810 GC { size: 88489984bytes used: 45285568bytes duration: 12ms }
1545817996619 GC { size: 89538560bytes used: 46609704bytes duration: 14ms }
1545817996743 GC { size: 90062848bytes used: 52918864bytes duration: 0ms }
1545817996743 GC { size: 90062848bytes used: 52918864bytes duration: 0ms }
1545817996766 GC { size: 90062848bytes used: 36545288bytes duration: 22ms }
loop { count: 210 minimum: 0.000142ms maximum: 0.318278ms average: 0.016381ms }
1545817998080 GC { size: 90062848bytes used: 40754880bytes duration: 12ms }
loop { count: 155 minimum: 0.000154ms maximum: 2.77775ms average: 0.0374553ms }
1545818001349 eventloop { min: 0.043917ms max: 0.120502ms avg: 0.05902099999999999ms} 
loop { count: 113 minimum: 0.000121ms maximum: 0.134368ms average: 0.0128698ms }
1545818001148 GC { size: 89538560bytes used: 47431088bytes duration: 7ms }
1545818001192 GC { size: 89538560bytes used: 50983736bytes duration: 0ms }
1545818001192 GC { size: 89538560bytes used: 50983736bytes duration: 0ms }
1545818001199 GC { size: 88489984bytes used: 36672960bytes duration: 6ms }
1545818001037 GC { size: 90062848bytes used: 43723296bytes duration: 8ms }
1545818001551 GC { size: 91111424bytes used: 47167904bytes duration: 9ms }
1545818002725 eventloop { min: 0.033157ms max: 0.047416ms avg: 0.039202499999999994ms} 
1545818002816 eventloop { min: 0.041301ms max: 0.09404ms avg: 0.0570354ms} 
1545818002612 GC { size: 88489984bytes used: 40404280bytes duration: 6ms }
1545818003403 GC { size: 88489984bytes used: 42871840bytes duration: 7ms }
1545818003759 GC { size: 88489984bytes used: 45716832bytes duration: 6ms }
loop { count: 204 minimum: 0.00013ms maximum: 0.210389ms average: 0.0133326ms }
1545818003713 GC { size: 92160000bytes used: 56916616bytes duration: 0ms }
1545818003714 GC { size: 92160000bytes used: 56916616bytes duration: 0ms }
1545818003721 GC { size: 90587136bytes used: 36686368bytes duration: 7ms }
loop { count: 186 minimum: 0.00011ms maximum: 0.145779ms average: 0.0133121ms }
1545818004533 GC { size: 90587136bytes used: 41084488bytes duration: 5ms }
1545818005928 GC { size: 90587136bytes used: 43773912bytes duration: 14ms }
1545818006350 eventloop { min: 0.043283ms max: 0.094447ms avg: 0.0533566ms} 
1545818007726 eventloop { min: 0.038398ms max: 0.115855ms avg: 0.053516600000000004ms} 
loop { count: 149 minimum: 0.000129ms maximum: 0.431321ms average: 0.0152681ms }
1545818007816 eventloop { min: 0.034152ms max: 2.457347ms avg: 0.30661039999999995ms} 
1545818006072 GC { size: 89538560bytes used: 48090112bytes duration: 18ms }
1545818006141 GC { size: 89538560bytes used: 51155696bytes duration: 0ms }
1545818006141 GC { size: 89538560bytes used: 51155696bytes duration: 0ms }
1545818006162 GC { size: 87965696bytes used: 36533920bytes duration: 21ms }
1545818006288 GC { size: 91111424bytes used: 47316808bytes duration: 18ms }
1545818008205 GC { size: 87965696bytes used: 39784168bytes duration: 14ms }
1545818009742 GC { size: 87965696bytes used: 42432792bytes duration: 11ms }
loop { count: 187 minimum: 0.000164ms maximum: 0.516869ms average: 0.0177905ms }
1545818007974 GC { size: 91111424bytes used: 54699136bytes duration: 0ms }
1545818007975 GC { size: 91111424bytes used: 54699136bytes duration: 0ms }
1545818007996 GC { size: 90062848bytes used: 36606360bytes duration: 20ms }
1545818008429 GC { size: 90062848bytes used: 40797576bytes duration: 14ms }
loop { count: 237 minimum: 0.000132ms maximum: 0.164284ms average: 0.0131042ms }
1545818011351 eventloop { min: 0.0459ms max: 0.069056ms avg: 0.0540905ms} 
loop { count: 116 minimum: 0.000133ms maximum: 0.123864ms average: 0.0126133ms }
1545818011082 GC { size: 87965696bytes used: 45369512bytes duration: 8ms }
1545818011526 GC { size: 87965696bytes used: 47703704bytes duration: 9ms }
1545818011567 GC { size: 88489984bytes used: 51687840bytes duration: 0ms }
1545818011567 GC { size: 88489984bytes used: 51687840bytes duration: 0ms }
1545818011573 GC { size: 88489984bytes used: 36725472bytes duration: 5ms }
1545818009998 GC { size: 90062848bytes used: 43921800bytes duration: 11ms }
1545818011136 GC { size: 90062848bytes used: 47236128bytes duration: 18ms }
1545818011195 GC { size: 90587136bytes used: 50240424bytes duration: 0ms }
1545818011195 GC { size: 90587136bytes used: 50240424bytes duration: 0ms }
1545818011200 GC { size: 90587136bytes used: 36563280bytes duration: 5ms }
1545818011853 GC { size: 90587136bytes used: 40928424bytes duration: 5ms }
1545818012726 eventloop { min: 0.029844ms max: 21.699573ms avg: 2.2307327ms} 
1545818012816 eventloop { min: 0.023452ms max: 6.51955ms avg: 0.6965266999999999ms} 
loop { count: 242 minimum: 0.000112ms maximum: 0.518619ms average: 0.0144508ms }
1545818013813 GC { size: 90587136bytes used: 43887256bytes duration: 8ms }
loop { count: 237 minimum: 0.000122ms maximum: 0.17521ms average: 0.0115813ms }
1545818013996 GC { size: 88489984bytes used: 40606392bytes duration: 5ms }
1545818014983 GC { size: 88489984bytes used: 42646032bytes duration: 7ms }
1545818014162 GC { size: 91635712bytes used: 47410376bytes duration: 8ms }
1545818015142 GC { size: 92684288bytes used: 56548048bytes duration: 0ms }
1545818015143 GC { size: 92684288bytes used: 56548048bytes duration: 0ms }
1545818015150 GC { size: 91111424bytes used: 36759304bytes duration: 7ms }
1545818016351 eventloop { min: 0.039454ms max: 0.065936ms avg: 0.0490327ms} 
1545818017726 eventloop { min: 0.037357ms max: 0.194368ms avg: 0.0696811ms} 
loop { count: 141 minimum: 0.000121ms maximum: 0.13429ms average: 0.0107867ms }
1545818017816 eventloop { min: 0.02057ms max: 0.080888ms avg: 0.043203200000000004ms} 
1545818016302 GC { size: 88489984bytes used: 45301896bytes duration: 6ms }
1545818017357 GC { size: 89014272bytes used: 47799784bytes duration: 8ms }
1545818017401 GC { size: 89538560bytes used: 51966976bytes duration: 0ms }
1545818017401 GC { size: 89538560bytes used: 51966976bytes duration: 0ms }
1545818017407 GC { size: 89538560bytes used: 36693936bytes duration: 5ms }
1545818017550 GC { size: 91111424bytes used: 40953976bytes duration: 5ms }
1545818018726 GC { size: 89538560bytes used: 40146496bytes duration: 7ms }
loop { count: 243 minimum: 0.000123ms maximum: 0.150707ms average: 0.0105632ms }
1545818018900 GC { size: 91635712bytes used: 43859352bytes duration: 7ms }
1545818019371 GC { size: 91635712bytes used: 47466744bytes duration: 8ms }
loop { count: 209 minimum: 0.00012ms maximum: 0.231991ms average: 0.0147605ms }
1545818021352 eventloop { min: 0.042422ms max: 0.06475ms avg: 0.04979950000000001ms} 
loop { count: 115 minimum: 0.000125ms maximum: 0.156748ms average: 0.012599ms }
1545818020374 GC { size: 89538560bytes used: 42671016bytes duration: 7ms }
1545818021069 GC { size: 89538560bytes used: 45504328bytes duration: 8ms }
1545818020562 GC { size: 91635712bytes used: 55253536bytes duration: 0ms }
1545818020563 GC { size: 91635712bytes used: 55253536bytes duration: 0ms }
1545818020569 GC { size: 90587136bytes used: 36671616bytes duration: 6ms }
1545818022726 eventloop { min: 0.037813ms max: 8.126315ms avg: 0.8576283ms} 
1545818022816 eventloop { min: 0.03834ms max: 0.081025ms avg: 0.05386729999999999ms} 
1545818022521 GC { size: 89538560bytes used: 48139352bytes duration: 11ms }
1545818022588 GC { size: 90062848bytes used: 50782696bytes duration: 0ms }
1545818022588 GC { size: 90062848bytes used: 50782696bytes duration: 0ms }
1545818022593 GC { size: 88489984bytes used: 36592168bytes duration: 5ms }
loop { count: 194 minimum: 0.000118ms maximum: 0.197074ms average: 0.0120951ms }
1545818022547 GC { size: 90587136bytes used: 40973128bytes duration: 6ms }
loop { count: 223 minimum: 0.000122ms maximum: 0.252948ms average: 0.0114817ms }
1545818025308 GC { size: 88489984bytes used: 40384464bytes duration: 6ms }
1545818025747 GC { size: 88489984bytes used: 42470336bytes duration: 11ms }
1545818024170 GC { size: 90587136bytes used: 44127816bytes duration: 8ms }
1545818025575 GC { size: 90587136bytes used: 46691672bytes duration: 7ms }
1545818025621 GC { size: 90587136bytes used: 51891880bytes duration: 0ms }
1545818025621 GC { size: 90587136bytes used: 51891880bytes duration: 0ms }
1545818025628 GC { size: 90587136bytes used: 36624056bytes duration: 6ms }
1545818026352 eventloop { min: 0.040001ms max: 0.350802ms avg: 0.08018429999999999ms} 
1545818027726 eventloop { min: 0.029548ms max: 0.079596ms avg: 0.045591599999999996ms} 
loop { count: 135 minimum: 0.000123ms maximum: 0.36508ms average: 0.0123725ms }
1545818027817 eventloop { min: 0.03474ms max: 6.578887ms avg: 0.7030905999999999ms} 
1545818027715 GC { size: 88489984bytes used: 45200976bytes duration: 8ms }
loop { count: 188 minimum: 0.00012ms maximum: 0.165052ms average: 0.0139841ms }
1545818028064 GC { size: 90587136bytes used: 40780992bytes duration: 5ms }
loop { count: 216 minimum: 0.000115ms maximum: 0.548077ms average: 0.0145146ms }
1545818031353 eventloop { min: 0.041233ms max: 0.053322ms avg: 0.04705430000000001ms} 
loop { count: 113 minimum: 0.000122ms maximum: 0.139666ms average: 0.012249ms }
1545818031267 GC { size: 89014272bytes used: 47507904bytes duration: 7ms }
1545818031302 GC { size: 89538560bytes used: 47703256bytes duration: 0ms }
1545818031302 GC { size: 89538560bytes used: 47703256bytes duration: 0ms }
1545818031307 GC { size: 86917120bytes used: 36352488bytes duration: 4ms }
1545818030075 GC { size: 90587136bytes used: 43545256bytes duration: 27ms }
1545818031045 GC { size: 91111424bytes used: 47001336bytes duration: 9ms }
1545818032726 eventloop { min: 0.039413ms max: 0.072502ms avg: 0.0438526ms} 
1545818032816 eventloop { min: 0.022887ms max: 0.074128ms avg: 0.048567400000000004ms} 
1545818032889 GC { size: 86917120bytes used: 40151248bytes duration: 5ms }
1545818033820 GC { size: 86917120bytes used: 42709152bytes duration: 35ms }
loop { count: 205 minimum: 0.000114ms maximum: 0.278718ms average: 0.0126172ms }
1545818033737 GC { size: 92160000bytes used: 49774984bytes duration: 9ms }
1545818033784 GC { size: 92684288bytes used: 52756504bytes duration: 0ms }
1545818033784 GC { size: 92684288bytes used: 52756504bytes duration: 0ms }
1545818033791 GC { size: 92684288bytes used: 36668320bytes duration: 6ms }
loop { count: 196 minimum: 0.00011ms maximum: 7.41854ms average: 0.0523813ms }
1545818035080 GC { size: 86917120bytes used: 44976088bytes duration: 6ms }
1545818036353 eventloop { min: 0.040801ms max: 0.053049ms avg: 0.046367ms} 
1545818037728 eventloop { min: 0.033342ms max: 0.081271ms avg: 0.04332889999999999ms} 
loop { count: 147 minimum: 0.000115ms maximum: 0.131697ms average: 0.0103737ms }
1545818037817 eventloop { min: 0.038586ms max: 7.044801ms avg: 0.826493888888889ms} 
1545818036548 GC { size: 87965696bytes used: 47688264bytes duration: 6ms }
1545818036582 GC { size: 87965696bytes used: 50232352bytes duration: 0ms }
1545818036582 GC { size: 87965696bytes used: 50232352bytes duration: 0ms }
1545818036587 GC { size: 87965696bytes used: 36539720bytes duration: 4ms }
1545818037730 GC { size: 87965696bytes used: 40180224bytes duration: 5ms }
1545818036650 GC { size: 92684288bytes used: 40743912bytes duration: 5ms }
1545818037520 GC { size: 92684288bytes used: 43993896bytes duration: 7ms }
1545818039301 GC { size: 87965696bytes used: 42716080bytes duration: 6ms }
loop { count: 204 minimum: 0.000122ms maximum: 0.180745ms average: 0.0121902ms }
1545818039608 GC { size: 92684288bytes used: 46792336bytes duration: 7ms }
1545818039645 GC { size: 92684288bytes used: 50022584bytes duration: 0ms }
1545818039645 GC { size: 92684288bytes used: 50022584bytes duration: 0ms }
1545818039650 GC { size: 91635712bytes used: 36769936bytes duration: 4ms }
loop { count: 235 minimum: 0.00011ms maximum: 0.140301ms average: 0.0106445ms }
1545818041354 eventloop { min: 0.040138ms max: 0.06894ms avg: 0.047181900000000006ms} 
loop { count: 118 minimum: 0.000115ms maximum: 0.230402ms average: 0.0127601ms }
1545818040621 GC { size: 87965696bytes used: 45041944bytes duration: 7ms }
1545818040976 GC { size: 87965696bytes used: 48039536bytes duration: 7ms }
1545818041009 GC { size: 88489984bytes used: 50122320bytes duration: 0ms }
1545818041009 GC { size: 88489984bytes used: 50122320bytes duration: 0ms }
1545818041014 GC { size: 87441408bytes used: 36530320bytes duration: 5ms }
1545818040841 GC { size: 91635712bytes used: 40884272bytes duration: 4ms }
1545818042728 eventloop { min: 0.033297ms max: 0.097975ms avg: 0.049742600000000005ms} 
1545818042816 eventloop { min: 0.022345ms max: 0.517292ms avg: 0.0920378ms} 
1545818042721 GC { size: 87441408bytes used: 40231984bytes duration: 4ms }
loop { count: 232 minimum: 0.000117ms maximum: 0.142491ms average: 0.0100077ms }
1545818042774 GC { size: 91635712bytes used: 43958888bytes duration: 7ms }
1545818043289 GC { size: 91635712bytes used: 47458856bytes duration: 8ms }
1545818043793 GC { size: 91635712bytes used: 58063856bytes duration: 0ms }
1545818043793 GC { size: 91635712bytes used: 58063856bytes duration: 0ms }
1545818043799 GC { size: 91635712bytes used: 36998832bytes duration: 6ms }
loop { count: 241 minimum: 0.000121ms maximum: 0.215674ms average: 0.0121066ms }
1545818044682 GC { size: 38158336bytes used: 32032104bytes duration: 0ms }
1545818044342 GC { size: 87441408bytes used: 42479944bytes duration: 6ms }
1545818044729 GC { size: 87965696bytes used: 45165464bytes duration: 6ms }
1545818045361 GC { size: 91635712bytes used: 40928648bytes duration: 4ms }
1545818046355 eventloop { min: 0.04153ms max: 0.05934ms avg: 0.0478796ms} 
1545818047728 eventloop { min: 0.033731ms max: 0.075203ms avg: 0.0441941ms} 
loop { count: 143 minimum: 0.000114ms maximum: 0.603548ms average: 0.0142531ms }
1545818047816 eventloop { min: 0.035037ms max: 6.307399ms avg: 0.6732912000000001ms} 
1545818046565 GC { size: 89014272bytes used: 47740952bytes duration: 6ms }
1545818046600 GC { size: 89014272bytes used: 51174608bytes duration: 0ms }
1545818046600 GC { size: 89014272bytes used: 51174608bytes duration: 0ms }
1545818046606 GC { size: 87965696bytes used: 36548488bytes duration: 5ms }
1545818048366 GC { size: 87965696bytes used: 40146096bytes duration: 5ms }
1545818049538 GC { size: 87965696bytes used: 42573256bytes duration: 8ms }
loop { count: 234 minimum: 0.000102ms maximum: 0.145882ms average: 0.0105392ms }
1545818048359 GC { size: 91635712bytes used: 44205432bytes duration: 27ms }
1545818048447 GC { size: 91635712bytes used: 47675712bytes duration: 7ms }
1545818048484 GC { size: 92160000bytes used: 49192184bytes duration: 0ms }
1545818048484 GC { size: 92160000bytes used: 49192184bytes duration: 0ms }
1545818048489 GC { size: 90587136bytes used: 36626248bytes duration: 4ms }
1545818049840 GC { size: 90587136bytes used: 41072696bytes duration: 5ms }
loop { count: 192 minimum: 0.000118ms maximum: 0.164757ms average: 0.0139259ms }
1545818051355 eventloop { min: 0.038624ms max: 0.045676ms avg: 0.041879299999999994ms} 
loop { count: 126 minimum: 0.00011ms maximum: 0.135765ms average: 0.0109469ms }
1545818050818 GC { size: 87965696bytes used: 45081408bytes duration: 6ms }
1545818051547 GC { size: 90587136bytes used: 43925120bytes duration: 12ms }
1545818052730 eventloop { min: 0.035145ms max: 3.606891ms avg: 0.40345339999999996ms} 
1545818052817 eventloop { min: 0.024223ms max: 14.389032ms avg: 1.4784004ms} 
1545818052246 GC { size: 89014272bytes used: 47749344bytes duration: 6ms }
1545818052280 GC { size: 89014272bytes used: 50895512bytes duration: 0ms }
1545818052280 GC { size: 89014272bytes used: 50895512bytes duration: 0ms }
1545818052285 GC { size: 89014272bytes used: 36531944bytes duration: 5ms }
1545818053305 GC { size: 89014272bytes used: 40140160bytes duration: 4ms }
loop { count: 211 minimum: 0.00012ms maximum: 0.259839ms average: 0.0138384ms }
1545818052962 GC { size: 90587136bytes used: 58571840bytes duration: 0ms }
1545818052962 GC { size: 90587136bytes used: 58571840bytes duration: 0ms }
1545818052969 GC { size: 89538560bytes used: 37034768bytes duration: 6ms }
loop { count: 209 minimum: 0.000108ms maximum: 0.210598ms average: 0.0136773ms }
1545818055351 GC { size: 89538560bytes used: 40974208bytes duration: 8ms }
1545818056355 eventloop { min: 0.041425ms max: 0.068564ms avg: 0.0504155ms} 
1545818057731 eventloop { min: 0.025822ms max: 9.788824ms avg: 1.0146255000000002ms} 
loop { count: 135 minimum: 0.000121ms maximum: 0.124366ms average: 0.00973972ms }
1545818057817 eventloop { min: 0.025119ms max: 0.073525ms avg: 0.041952199999999995ms} 
1545818055946 GC { size: 89014272bytes used: 42483280bytes duration: 6ms }
1545818056303 GC { size: 89014272bytes used: 45408440bytes duration: 6ms }
1545818056960 GC { size: 89538560bytes used: 43941440bytes duration: 7ms }
1545818058412 GC { size: 90062848bytes used: 47662664bytes duration: 6ms }
1545818058449 GC { size: 90062848bytes used: 50834360bytes duration: 0ms }
1545818058449 GC { size: 90062848bytes used: 50834360bytes duration: 0ms }
1545818058454 GC { size: 87965696bytes used: 36765280bytes duration: 5ms }
1545818059474 GC { size: 87965696bytes used: 40523760bytes duration: 5ms }
loop { count: 274 minimum: 0.000119ms maximum: 0.188605ms average: 0.00989091ms }
1545818058321 GC { size: 89538560bytes used: 47365512bytes duration: 8ms }
1545818058873 GC { size: 90062848bytes used: 57601552bytes duration: 0ms }
1545818058873 GC { size: 90062848bytes used: 57601552bytes duration: 0ms }
1545818058885 GC { size: 90062848bytes used: 36805152bytes duration: 11ms }
loop { count: 211 minimum: 0.000116ms maximum: 0.400376ms average: 0.0124306ms }
1545818061355 eventloop { min: 0.039467ms max: 0.053119ms avg: 0.045744ms} 
loop { count: 111 minimum: 0.00012ms maximum: 0.123571ms average: 0.012184ms }
1545818060616 GC { size: 87965696bytes used: 43018744bytes duration: 6ms }
1545818060404 GC { size: 90062848bytes used: 41178728bytes duration: 4ms }
1545818062730 eventloop { min: 0.034136ms max: 0.076379ms avg: 0.0450016ms} 
1545818062817 eventloop { min: 0.035309ms max: 0.101851ms avg: 0.048445300000000004ms} 
1545818062546 GC { size: 89014272bytes used: 45880864bytes duration: 6ms }
1545818063716 GC { size: 90062848bytes used: 48192136bytes duration: 7ms }
1545818063754 GC { size: 90587136bytes used: 52137176bytes duration: 0ms }
1545818063754 GC { size: 90587136bytes used: 52137176bytes duration: 0ms }
1545818063760 GC { size: 89538560bytes used: 36792376bytes duration: 5ms }
loop { count: 222 minimum: 0.000107ms maximum: 0.244726ms average: 0.0114524ms }
1545818063517 GC { size: 90587136bytes used: 44002360bytes duration: 7ms }
loop { count: 235 minimum: 0.000117ms maximum: 0.263086ms average: 0.0125377ms }
1545818064918 GC { size: 91635712bytes used: 47689120bytes duration: 7ms }
1545818064952 GC { size: 91635712bytes used: 49683256bytes duration: 0ms }
1545818064952 GC { size: 91635712bytes used: 49683256bytes duration: 0ms }
1545818064956 GC { size: 91635712bytes used: 36736984bytes duration: 4ms }
1545818066355 eventloop { min: 0.0393ms max: 0.050391ms avg: 0.0435898ms} 
1545818067731 eventloop { min: 0.035371ms max: 0.073859ms avg: 0.044439299999999994ms} 
loop { count: 143 minimum: 0.00012ms maximum: 0.137503ms average: 0.0101767ms }
1545818067818 eventloop { min: 0.030337ms max: 0.332953ms avg: 0.07766219999999999ms} 
1545818066563 GC { size: 89538560bytes used: 40351232bytes duration: 6ms }
1545818067362 GC { size: 89538560bytes used: 42768960bytes duration: 12ms }
1545818066408 GC { size: 91635712bytes used: 41053816bytes duration: 4ms }
1545818067542 GC { size: 91635712bytes used: 43705072bytes duration: 6ms }
1545818067890 GC { size: 91635712bytes used: 47347240bytes duration: 9ms }
1545818069056 GC { size: 89538560bytes used: 45340736bytes duration: 6ms }
1545818069354 GC { size: 89538560bytes used: 59432776bytes duration: 0ms }
1545818069354 GC { size: 89538560bytes used: 59432776bytes duration: 0ms }
1545818069361 GC { size: 88489984bytes used: 36692008bytes duration: 6ms }
loop { count: 208 minimum: 0.000112ms maximum: 0.216315ms average: 0.01315ms }
1545818068996 GC { size: 92684288bytes used: 56887232bytes duration: 0ms }
1545818068997 GC { size: 92684288bytes used: 56887232bytes duration: 0ms }
1545818069003 GC { size: 91635712bytes used: 36901384bytes duration: 6ms }
loop { count: 212 minimum: 0.000103ms maximum: 0.131797ms average: 0.010409ms }
1545818071356 eventloop { min: 0.039246ms max: 0.053184ms avg: 0.0447936ms} 
loop { count: 130 minimum: 0.00012ms maximum: 0.762712ms average: 0.017296ms }
1545818070838 GC { size: 88489984bytes used: 40362008bytes duration: 4ms }
1545818070596 GC { size: 91635712bytes used: 41337576bytes duration: 7ms }
1545818071411 GC { size: 91635712bytes used: 44194168bytes duration: 7ms }
1545818072732 eventloop { min: 0.023784ms max: 0.348263ms avg: 0.0686535ms} 
1545818072818 eventloop { min: 0.025874ms max: 0.072295ms avg: 0.0462269ms} 
1545818072791 GC { size: 88489984bytes used: 42767160bytes duration: 6ms }
1545818073373 GC { size: 88489984bytes used: 45221496bytes duration: 6ms }
loop { count: 229 minimum: 0.000117ms maximum: 0.141807ms average: 0.0109248ms }
1545818072628 GC { size: 92160000bytes used: 47426008bytes duration: 8ms }
1545818073308 GC { size: 92684288bytes used: 55880760bytes duration: 0ms }
1545818073308 GC { size: 92684288bytes used: 55880760bytes duration: 0ms }
1545818073314 GC { size: 91111424bytes used: 36898440bytes duration: 6ms }
loop { count: 228 minimum: 0.000109ms maximum: 0.179727ms average: 0.0117918ms }
1545818075228 GC { size: 89538560bytes used: 47822936bytes duration: 7ms }
1545818075264 GC { size: 89538560bytes used: 51584808bytes duration: 0ms }
1545818075264 GC { size: 89538560bytes used: 51584808bytes duration: 0ms }
1545818075269 GC { size: 87965696bytes used: 36642416bytes duration: 5ms }
1545818074570 GC { size: 91111424bytes used: 40936448bytes duration: 5ms }
1545818076356 eventloop { min: 0.040389ms max: 0.05762ms avg: 0.0450106ms} 
1545818077731 eventloop { min: 0.023357ms max: 0.080688ms avg: 0.043729699999999996ms} 
loop { count: 137 minimum: 0.000112ms maximum: 0.125515ms average: 0.00942558ms }
1545818077817 eventloop { min: 0.026045ms max: 0.159441ms avg: 0.0626019ms} 
1545818076033 GC { size: 87965696bytes used: 40237504bytes duration: 4ms }
1545818076448 GC { size: 91111424bytes used: 43878520bytes duration: 6ms }
1545818077288 GC { size: 92160000bytes used: 47212864bytes duration: 7ms }
1545818077824 GC { size: 92684288bytes used: 57252024bytes duration: 0ms }
1545818077824 GC { size: 92684288bytes used: 57252024bytes duration: 0ms }
1545818077830 GC { size: 91111424bytes used: 36871952bytes duration: 6ms }
1545818079050 GC { size: 87965696bytes used: 42467480bytes duration: 9ms }
1545818079480 GC { size: 87965696bytes used: 45201600bytes duration: 6ms }
loop { count: 244 minimum: 0.000122ms maximum: 0.187715ms average: 0.0118187ms }
1545818079953 GC { size: 91111424bytes used: 41151888bytes duration: 5ms }
loop { count: 233 minimum: 0.000107ms maximum: 0.208257ms average: 0.0115161ms }
1545818081355 eventloop { min: 0.040558ms max: 0.054475ms avg: 0.0458886ms} 
loop { count: 120 minimum: 0.000113ms maximum: 0.115331ms average: 0.0105785ms }
1545818081271 GC { size: 89014272bytes used: 47630856bytes duration: 6ms }
1545818081306 GC { size: 89014272bytes used: 51346912bytes duration: 0ms }
1545818081306 GC { size: 89014272bytes used: 51346912bytes duration: 0ms }
1545818081311 GC { size: 89014272bytes used: 36602320bytes duration: 5ms }
1545818080912 GC { size: 91111424bytes used: 43959920bytes duration: 11ms }
1545818082732 eventloop { min: 0.024837ms max: 0.067094ms avg: 0.0387889ms} 
1545818082818 eventloop { min: 0.031558ms max: 0.116369ms avg: 0.049805300000000004ms} 
1545818082769 GC { size: 89538560bytes used: 40213232bytes duration: 6ms }
loop { count: 214 minimum: 0.000121ms maximum: 0.193ms average: 0.0120154ms }
1545818082467 GC { size: 91111424bytes used: 47551568bytes duration: 8ms }
1545818082868 GC { size: 92160000bytes used: 56892088bytes duration: 0ms }
1545818082868 GC { size: 92160000bytes used: 56892088bytes duration: 0ms }
1545818082874 GC { size: 92160000bytes used: 36834768bytes duration: 5ms }
loop { count: 199 minimum: 0.000103ms maximum: 0.192357ms average: 0.0115023ms }
1545818084248 GC { size: 89538560bytes used: 42479264bytes duration: 6ms }
1545818085001 GC { size: 89538560bytes used: 45318280bytes duration: 7ms }
1545818084708 GC { size: 92160000bytes used: 41187048bytes duration: 5ms }
1545818086356 eventloop { min: 0.039304ms max: 0.045314ms avg: 0.041446699999999996ms} 
1545818087732 eventloop { min: 0.022737ms max: 0.068339ms avg: 0.041073700000000005ms} 
loop { count: 134 minimum: 0.000111ms maximum: 0.132388ms average: 0.00912027ms }
1545818087818 eventloop { min: 0.037215ms max: 0.083465ms avg: 0.0512294ms} 
1545818086099 GC { size: 89538560bytes used: 48033048bytes duration: 7ms }
1545818086137 GC { size: 89538560bytes used: 50483072bytes duration: 0ms }
1545818086137 GC { size: 89538560bytes used: 50483072bytes duration: 0ms }
1545818086142 GC { size: 87441408bytes used: 36632760bytes duration: 5ms }
1545818087311 GC { size: 87441408bytes used: 40241912bytes duration: 4ms }
1545818089227 GC { size: 87441408bytes used: 42430336bytes duration: 7ms }
loop { count: 232 minimum: 0.000111ms maximum: 0.565186ms average: 0.013867ms }
1545818088503 GC { size: 92160000bytes used: 44044040bytes duration: 7ms }
loop { count: 218 minimum: 0.000119ms maximum: 0.267577ms average: 0.0120363ms }
1545818091357 eventloop { min: 0.04007ms max: 0.069775ms avg: 0.047471799999999995ms} 
loop { count: 118 minimum: 0.000124ms maximum: 0.179856ms average: 0.0115663ms }
1545818090811 GC { size: 87441408bytes used: 45166720bytes duration: 6ms }
1545818091279 GC { size: 92160000bytes used: 47247776bytes duration: 7ms }
1545818091322 GC { size: 92684288bytes used: 51530288bytes duration: 0ms }
1545818091322 GC { size: 92684288bytes used: 51530288bytes duration: 0ms }
1545818091327 GC { size: 91111424bytes used: 36762416bytes duration: 5ms }
1545818092732 eventloop { min: 0.026664ms max: 0.216412ms avg: 0.06376680000000001ms} 
1545818092818 eventloop { min: 0.038248ms max: 0.064877ms avg: 0.0425619ms} 
1545818093447 GC { size: 88489984bytes used: 47983896bytes duration: 7ms }
1545818093486 GC { size: 88489984bytes used: 50682704bytes duration: 0ms }
1545818093486 GC { size: 88489984bytes used: 50682704bytes duration: 0ms }
1545818093492 GC { size: 87441408bytes used: 36689528bytes duration: 5ms }
loop { count: 192 minimum: 0.000122ms maximum: 0.117099ms average: 0.0124416ms }
1545818092174 GC { size: 91111424bytes used: 41341832bytes duration: 5ms }
loop { count: 191 minimum: 0.000109ms maximum: 0.118226ms average: 0.0119864ms }
1545818095431 GC { size: 87441408bytes used: 40042232bytes duration: 4ms }
1545818096356 eventloop { min: 0.037277ms max: 0.053695ms avg: 0.0426973ms} 
1545818097733 eventloop { min: 0.02709ms max: 23.087896ms avg: 2.3427405ms} 
1545818097465 GC { size: 38158336bytes used: 32077024bytes duration: 0ms }
loop { count: 127 minimum: 0.000127ms maximum: 0.113064ms average: 0.0103217ms }
1545818097818 eventloop { min: 0.038687ms max: 0.079024ms avg: 0.0472661ms} 
1545818097711 GC { size: 87441408bytes used: 42514544bytes duration: 24ms }
1545818096201 GC { size: 91111424bytes used: 43921408bytes duration: 7ms }
1545818096476 GC { size: 91111424bytes used: 47650504bytes duration: 9ms }
1545818097527 GC { size: 91111424bytes used: 56969352bytes duration: 0ms }
1545818097527 GC { size: 91111424bytes used: 56969352bytes duration: 0ms }
1545818097550 GC { size: 91111424bytes used: 37084336bytes duration: 22ms }
loop { count: 167 minimum: 0.000115ms maximum: 0.180205ms average: 0.014979ms }
1545818098156 GC { size: 91111424bytes used: 41161568bytes duration: 8ms }
1545818099509 GC { size: 91111424bytes used: 43893288bytes duration: 7ms }
loop { count: 199 minimum: 0.000116ms maximum: 0.224012ms average: 0.0141982ms }
1545818101357 eventloop { min: 0.042407ms max: 0.069705ms avg: 0.049164099999999995ms} 
loop { count: 134 minimum: 0.000114ms maximum: 0.136361ms average: 0.0102723ms }
1545818100478 GC { size: 91111424bytes used: 47482712bytes duration: 11ms }
1545818100863 GC { size: 91635712bytes used: 57557072bytes duration: 0ms }
1545818100863 GC { size: 91635712bytes used: 57557072bytes duration: 0ms }
1545818100869 GC { size: 91635712bytes used: 36847208bytes duration: 6ms }
1545818102732 eventloop { min: 0.035708ms max: 0.081898ms avg: 0.0505575ms} 
1545818102819 eventloop { min: 0.033202ms max: 0.044537ms avg: 0.040484900000000004ms} 
1545818103355 GC { size: 87441408bytes used: 45040088bytes duration: 7ms }
1545818103666 GC { size: 88489984bytes used: 47707792bytes duration: 8ms }
1545818103705 GC { size: 88489984bytes used: 48805960bytes duration: 0ms }
1545818103705 GC { size: 88489984bytes used: 48805960bytes duration: 0ms }
1545818103711 GC { size: 86917120bytes used: 36645560bytes duration: 5ms }
loop { count: 196 minimum: 0.000113ms maximum: 11.21ms average: 0.0708196ms }
1545818103509 GC { size: 91635712bytes used: 41060696bytes duration: 5ms }
loop { count: 221 minimum: 0.000105ms maximum: 11.2317ms average: 0.0624991ms }
1545818104878 GC { size: 86917120bytes used: 40545136bytes duration: 5ms }
1545818104179 GC { size: 91635712bytes used: 43730448bytes duration: 10ms }
1545818105059 GC { size: 93208576bytes used: 47279640bytes duration: 9ms }
1545818106357 eventloop { min: 0.038426ms max: 0.226369ms avg: 0.0650739ms} 
1545818107732 eventloop { min: 0.039683ms max: 0.290665ms avg: 0.0820349ms} 
loop { count: 145 minimum: 0.000113ms maximum: 0.180565ms average: 0.0100323ms }
1545818107820 eventloop { min: 0.022141ms max: 0.182868ms avg: 0.0614801ms} 
1545818106870 GC { size: 86917120bytes used: 42791688bytes duration: 12ms }
1545818106052 GC { size: 94257152bytes used: 57407312bytes duration: 0ms }
1545818106052 GC { size: 94257152bytes used: 57407312bytes duration: 0ms }
1545818106059 GC { size: 92160000bytes used: 36755000bytes duration: 6ms }
1545818106854 GC { size: 92160000bytes used: 41268864bytes duration: 8ms }
1545818107871 GC { size: 92160000bytes used: 44158800bytes duration: 8ms }
1545818108310 GC { size: 87965696bytes used: 45253320bytes duration: 7ms }
1545818109886 GC { size: 89014272bytes used: 48042656bytes duration: 7ms }
loop { count: 199 minimum: 0.00012ms maximum: 0.382653ms average: 0.0154748ms }
1545818109558 GC { size: 92684288bytes used: 47309448bytes duration: 7ms }
1545818109610 GC { size: 92684288bytes used: 55120576bytes duration: 0ms }
1545818109611 GC { size: 92684288bytes used: 55120576bytes duration: 0ms }
1545818109617 GC { size: 90587136bytes used: 36916808bytes duration: 6ms }
loop { count: 269 minimum: 0.000114ms maximum: 0.203363ms average: 0.0108326ms }
1545818111357 eventloop { min: 0.038984ms max: 0.053591ms avg: 0.0455337ms} 
loop { count: 121 minimum: 0.000127ms maximum: 0.126998ms average: 0.010747ms }
1545818109923 GC { size: 89014272bytes used: 50537048bytes duration: 0ms }
1545818109923 GC { size: 89014272bytes used: 50537048bytes duration: 0ms }
1545818109928 GC { size: 89014272bytes used: 36677744bytes duration: 4ms }
1545818111150 GC { size: 89014272bytes used: 40242872bytes duration: 4ms }
1545818110935 GC { size: 90587136bytes used: 40973672bytes duration: 5ms }
1545818112732 eventloop { min: 0.035375ms max: 0.971472ms avg: 0.1393676ms} 
1545818112820 eventloop { min: 0.037621ms max: 12.17716ms avg: 1.2605194ms} 
1545818112339 GC { size: 89538560bytes used: 42623256bytes duration: 6ms }
1545818112670 GC { size: 90062848bytes used: 45156112bytes duration: 7ms }
loop { count: 235 minimum: 0.00012ms maximum: 0.236279ms average: 0.0120564ms }
1545818112509 GC { size: 90587136bytes used: 43745792bytes duration: 11ms }
1545818113237 GC { size: 90587136bytes used: 47536024bytes duration: 10ms }
loop { count: 205 minimum: 0.000107ms maximum: 0.178421ms average: 0.0125163ms }
1545818114485 GC { size: 90062848bytes used: 47771736bytes duration: 7ms }
1545818114529 GC { size: 90062848bytes used: 50548680bytes duration: 0ms }
1545818114529 GC { size: 90062848bytes used: 50548680bytes duration: 0ms }
1545818114536 GC { size: 88489984bytes used: 36655392bytes duration: 6ms }
1545818115404 GC { size: 89014272bytes used: 40274816bytes duration: 4ms }
1545818115116 GC { size: 91111424bytes used: 58473392bytes duration: 0ms }
1545818115116 GC { size: 91111424bytes used: 58473392bytes duration: 0ms }
1545818115123 GC { size: 91111424bytes used: 37129056bytes duration: 6ms }
1545818116359 eventloop { min: 0.03889ms max: 0.057721ms avg: 0.042233599999999996ms} 
1545818117733 eventloop { min: 0.030508ms max: 7.486878ms avg: 0.7913720000000002ms} 
loop { count: 151 minimum: 0.000109ms maximum: 0.132954ms average: 0.0084557ms }
1545818117820 eventloop { min: 0.03629ms max: 0.151823ms avg: 0.0605169ms} 
1545818116363 GC { size: 89014272bytes used: 42694800bytes duration: 8ms }
1545818117431 GC { size: 89014272bytes used: 45192448bytes duration: 7ms }
1545818117021 GC { size: 91111424bytes used: 41283144bytes duration: 5ms }
1545818118429 GC { size: 89014272bytes used: 47934320bytes duration: 6ms }
1545818118465 GC { size: 89014272bytes used: 50566072bytes duration: 0ms }
1545818118465 GC { size: 89014272bytes used: 50566072bytes duration: 0ms }
1545818118470 GC { size: 89014272bytes used: 36654264bytes duration: 5ms }
1545818119711 GC { size: 89014272bytes used: 40313464bytes duration: 4ms }
loop { count: 260 minimum: 0.000117ms maximum: 0.129691ms average: 0.0113941ms }
1545818119649 GC { size: 91111424bytes used: 44268568bytes duration: 7ms }
1545818119767 GC { size: 92160000bytes used: 47780296bytes duration: 8ms }
1545818119811 GC { size: 92160000bytes used: 50259696bytes duration: 0ms }
1545818119811 GC { size: 92160000bytes used: 50259696bytes duration: 0ms }
1545818119815 GC { size: 91111424bytes used: 36795192bytes duration: 4ms }
loop { count: 239 minimum: 0.00011ms maximum: 0.217051ms average: 0.013415ms }
1545818121359 eventloop { min: 0.038971ms max: 0.059159ms avg: 0.0477463ms} 
loop { count: 128 minimum: 0.000122ms maximum: 0.135097ms average: 0.0114299ms }
1545818121203 GC { size: 91111424bytes used: 41139576bytes duration: 5ms }
1545818122733 eventloop { min: 0.035382ms max: 0.089278ms avg: 0.04850150000000001ms} 
1545818122820 eventloop { min: 0.03763ms max: 12.51341ms avg: 1.8721955000000001ms} 
1545818122101 GC { size: 89014272bytes used: 42568672bytes duration: 6ms }
1545818122317 GC { size: 89014272bytes used: 45321288bytes duration: 10ms }
loop { count: 191 minimum: 0.000124ms maximum: 0.15447ms average: 0.012628ms }
1545818123533 GC { size: 91111424bytes used: 43982552bytes duration: 7ms }
loop { count: 209 minimum: 0.000125ms maximum: 0.346873ms average: 0.0135231ms }
1545818124745 GC { size: 90062848bytes used: 47713784bytes duration: 12ms }
1545818124786 GC { size: 90062848bytes used: 49869680bytes duration: 0ms }
1545818124786 GC { size: 90062848bytes used: 49869680bytes duration: 0ms }
1545818124791 GC { size: 89014272bytes used: 36737320bytes duration: 5ms }
1545818125692 GC { size: 89014272bytes used: 40191528bytes duration: 6ms }
1545818124248 GC { size: 91111424bytes used: 47479592bytes duration: 8ms }
1545818124279 GC { size: 91635712bytes used: 47666784bytes duration: 0ms }
1545818124279 GC { size: 91635712bytes used: 47666784bytes duration: 0ms }
1545818124283 GC { size: 91635712bytes used: 36694984bytes duration: 4ms }
1545818125111 GC { size: 91635712bytes used: 41055696bytes duration: 5ms }
1545818126360 eventloop { min: 0.044084ms max: 0.113827ms avg: 0.05548840000000001ms} 
1545818127732 eventloop { min: 0.02385ms max: 1.258343ms avg: 0.16695759999999998ms} 
loop { count: 136 minimum: 0.00012ms maximum: 0.266257ms average: 0.0114081ms }
1545818127821 eventloop { min: 0.038976ms max: 0.196551ms avg: 0.0617419ms} 
1545818127543 GC { size: 89014272bytes used: 42608408bytes duration: 6ms }
1545818126333 GC { size: 91635712bytes used: 43958912bytes duration: 7ms }
1545818127583 GC { size: 91635712bytes used: 47475792bytes duration: 7ms }
1545818128289 GC { size: 89014272bytes used: 45425832bytes duration: 12ms }
1545818129659 GC { size: 89014272bytes used: 48162512bytes duration: 7ms }
1545818129697 GC { size: 89538560bytes used: 50653616bytes duration: 0ms }
1545818129697 GC { size: 89538560bytes used: 50653616bytes duration: 0ms }
1545818129702 GC { size: 88489984bytes used: 36777808bytes duration: 5ms }
loop { count: 212 minimum: 0.000115ms maximum: 0.225529ms average: 0.0144089ms }
1545818128356 GC { size: 92160000bytes used: 53754320bytes duration: 0ms }
1545818128356 GC { size: 92160000bytes used: 53754320bytes duration: 0ms }
1545818128362 GC { size: 91111424bytes used: 36808208bytes duration: 5ms }
loop { count: 240 minimum: 0.000116ms maximum: 0.337082ms average: 0.0149405ms }
1545818131359 eventloop { min: 0.041055ms max: 0.052169ms avg: 0.0453283ms} 
loop { count: 138 minimum: 0.000114ms maximum: 0.149737ms average: 0.0110098ms }
1545818131617 GC { size: 88489984bytes used: 40193272bytes duration: 7ms }
1545818130316 GC { size: 91111424bytes used: 40799016bytes duration: 5ms }
1545818131528 GC { size: 91111424bytes used: 43925472bytes duration: 8ms }
1545818131762 GC { size: 91111424bytes used: 47365072bytes duration: 8ms }
1545818131807 GC { size: 91635712bytes used: 50304320bytes duration: 0ms }
1545818131807 GC { size: 91635712bytes used: 50304320bytes duration: 0ms }
1545818131813 GC { size: 90587136bytes used: 36742128bytes duration: 5ms }
1545818132732 eventloop { min: 0.039678ms max: 0.217132ms avg: 0.0726156ms} 
1545818132822 eventloop { min: 0.028151ms max: 0.08064ms avg: 0.050156900000000004ms} 
1545818132613 GC { size: 89014272bytes used: 42871072bytes duration: 7ms }
loop { count: 267 minimum: 0.000117ms maximum: 0.276409ms average: 0.0120396ms }
1545818133349 GC { size: 90587136bytes used: 41315048bytes duration: 7ms }
loop { count: 232 minimum: 0.000116ms maximum: 0.492306ms average: 0.0171199ms }
1545818134100 GC { size: 89538560bytes used: 45437736bytes duration: 7ms }
1545818135361 GC { size: 90062848bytes used: 47815192bytes duration: 8ms }
1545818135391 GC { size: 90587136bytes used: 48023960bytes duration: 0ms }
1545818135391 GC { size: 90587136bytes used: 48023960bytes duration: 0ms }
1545818135396 GC { size: 89538560bytes used: 36704032bytes duration: 4ms }
1545818136360 eventloop { min: 0.043292ms max: 0.057653ms avg: 0.046725100000000006ms} 
1545818137732 eventloop { min: 0.029849ms max: 0.392619ms avg: 0.0773263ms} 
loop { count: 136 minimum: 0.000114ms maximum: 0.128212ms average: 0.0102383ms }
1545818137822 eventloop { min: 0.03948ms max: 3.767519ms avg: 0.4242771ms} 
1545818137053 GC { size: 89538560bytes used: 40445264bytes duration: 5ms }
1545818136185 GC { size: 90587136bytes used: 44060280bytes duration: 7ms }
1545818136553 GC { size: 91635712bytes used: 47606744bytes duration: 14ms }
1545818136596 GC { size: 91635712bytes used: 49697632bytes duration: 0ms }
1545818136596 GC { size: 91635712bytes used: 49697632bytes duration: 0ms }
1545818136601 GC { size: 91635712bytes used: 36928696bytes duration: 4ms }
1545818138373 GC { size: 89538560bytes used: 42791864bytes duration: 6ms }
1545818139280 GC { size: 89538560bytes used: 45755328bytes duration: 7ms }
loop { count: 270 minimum: 0.000122ms maximum: 0.273905ms average: 0.0142848ms }
1545818138007 GC { size: 91635712bytes used: 41300840bytes duration: 5ms }
1545818138828 GC { size: 91635712bytes used: 44167576bytes duration: 7ms }
loop { count: 257 minimum: 0.000116ms maximum: 0.914077ms average: 0.0134631ms }
1545818141360 eventloop { min: 0.04238ms max: 0.066395ms avg: 0.04758790000000001ms} 
loop { count: 116 minimum: 0.000129ms maximum: 0.153727ms average: 0.0116834ms }
1545818140378 GC { size: 90587136bytes used: 47664984bytes duration: 27ms }
1545818140473 GC { size: 90587136bytes used: 49658440bytes duration: 0ms }
1545818140473 GC { size: 90587136bytes used: 49658440bytes duration: 0ms }
1545818140479 GC { size: 88489984bytes used: 36975296bytes duration: 5ms }
1545818140000 GC { size: 92684288bytes used: 47747496bytes duration: 25ms }
1545818140125 GC { size: 93208576bytes used: 51159848bytes duration: 0ms }
1545818140125 GC { size: 93208576bytes used: 51159848bytes duration: 0ms }
1545818140139 GC { size: 92160000bytes used: 36911088bytes duration: 13ms }
1545818142733 eventloop { min: 0.038454ms max: 33.977403ms avg: 3.4560855000000004ms} 
1545818142821 eventloop { min: 0.038093ms max: 24.180125ms avg: 2.4585595ms} 
1545818142047 GC { size: 88489984bytes used: 40403944bytes duration: 4ms }
1545818143118 GC { size: 88489984bytes used: 42887104bytes duration: 11ms }
1545818143706 GC { size: 88489984bytes used: 45731424bytes duration: 7ms }
loop { count: 232 minimum: 0.000118ms maximum: 0.200728ms average: 0.0120906ms }
1545818142668 GC { size: 92160000bytes used: 41124552bytes duration: 4ms }
1545818143471 GC { size: 92160000bytes used: 44403176bytes duration: 7ms }
loop { count: 240 minimum: 0.000108ms maximum: 0.305802ms average: 0.0120299ms }
1545818144901 GC { size: 92160000bytes used: 47302680bytes duration: 8ms }
1545818144952 GC { size: 92684288bytes used: 54507648bytes duration: 0ms }
1545818144952 GC { size: 92684288bytes used: 54507648bytes duration: 0ms }
1545818144958 GC { size: 92684288bytes used: 36965928bytes duration: 5ms }
1545818146361 eventloop { min: 0.036ms max: 0.129783ms avg: 0.0539161ms} 
1545818147732 eventloop { min: 0.025769ms max: 0.186699ms avg: 0.05635830000000001ms} 
1545818147799 GC { size: 38158336bytes used: 32103896bytes duration: 0ms }
loop { count: 146 minimum: 0.000123ms maximum: 0.148844ms average: 0.0100956ms }
1545818147830 eventloop { min: 0.038762ms max: 1.497755ms avg: 0.19322499999999998ms} 
1545818146658 GC { size: 88489984bytes used: 48042168bytes duration: 11ms }
1545818146696 GC { size: 88489984bytes used: 51476904bytes duration: 0ms }
1545818146696 GC { size: 88489984bytes used: 51476904bytes duration: 0ms }
1545818146702 GC { size: 88489984bytes used: 37004904bytes duration: 5ms }
1545818147824 GC { size: 88489984bytes used: 40699200bytes duration: 4ms }
1545818146629 GC { size: 92684288bytes used: 41123680bytes duration: 5ms }
1545818147514 GC { size: 92684288bytes used: 43821792bytes duration: 7ms }
loop { count: 202 minimum: 0.000101ms maximum: 1.50941ms average: 0.0199974ms }
1545818148415 GC { size: 92684288bytes used: 47377936bytes duration: 9ms }
1545818149277 GC { size: 93732864bytes used: 57348584bytes duration: 0ms }
1545818149277 GC { size: 93732864bytes used: 57348584bytes duration: 0ms }
1545818149283 GC { size: 91635712bytes used: 36831872bytes duration: 6ms }
loop { count: 253 minimum: 0.000116ms maximum: 0.29877ms average: 0.0134251ms }
1545818151361 eventloop { min: 0.041029ms max: 0.126087ms avg: 0.0546346ms} 
loop { count: 126 minimum: 0.00011ms maximum: 0.584168ms average: 0.0162006ms }
1545818150033 GC { size: 92160000bytes used: 43184200bytes duration: 9ms }
1545818150687 GC { size: 94781440bytes used: 45981944bytes duration: 7ms }
1545818150155 GC { size: 91635712bytes used: 41200144bytes duration: 5ms }
1545818151754 GC { size: 91635712bytes used: 44283864bytes duration: 7ms }
1545818152733 eventloop { min: 0.020912ms max: 0.160099ms avg: 0.059914ms} 
1545818152831 eventloop { min: 0.037064ms max: 0.043259ms avg: 0.040458400000000005ms} 
1545818153007 GC { size: 98451456bytes used: 48319008bytes duration: 8ms }
1545818153050 GC { size: 98451456bytes used: 52130984bytes duration: 0ms }
1545818153050 GC { size: 98451456bytes used: 52130984bytes duration: 0ms }
1545818153056 GC { size: 90587136bytes used: 37013336bytes duration: 6ms }
loop { count: 200 minimum: 0.000117ms maximum: 0.154917ms average: 0.0127074ms }
1545818153338 GC { size: 91635712bytes used: 47426768bytes duration: 7ms }
1545818153402 GC { size: 92160000bytes used: 56412768bytes duration: 0ms }
1545818153402 GC { size: 92160000bytes used: 56412768bytes duration: 0ms }
1545818153408 GC { size: 92160000bytes used: 36838920bytes duration: 6ms }
loop { count: 210 minimum: 0.000118ms maximum: 0.155955ms average: 0.0123921ms }
1545818154590 GC { size: 90587136bytes used: 40747376bytes duration: 4ms }
1545818154764 GC { size: 92684288bytes used: 41243472bytes duration: 5ms }
1545818155426 GC { size: 92684288bytes used: 44082552bytes duration: 8ms }
1545818156362 eventloop { min: 0.044068ms max: 0.053334ms avg: 0.046704300000000004ms} 
1545818157732 eventloop { min: 0.040066ms max: 0.077326ms avg: 0.048090799999999996ms} 
loop { count: 148 minimum: 0.000121ms maximum: 0.165497ms average: 0.0104274ms }
1545818157831 eventloop { min: 0.021652ms max: 0.101396ms avg: 0.0490482ms} 
1545818156552 GC { size: 90587136bytes used: 43129272bytes duration: 12ms }
1545818157374 GC { size: 90587136bytes used: 46213416bytes duration: 7ms }
1545818156616 GC { size: 93732864bytes used: 47188304bytes duration: 8ms }
1545818158850 GC { size: 90587136bytes used: 59056176bytes duration: 0ms }
1545818158850 GC { size: 90587136bytes used: 59056176bytes duration: 0ms }
1545818158857 GC { size: 89538560bytes used: 36876760bytes duration: 6ms }
loop { count: 212 minimum: 0.000126ms maximum: 0.399671ms average: 0.0139065ms }
1545818159208 GC { size: 94781440bytes used: 50222864bytes duration: 8ms }
1545818159243 GC { size: 94781440bytes used: 52197040bytes duration: 0ms }
1545818159243 GC { size: 94781440bytes used: 52197040bytes duration: 0ms }
1545818159250 GC { size: 94781440bytes used: 36904624bytes duration: 6ms }
loop { count: 221 minimum: 0.000109ms maximum: 0.230403ms average: 0.0133583ms }
1545818161361 eventloop { min: 0.042058ms max: 0.065534ms avg: 0.04983629999999999ms} 
loop { count: 113 minimum: 0.000113ms maximum: 0.147107ms average: 0.012203ms }
1545818160461 GC { size: 89538560bytes used: 40740344bytes duration: 5ms }
1545818161374 GC { size: 89538560bytes used: 43358208bytes duration: 7ms }
1545818160988 GC { size: 94781440bytes used: 41105264bytes duration: 5ms }
1545818162733 eventloop { min: 0.040434ms max: 0.078982ms avg: 0.0488393ms} 
1545818162831 eventloop { min: 0.037391ms max: 0.084871ms avg: 0.0484564ms} 
1545818162584 GC { size: 89538560bytes used: 45508960bytes duration: 12ms }
loop { count: 223 minimum: 0.000124ms maximum: 0.128904ms average: 0.012117ms }
1545818162394 GC { size: 94781440bytes used: 44156312bytes duration: 8ms }
1545818162943 GC { size: 94781440bytes used: 47780456bytes duration: 9ms }
1545818162996 GC { size: 94781440bytes used: 50943000bytes duration: 0ms }
1545818162996 GC { size: 94781440bytes used: 50943000bytes duration: 0ms }
1545818163003 GC { size: 92684288bytes used: 36873128bytes duration: 6ms }
loop { count: 236 minimum: 0.000112ms maximum: 0.259147ms average: 0.0122071ms }
1545818164358 GC { size: 89538560bytes used: 48070576bytes duration: 7ms }
1545818164392 GC { size: 89538560bytes used: 50233440bytes duration: 0ms }
1545818164392 GC { size: 89538560bytes used: 50233440bytes duration: 0ms }
1545818164397 GC { size: 89538560bytes used: 36991944bytes duration: 4ms }
1545818164326 GC { size: 92684288bytes used: 41300024bytes duration: 6ms }
1545818166361 eventloop { min: 0.04338ms max: 0.061423ms avg: 0.0480434ms} 
1545818167733 eventloop { min: 0.038417ms max: 0.137089ms avg: 0.0661806ms} 
loop { count: 162 minimum: 0.000123ms maximum: 0.164902ms average: 0.0094585ms }
1545818167831 eventloop { min: 0.035983ms max: 0.089915ms avg: 0.0552658ms} 
1545818166324 GC { size: 89538560bytes used: 40801592bytes duration: 7ms }
1545818166010 GC { size: 92684288bytes used: 43862344bytes duration: 7ms }
1545818166372 GC { size: 92684288bytes used: 47482200bytes duration: 9ms }
1545818167577 GC { size: 92684288bytes used: 56130464bytes duration: 0ms }
1545818167577 GC { size: 92684288bytes used: 56130464bytes duration: 0ms }
1545818167583 GC { size: 92684288bytes used: 37251664bytes duration: 6ms }
1545818167936 GC { size: 89538560bytes used: 42877040bytes duration: 15ms }
loop { count: 308 minimum: 0.000116ms maximum: 0.149986ms average: 0.00985259ms }
1545818168955 GC { size: 92684288bytes used: 41108600bytes duration: 5ms }
loop { count: 291 minimum: 0.000122ms maximum: 0.176639ms average: 0.0103275ms }
1545818171361 eventloop { min: 0.04027ms max: 0.29555ms avg: 0.0724942ms} 
loop { count: 121 minimum: 0.000131ms maximum: 0.315513ms average: 0.0145087ms }
1545818170054 GC { size: 89538560bytes used: 45475688bytes duration: 6ms }
1545818170598 GC { size: 89538560bytes used: 60397184bytes duration: 0ms }
1545818170598 GC { size: 89538560bytes used: 60397184bytes duration: 0ms }
1545818170606 GC { size: 89538560bytes used: 37351560bytes duration: 7ms }
1545818170272 GC { size: 92684288bytes used: 44649808bytes duration: 7ms }
1545818172734 eventloop { min: 0.038937ms max: 0.074887ms avg: 0.0454934ms} 
1545818172831 eventloop { min: 0.029914ms max: 0.120193ms avg: 0.0527949ms} 
loop { count: 151 minimum: 0.00012ms maximum: 0.302314ms average: 0.0189318ms }
1545818172957 GC { size: 93208576bytes used: 47871144bytes duration: 9ms }
1545818172994 GC { size: 93208576bytes used: 50791192bytes duration: 0ms }
1545818172994 GC { size: 93208576bytes used: 50791192bytes duration: 0ms }
1545818172999 GC { size: 93208576bytes used: 37214720bytes duration: 5ms }
loop { count: 216 minimum: 0.000116ms maximum: 0.180238ms average: 0.0127856ms }
1545818173993 GC { size: 89538560bytes used: 40722024bytes duration: 4ms }
1545818175627 GC { size: 89538560bytes used: 43126312bytes duration: 8ms }
1545818176362 eventloop { min: 0.0422ms max: 0.068471ms avg: 0.0495858ms} 
1545818177734 eventloop { min: 0.02988ms max: 0.091285ms avg: 0.05230159999999999ms} 
loop { count: 121 minimum: 0.00012ms maximum: 0.167283ms average: 0.0107038ms }
1545818177831 eventloop { min: 0.025173ms max: 0.241872ms avg: 0.0620618ms} 
1545818176673 GC { size: 89538560bytes used: 45896552bytes duration: 6ms }
1545818176121 GC { size: 93208576bytes used: 41185528bytes duration: 6ms }
1545818177464 GC { size: 93208576bytes used: 44682448bytes duration: 7ms }
1545818179070 GC { size: 89538560bytes used: 48319064bytes duration: 8ms }
1545818179112 GC { size: 89538560bytes used: 51124496bytes duration: 0ms }
1545818179112 GC { size: 89538560bytes used: 51124496bytes duration: 0ms }
1545818179118 GC { size: 89538560bytes used: 36972400bytes duration: 6ms }
loop { count: 199 minimum: 0.000117ms maximum: 1.95112ms average: 0.0229303ms }
1545818178969 GC { size: 93208576bytes used: 47894960bytes duration: 7ms }
1545818179008 GC { size: 93732864bytes used: 50816312bytes duration: 0ms }
1545818179008 GC { size: 93732864bytes used: 50816312bytes duration: 0ms }
1545818179014 GC { size: 92684288bytes used: 37022280bytes duration: 5ms }
loop { count: 185 minimum: 0.000109ms maximum: 0.163422ms average: 0.0139605ms }
1545818181363 eventloop { min: 0.044105ms max: 0.067887ms avg: 0.0496995ms} 
loop { count: 123 minimum: 0.000122ms maximum: 0.15302ms average: 0.0109971ms }
1545818180222 GC { size: 89538560bytes used: 40425144bytes duration: 5ms }
1545818181001 GC { size: 92684288bytes used: 41368776bytes duration: 5ms }
1545818182734 eventloop { min: 0.03879ms max: 0.137412ms avg: 0.0550187ms} 
1545818182831 eventloop { min: 0.038855ms max: 0.084926ms avg: 0.05042800000000001ms} 
1545818182315 GC { size: 89538560bytes used: 42788752bytes duration: 12ms }
1545818183086 GC { size: 89538560bytes used: 45706840bytes duration: 7ms }
loop { count: 234 minimum: 0.000121ms maximum: 0.222509ms average: 0.0118124ms }
1545818182293 GC { size: 92684288bytes used: 44131120bytes duration: 8ms }
1545818182808 GC { size: 92684288bytes used: 47627680bytes duration: 8ms }
loop { count: 238 minimum: 0.000113ms maximum: 0.181362ms average: 0.011892ms }
1545818184153 GC { size: 90062848bytes used: 48234112bytes duration: 9ms }
1545818184191 GC { size: 90062848bytes used: 51138888bytes duration: 0ms }
1545818184191 GC { size: 90062848bytes used: 51138888bytes duration: 0ms }
1545818184197 GC { size: 88489984bytes used: 37023848bytes duration: 6ms }
1545818184508 GC { size: 93208576bytes used: 57844128bytes duration: 0ms }
1545818184508 GC { size: 93208576bytes used: 57844128bytes duration: 0ms }
1545818184515 GC { size: 92160000bytes used: 37215752bytes duration: 7ms }
1545818185536 GC { size: 92160000bytes used: 41541128bytes duration: 5ms }
1545818186364 eventloop { min: 0.043685ms max: 0.05279ms avg: 0.048046599999999995ms} 
1545818187733 eventloop { min: 0.039061ms max: 0.228795ms avg: 0.0676236ms} 
loop { count: 143 minimum: 0.000123ms maximum: 0.140463ms average: 0.0101224ms }
1545818187832 eventloop { min: 0.031304ms max: 0.175006ms avg: 0.06269759999999999ms} 
1545818186184 GC { size: 88489984bytes used: 40234224bytes duration: 5ms }
1545818187592 GC { size: 88489984bytes used: 42890280bytes duration: 7ms }
1545818187900 GC { size: 88489984bytes used: 45734760bytes duration: 6ms }
1545818186275 GC { size: 96878592bytes used: 44323648bytes duration: 8ms }
1545818187424 GC { size: 100548608bytes used: 47841536bytes duration: 11ms }
1545818187558 GC { size: 100548608bytes used: 57887144bytes duration: 0ms }
1545818187558 GC { size: 100548608bytes used: 57887144bytes duration: 0ms }
1545818187566 GC { size: 92684288bytes used: 37175320bytes duration: 7ms }
1545818189544 GC { size: 89538560bytes used: 48141864bytes duration: 7ms }
1545818189583 GC { size: 89538560bytes used: 51128048bytes duration: 0ms }
1545818189583 GC { size: 89538560bytes used: 51128048bytes duration: 0ms }
1545818189588 GC { size: 89538560bytes used: 37038808bytes duration: 5ms }
loop { count: 214 minimum: 0.00012ms maximum: 0.197615ms average: 0.0131446ms }
1545818189447 GC { size: 92684288bytes used: 41428752bytes duration: 9ms }
1545818189697 GC { size: 92684288bytes used: 44273064bytes duration: 14ms }
loop { count: 254 minimum: 0.000115ms maximum: 0.240646ms average: 0.0114046ms }
1545818191364 eventloop { min: 0.044584ms max: 0.084066ms avg: 0.0521213ms} 
loop { count: 127 minimum: 0.00012ms maximum: 0.134024ms average: 0.0110057ms }
1545818191493 GC { size: 92684288bytes used: 47634624bytes duration: 8ms }
1545818192734 eventloop { min: 0.038493ms max: 9.563796ms avg: 1.0063556999999999ms} 
1545818192832 eventloop { min: 0.026602ms max: 0.106328ms avg: 0.05395890000000001ms} 
1545818192972 GC { size: 89538560bytes used: 40823952bytes duration: 6ms }
1545818193121 GC { size: 89538560bytes used: 42910864bytes duration: 6ms }
loop { count: 216 minimum: 0.000122ms maximum: 0.259196ms average: 0.0131796ms }
1545818192191 GC { size: 92684288bytes used: 57422360bytes duration: 0ms }
1545818192191 GC { size: 92684288bytes used: 57422360bytes duration: 0ms }
1545818192197 GC { size: 92684288bytes used: 37182728bytes duration: 6ms }
loop { count: 195 minimum: 0.000118ms maximum: 0.335494ms average: 0.0150248ms }
1545818195813 GC { size: 89538560bytes used: 45476648bytes duration: 7ms }
1545818194130 GC { size: 92684288bytes used: 41450056bytes duration: 5ms }
1545818196364 eventloop { min: 0.042458ms max: 0.070123ms avg: 0.053021399999999996ms} 
1545818197734 eventloop { min: 0.037692ms max: 0.04362ms avg: 0.04096759999999999ms} 
loop { count: 121 minimum: 0.000122ms maximum: 0.132955ms average: 0.0111266ms }
1545818197832 eventloop { min: 0.028578ms max: 0.070022ms avg: 0.045007399999999996ms} 
1545818196980 GC { size: 90587136bytes used: 48018320bytes duration: 7ms }
1545818197021 GC { size: 91111424bytes used: 52951456bytes duration: 0ms }
1545818197021 GC { size: 91111424bytes used: 52951456bytes duration: 0ms }
1545818197027 GC { size: 89538560bytes used: 37173608bytes duration: 6ms }
1545818196481 GC { size: 92684288bytes used: 44166904bytes duration: 7ms }
1545818196960 GC { size: 92684288bytes used: 47449080bytes duration: 8ms }
1545818198657 GC { size: 89538560bytes used: 40638032bytes duration: 5ms }
1545818199423 GC { size: 89538560bytes used: 43143192bytes duration: 57ms }
loop { count: 213 minimum: 0.000114ms maximum: 0.223286ms average: 0.0137455ms }
1545818199387 GC { size: 92684288bytes used: 58134576bytes duration: 0ms }
1545818199387 GC { size: 92684288bytes used: 58134576bytes duration: 0ms }
1545818199398 GC { size: 91635712bytes used: 37153768bytes duration: 10ms }
loop { count: 201 minimum: 0.000121ms maximum: 0.254582ms average: 0.0145491ms }
